../Core/Src/fatfs_sd.c:62:13:SELECT	8	static
../Core/Src/fatfs_sd.c:68:13:DESELECT	8	static
../Core/Src/fatfs_sd.c:74:13:SPI_TxByte	16	static
../Core/Src/fatfs_sd.c:81:16:SPI_RxByte	24	static
../Core/Src/fatfs_sd.c:94:13:SPI_RxBytePtr	16	static
../Core/Src/fatfs_sd.c:100:16:SD_ReadyWait	16	static
../Core/Src/fatfs_sd.c:119:13:SD_PowerOn	32	static
../Core/Src/fatfs_sd.c:162:13:SD_PowerOff	4	static
../Core/Src/fatfs_sd.c:168:16:SD_CheckPower	4	static
../Core/Src/fatfs_sd.c:175:13:SD_RxDataBlock	24	static
../Core/Src/fatfs_sd.c:207:13:SD_TxDataBlock	24	static
../Core/Src/fatfs_sd.c:258:13:SD_SendCmd	24	static
../Core/Src/fatfs_sd.c:304:9:SD_disk_initialize	32	static
../Core/Src/fatfs_sd.c:407:9:SD_disk_status	16	static
../Core/Src/fatfs_sd.c:416:9:SD_disk_read	24	static
../Core/Src/fatfs_sd.c:460:9:SD_disk_write	24	static
../Core/Src/fatfs_sd.c:515:9:SD_disk_ioctl	56	static
