../Core/Src/File_Handling_RTOS.c:34:6:setPath	24	static
../Core/Src/File_Handling_RTOS.c:40:6:createNewFile	32	static
../Core/Src/File_Handling_RTOS.c:52:6:Send_Uart	16	static
../Core/Src/File_Handling_RTOS.c:59:6:Mount_SD	16	static
../Core/Src/File_Handling_RTOS.c:70:6:Unmount_SD	16	static
../Core/Src/File_Handling_RTOS.c:82:9:Scan_SD	72	static
../Core/Src/File_Handling_RTOS.c:131:9:Format_SD	96	static
../Core/Src/File_Handling_RTOS.c:180:9:Write_File	16	static
../Core/Src/File_Handling_RTOS.c:255:9:Read_File	24	static
../Core/Src/File_Handling_RTOS.c:337:9:Create_File	16	static
../Core/Src/File_Handling_RTOS.c:401:9:Update_File	16	static
../Core/Src/File_Handling_RTOS.c:481:9:Remove_File	16	static
../Core/Src/File_Handling_RTOS.c:522:9:Create_Dir	16	static
../Core/Src/File_Handling_RTOS.c:547:6:Check_SD_Space	8	static
../Core/Src/File_Handling_RTOS.c:567:6:sendDataSD	96	static
