../Core/Src/File_Handling_RTOS.c:40:6:setPath	24	static
../Core/Src/File_Handling_RTOS.c:46:6:createNewFile	32	static
../Core/Src/File_Handling_RTOS.c:58:6:Send_Uart	16	static
../Core/Src/File_Handling_RTOS.c:65:6:Mount_SD	16	static
../Core/Src/File_Handling_RTOS.c:76:6:Unmount_SD	16	static
../Core/Src/File_Handling_RTOS.c:88:9:Scan_SD	72	static
../Core/Src/File_Handling_RTOS.c:137:9:Format_SD	96	static
../Core/Src/File_Handling_RTOS.c:186:9:Write_File	16	static
../Core/Src/File_Handling_RTOS.c:261:9:Read_File	24	static
../Core/Src/File_Handling_RTOS.c:343:9:Create_File	16	static
../Core/Src/File_Handling_RTOS.c:407:9:Update_File	16	static
../Core/Src/File_Handling_RTOS.c:487:9:Remove_File	16	static
../Core/Src/File_Handling_RTOS.c:528:9:Create_Dir	16	static
../Core/Src/File_Handling_RTOS.c:553:6:Check_SD_Space	8	static
../Core/Src/File_Handling_RTOS.c:573:6:sendDataSD	56	static
../Core/Src/File_Handling_RTOS.c:603:5:readCalibrationData	112	static
../Core/Src/File_Handling_RTOS.c:653:5:writeCalibrationData	40	static
