../Core/Src/File_Handling_RTOS.c:33:6:setPath	24	static
../Core/Src/File_Handling_RTOS.c:42:6:createNewFile	32	static
../Core/Src/File_Handling_RTOS.c:57:6:Send_Uart	16	static
../Core/Src/File_Handling_RTOS.c:64:6:Mount_SD	16	static
../Core/Src/File_Handling_RTOS.c:75:6:Unmount_SD	16	static
../Core/Src/File_Handling_RTOS.c:87:9:Scan_SD	72	static
../Core/Src/File_Handling_RTOS.c:136:9:Format_SD	96	static
../Core/Src/File_Handling_RTOS.c:185:9:Write_File	16	static
../Core/Src/File_Handling_RTOS.c:260:9:Read_File	24	static
../Core/Src/File_Handling_RTOS.c:342:9:Create_File	16	static
../Core/Src/File_Handling_RTOS.c:406:9:Update_File	16	static
../Core/Src/File_Handling_RTOS.c:486:9:Remove_File	16	static
../Core/Src/File_Handling_RTOS.c:527:9:Create_Dir	16	static
../Core/Src/File_Handling_RTOS.c:552:6:Check_SD_Space	8	static
