../Core/Src/File_Handling_RTOS.c:40:6:setPath	24	static
../Core/Src/File_Handling_RTOS.c:46:6:createNewFile	128	static
../Core/Src/File_Handling_RTOS.c:87:6:Send_Uart	16	static
../Core/Src/File_Handling_RTOS.c:94:6:Mount_SD	16	static
../Core/Src/File_Handling_RTOS.c:105:6:Unmount_SD	16	static
../Core/Src/File_Handling_RTOS.c:117:9:Scan_SD	72	static
../Core/Src/File_Handling_RTOS.c:166:9:Format_SD	96	static
../Core/Src/File_Handling_RTOS.c:215:9:Write_File	16	static
../Core/Src/File_Handling_RTOS.c:290:9:Read_File	24	static
../Core/Src/File_Handling_RTOS.c:372:9:Create_File	16	static
../Core/Src/File_Handling_RTOS.c:436:9:Update_File	16	static
../Core/Src/File_Handling_RTOS.c:516:9:Remove_File	16	static
../Core/Src/File_Handling_RTOS.c:557:9:Create_Dir	16	static
../Core/Src/File_Handling_RTOS.c:582:6:Check_SD_Space	8	static
../Core/Src/File_Handling_RTOS.c:602:6:sendDataSD	40	static
../Core/Src/File_Handling_RTOS.c:642:5:readCalibrationData	96	static
../Core/Src/File_Handling_RTOS.c:691:5:writeCalibrationData	40	static
