../Core/Src/ssd1306.c:59:6:SSD1306_ScrollRight	16	static
../Core/Src/ssd1306.c:71:6:SSD1306_ScrollLeft	16	static
../Core/Src/ssd1306.c:83:6:SSD1306_Scrolldiagright	16	static
../Core/Src/ssd1306.c:98:6:SSD1306_Scrolldiagleft	16	static
../Core/Src/ssd1306.c:113:6:SSD1306_Stopscroll	8	static
../Core/Src/ssd1306.c:118:6:SSD1306_InvertDisplay	16	static
../Core/Src/ssd1306.c:128:6:SSD1306_DrawBitmap	32	static
../Core/Src/ssd1306.c:154:9:SSD1306_Init	16	static
../Core/Src/ssd1306.c:221:6:SSD1306_UpdateScreen	16	static
../Core/Src/ssd1306.c:237:6:SSD1306_ToggleInvert	16	static
../Core/Src/ssd1306.c:251:6:SSD1306_Fill	16	static
../Core/Src/ssd1306.c:258:6:SSD1306_DrawPixel	16	static
../Core/Src/ssd1306.c:283:6:SSD1306_GotoXY	16	static
../Core/Src/ssd1306.c:290:6:SSD1306_Putc	32	static
../Core/Src/ssd1306.c:329:6:SSD1306_Puts	24	static
../Core/Src/ssd1306.c:349:6:SSD1306_DrawLine	40	static
../Core/Src/ssd1306.c:451:6:SSD1306_DrawRectangle	32	static
../Core/Src/ssd1306.c:478:6:SSD1306_DrawFilledRectangle	40	static
../Core/Src/ssd1306.c:508:6:SSD1306_DrawTriangle	32	static
../Core/Src/ssd1306.c:517:6:SSD1306_DrawFilledTriangle	64	static
../Core/Src/ssd1306.c:586:6:SSD1306_DrawCircle	40	static
../Core/Src/ssd1306.c:623:6:SSD1306_DrawFilledCircle	48	static
../Core/Src/ssd1306.c:658:6:SSD1306_Clear	8	static
../Core/Src/ssd1306.c:663:6:SSD1306_ON	8	static
../Core/Src/ssd1306.c:669:6:SSD1306_OFF	8	static
../Core/Src/ssd1306.c:686:6:ssd1306_I2C_Init	16	static
../Core/Src/ssd1306.c:693:6:ssd1306_I2C_WriteMulti	296	static
../Core/Src/ssd1306.c:704:6:ssd1306_I2C_Write	32	static
