../Core/Src/stm32f4xx_it.c:57:6:SDTimer_Handler	4	static
../Core/Src/stm32f4xx_it.c:82:6:NMI_Handler	4	static
../Core/Src/stm32f4xx_it.c:97:6:HardFault_Handler	4	static
../Core/Src/stm32f4xx_it.c:112:6:MemManage_Handler	4	static
../Core/Src/stm32f4xx_it.c:127:6:BusFault_Handler	4	static
../Core/Src/stm32f4xx_it.c:142:6:UsageFault_Handler	4	static
../Core/Src/stm32f4xx_it.c:157:6:DebugMon_Handler	4	static
../Core/Src/stm32f4xx_it.c:177:6:TIM3_IRQHandler	8	static
../Core/Src/stm32f4xx_it.c:196:6:DMA2_Stream2_IRQHandler	8	static
../Core/Src/stm32f4xx_it.c:210:6:OTG_FS_IRQHandler	8	static
