../Core/Src/stm32f4xx_it.c:57:6:SDTimer_Handler	4	static
../Core/Src/stm32f4xx_it.c:85:6:NMI_Handler	4	static
../Core/Src/stm32f4xx_it.c:100:6:HardFault_Handler	4	static
../Core/Src/stm32f4xx_it.c:115:6:MemManage_Handler	4	static
../Core/Src/stm32f4xx_it.c:130:6:BusFault_Handler	4	static
../Core/Src/stm32f4xx_it.c:145:6:UsageFault_Handler	4	static
../Core/Src/stm32f4xx_it.c:160:6:DebugMon_Handler	4	static
../Core/Src/stm32f4xx_it.c:180:6:TIM3_IRQHandler	8	static
../Core/Src/stm32f4xx_it.c:199:6:SDIO_IRQHandler	8	static
../Core/Src/stm32f4xx_it.c:213:6:DMA2_Stream2_IRQHandler	8	static
../Core/Src/stm32f4xx_it.c:227:6:DMA2_Stream3_IRQHandler	8	static
../Core/Src/stm32f4xx_it.c:241:6:OTG_FS_IRQHandler	8	static
../Core/Src/stm32f4xx_it.c:255:6:DMA2_Stream6_IRQHandler	8	static
