../Core/Src/travelSensor.c:118:6:startAdcDma	8	static
../Core/Src/travelSensor.c:128:6:stopAdcDma	8	static
../Core/Src/travelSensor.c:136:5:travelPressureSensorCalibration	16	static
../Core/Src/travelSensor.c:186:6:processData	16	static
../Core/Src/travelSensor.c:192:6:processDataSag	40	static
../Core/Src/travelSensor.c:231:6:HAL_ADC_ConvHalfCpltCallback	16	static
../Core/Src/travelSensor.c:238:6:HAL_ADC_ConvCpltCallback	16	static
../Core/Src/travelSensor.c:254:6:floatToStringTravel	48	static
../Core/Src/travelSensor.c:269:14:convertAdcToTravel	16	static
../Core/Src/travelSensor.c:291:13:normalizeTravelData	32	static
