../Core/Src/travelSensor.c:119:6:startAdcDma	8	static
../Core/Src/travelSensor.c:129:6:stopAdcDma	8	static
../Core/Src/travelSensor.c:137:5:travelPressureSensorCalibration	16	static
../Core/Src/travelSensor.c:182:6:processData	16	static
../Core/Src/travelSensor.c:188:6:processDataSag	24	static
../Core/Src/travelSensor.c:216:6:HAL_ADC_ConvHalfCpltCallback	16	static
../Core/Src/travelSensor.c:223:6:HAL_ADC_ConvCpltCallback	16	static
../Core/Src/travelSensor.c:240:16:convertAdcToTravel	16	static
../Core/Src/travelSensor.c:247:16:convertAdcToPressure	16	static
../Core/Src/travelSensor.c:255:16:convertAdcToBrakeForce	16	static
../Core/Src/travelSensor.c:260:13:normalizeTravelData	24	static
