../Drivers/STM32F4xx_HAL_Driver/Src/stm32f4xx_ll_sdmmc.c:207:19:SDIO_Init	24	static
../Drivers/STM32F4xx_HAL_Driver/Src/stm32f4xx_ll_sdmmc.c:260:10:SDIO_ReadFIFO	16	static
../Drivers/STM32F4xx_HAL_Driver/Src/stm32f4xx_ll_sdmmc.c:272:19:SDIO_WriteFIFO	16	static
../Drivers/STM32F4xx_HAL_Driver/Src/stm32f4xx_ll_sdmmc.c:304:19:SDIO_PowerState_ON	16	static
../Drivers/STM32F4xx_HAL_Driver/Src/stm32f4xx_ll_sdmmc.c:317:19:SDIO_PowerState_OFF	16	static
../Drivers/STM32F4xx_HAL_Driver/Src/stm32f4xx_ll_sdmmc.c:334:10:SDIO_GetPowerState	16	static
../Drivers/STM32F4xx_HAL_Driver/Src/stm32f4xx_ll_sdmmc.c:347:19:SDIO_SendCommand	24	static
../Drivers/STM32F4xx_HAL_Driver/Src/stm32f4xx_ll_sdmmc.c:377:9:SDIO_GetCommandResponse	16	static
../Drivers/STM32F4xx_HAL_Driver/Src/stm32f4xx_ll_sdmmc.c:394:10:SDIO_GetResponse	24	static
../Drivers/STM32F4xx_HAL_Driver/Src/stm32f4xx_ll_sdmmc.c:415:19:SDIO_ConfigData	24	static
../Drivers/STM32F4xx_HAL_Driver/Src/stm32f4xx_ll_sdmmc.c:450:10:SDIO_GetDataCounter	16	static
../Drivers/STM32F4xx_HAL_Driver/Src/stm32f4xx_ll_sdmmc.c:460:10:SDIO_GetFIFOCount	16	static
../Drivers/STM32F4xx_HAL_Driver/Src/stm32f4xx_ll_sdmmc.c:474:19:SDIO_SetSDMMCReadWaitMode	16	static
../Drivers/STM32F4xx_HAL_Driver/Src/stm32f4xx_ll_sdmmc.c:509:10:SDMMC_CmdBlockLength	40	static
../Drivers/STM32F4xx_HAL_Driver/Src/stm32f4xx_ll_sdmmc.c:533:10:SDMMC_CmdReadSingleBlock	40	static
../Drivers/STM32F4xx_HAL_Driver/Src/stm32f4xx_ll_sdmmc.c:557:10:SDMMC_CmdReadMultiBlock	40	static
../Drivers/STM32F4xx_HAL_Driver/Src/stm32f4xx_ll_sdmmc.c:581:10:SDMMC_CmdWriteSingleBlock	40	static
../Drivers/STM32F4xx_HAL_Driver/Src/stm32f4xx_ll_sdmmc.c:605:10:SDMMC_CmdWriteMultiBlock	40	static
../Drivers/STM32F4xx_HAL_Driver/Src/stm32f4xx_ll_sdmmc.c:629:10:SDMMC_CmdSDEraseStartAdd	40	static
../Drivers/STM32F4xx_HAL_Driver/Src/stm32f4xx_ll_sdmmc.c:653:10:SDMMC_CmdSDEraseEndAdd	40	static
../Drivers/STM32F4xx_HAL_Driver/Src/stm32f4xx_ll_sdmmc.c:677:10:SDMMC_CmdEraseStartAdd	40	static
../Drivers/STM32F4xx_HAL_Driver/Src/stm32f4xx_ll_sdmmc.c:701:10:SDMMC_CmdEraseEndAdd	40	static
../Drivers/STM32F4xx_HAL_Driver/Src/stm32f4xx_ll_sdmmc.c:725:10:SDMMC_CmdErase	40	static
../Drivers/STM32F4xx_HAL_Driver/Src/stm32f4xx_ll_sdmmc.c:749:10:SDMMC_CmdStopTransfer	40	static
../Drivers/STM32F4xx_HAL_Driver/Src/stm32f4xx_ll_sdmmc.c:774:10:SDMMC_CmdSelDesel	48	static
../Drivers/STM32F4xx_HAL_Driver/Src/stm32f4xx_ll_sdmmc.c:798:10:SDMMC_CmdGoIdleState	40	static
../Drivers/STM32F4xx_HAL_Driver/Src/stm32f4xx_ll_sdmmc.c:821:10:SDMMC_CmdOperCond	40	static
../Drivers/STM32F4xx_HAL_Driver/Src/stm32f4xx_ll_sdmmc.c:852:10:SDMMC_CmdAppCommand	40	static
../Drivers/STM32F4xx_HAL_Driver/Src/stm32f4xx_ll_sdmmc.c:880:10:SDMMC_CmdAppOperCommand	40	static
../Drivers/STM32F4xx_HAL_Driver/Src/stm32f4xx_ll_sdmmc.c:904:10:SDMMC_CmdBusWidth	40	static
../Drivers/STM32F4xx_HAL_Driver/Src/stm32f4xx_ll_sdmmc.c:927:10:SDMMC_CmdSendSCR	40	static
../Drivers/STM32F4xx_HAL_Driver/Src/stm32f4xx_ll_sdmmc.c:951:10:SDMMC_CmdSendCID	40	static
../Drivers/STM32F4xx_HAL_Driver/Src/stm32f4xx_ll_sdmmc.c:976:10:SDMMC_CmdSendCSD	40	static
../Drivers/STM32F4xx_HAL_Driver/Src/stm32f4xx_ll_sdmmc.c:1001:10:SDMMC_CmdSetRelAdd	40	static
../Drivers/STM32F4xx_HAL_Driver/Src/stm32f4xx_ll_sdmmc.c:1026:10:SDMMC_CmdSetRelAddMmc	40	static
../Drivers/STM32F4xx_HAL_Driver/Src/stm32f4xx_ll_sdmmc.c:1051:10:SDMMC_CmdSendStatus	40	static
../Drivers/STM32F4xx_HAL_Driver/Src/stm32f4xx_ll_sdmmc.c:1074:10:SDMMC_CmdStatusRegister	40	static
../Drivers/STM32F4xx_HAL_Driver/Src/stm32f4xx_ll_sdmmc.c:1099:10:SDMMC_CmdOpCondition	40	static
../Drivers/STM32F4xx_HAL_Driver/Src/stm32f4xx_ll_sdmmc.c:1123:10:SDMMC_CmdSwitch	40	static
../Drivers/STM32F4xx_HAL_Driver/Src/stm32f4xx_ll_sdmmc.c:1149:10:SDMMC_CmdSendEXTCSD	40	static
../Drivers/STM32F4xx_HAL_Driver/Src/stm32f4xx_ll_sdmmc.c:1191:10:SDMMC_GetCmdResp1	40	static
../Drivers/STM32F4xx_HAL_Driver/Src/stm32f4xx_ll_sdmmc.c:1326:10:SDMMC_GetCmdResp2	24	static
../Drivers/STM32F4xx_HAL_Driver/Src/stm32f4xx_ll_sdmmc.c:1370:10:SDMMC_GetCmdResp3	24	static
../Drivers/STM32F4xx_HAL_Driver/Src/stm32f4xx_ll_sdmmc.c:1410:10:SDMMC_GetCmdResp6	40	static
../Drivers/STM32F4xx_HAL_Driver/Src/stm32f4xx_ll_sdmmc.c:1483:10:SDMMC_GetCmdResp7	24	static
../Drivers/STM32F4xx_HAL_Driver/Src/stm32f4xx_ll_sdmmc.c:1543:17:SDMMC_GetCmdError	24	static
