Archive member included to satisfy reference by file (symbol)

C:/ST/STM32CubeIDE_1.12.1/STM32CubeIDE/plugins/com.st.stm32cube.ide.mcu.externaltools.gnu-tools-for-stm32.11.3.rel1.win32_1.1.0.202305231506/tools/bin/../lib/gcc/arm-none-eabi/11.3.1/../../../../arm-none-eabi/lib/thumb/v7e-m+fp/hard\libc_nano.a(libc_a-exit.o)
                              C:/ST/STM32CubeIDE_1.12.1/STM32CubeIDE/plugins/com.st.stm32cube.ide.mcu.externaltools.gnu-tools-for-stm32.11.3.rel1.win32_1.1.0.202305231506/tools/bin/../lib/gcc/arm-none-eabi/11.3.1/../../../../arm-none-eabi/lib/thumb/v7e-m+fp/hard/crt0.o (exit)
C:/ST/STM32CubeIDE_1.12.1/STM32CubeIDE/plugins/com.st.stm32cube.ide.mcu.externaltools.gnu-tools-for-stm32.11.3.rel1.win32_1.1.0.202305231506/tools/bin/../lib/gcc/arm-none-eabi/11.3.1/../../../../arm-none-eabi/lib/thumb/v7e-m+fp/hard\libc_nano.a(libc_a-nano-vfprintf_float.o)
                              (_printf_float)
C:/ST/STM32CubeIDE_1.12.1/STM32CubeIDE/plugins/com.st.stm32cube.ide.mcu.externaltools.gnu-tools-for-stm32.11.3.rel1.win32_1.1.0.202305231506/tools/bin/../lib/gcc/arm-none-eabi/11.3.1/../../../../arm-none-eabi/lib/thumb/v7e-m+fp/hard\libc_nano.a(libc_a-nano-vfprintf_i.o)
                              C:/ST/STM32CubeIDE_1.12.1/STM32CubeIDE/plugins/com.st.stm32cube.ide.mcu.externaltools.gnu-tools-for-stm32.11.3.rel1.win32_1.1.0.202305231506/tools/bin/../lib/gcc/arm-none-eabi/11.3.1/../../../../arm-none-eabi/lib/thumb/v7e-m+fp/hard\libc_nano.a(libc_a-nano-vfprintf_float.o) (_printf_common)
C:/ST/STM32CubeIDE_1.12.1/STM32CubeIDE/plugins/com.st.stm32cube.ide.mcu.externaltools.gnu-tools-for-stm32.11.3.rel1.win32_1.1.0.202305231506/tools/bin/../lib/gcc/arm-none-eabi/11.3.1/../../../../arm-none-eabi/lib/thumb/v7e-m+fp/hard\libc_nano.a(libc_a-findfp.o)
                              ./Middlewares/Third_Party/FreeRTOS/Source/tasks.o (__sf)
C:/ST/STM32CubeIDE_1.12.1/STM32CubeIDE/plugins/com.st.stm32cube.ide.mcu.externaltools.gnu-tools-for-stm32.11.3.rel1.win32_1.1.0.202305231506/tools/bin/../lib/gcc/arm-none-eabi/11.3.1/../../../../arm-none-eabi/lib/thumb/v7e-m+fp/hard\libc_nano.a(libc_a-fwalk.o)
                              C:/ST/STM32CubeIDE_1.12.1/STM32CubeIDE/plugins/com.st.stm32cube.ide.mcu.externaltools.gnu-tools-for-stm32.11.3.rel1.win32_1.1.0.202305231506/tools/bin/../lib/gcc/arm-none-eabi/11.3.1/../../../../arm-none-eabi/lib/thumb/v7e-m+fp/hard\libc_nano.a(libc_a-findfp.o) (_fwalk_sglue)
C:/ST/STM32CubeIDE_1.12.1/STM32CubeIDE/plugins/com.st.stm32cube.ide.mcu.externaltools.gnu-tools-for-stm32.11.3.rel1.win32_1.1.0.202305231506/tools/bin/../lib/gcc/arm-none-eabi/11.3.1/../../../../arm-none-eabi/lib/thumb/v7e-m+fp/hard\libc_nano.a(libc_a-printf.o)
                              ./Core/Src/menu.o (printf)
C:/ST/STM32CubeIDE_1.12.1/STM32CubeIDE/plugins/com.st.stm32cube.ide.mcu.externaltools.gnu-tools-for-stm32.11.3.rel1.win32_1.1.0.202305231506/tools/bin/../lib/gcc/arm-none-eabi/11.3.1/../../../../arm-none-eabi/lib/thumb/v7e-m+fp/hard\libc_nano.a(libc_a-puts.o)
                              ./Core/Src/freertos.o (puts)
C:/ST/STM32CubeIDE_1.12.1/STM32CubeIDE/plugins/com.st.stm32cube.ide.mcu.externaltools.gnu-tools-for-stm32.11.3.rel1.win32_1.1.0.202305231506/tools/bin/../lib/gcc/arm-none-eabi/11.3.1/../../../../arm-none-eabi/lib/thumb/v7e-m+fp/hard\libc_nano.a(libc_a-sprintf.o)
                              ./Core/Src/File_Handling_RTOS.o (sprintf)
C:/ST/STM32CubeIDE_1.12.1/STM32CubeIDE/plugins/com.st.stm32cube.ide.mcu.externaltools.gnu-tools-for-stm32.11.3.rel1.win32_1.1.0.202305231506/tools/bin/../lib/gcc/arm-none-eabi/11.3.1/../../../../arm-none-eabi/lib/thumb/v7e-m+fp/hard\libc_nano.a(libc_a-stdio.o)
                              C:/ST/STM32CubeIDE_1.12.1/STM32CubeIDE/plugins/com.st.stm32cube.ide.mcu.externaltools.gnu-tools-for-stm32.11.3.rel1.win32_1.1.0.202305231506/tools/bin/../lib/gcc/arm-none-eabi/11.3.1/../../../../arm-none-eabi/lib/thumb/v7e-m+fp/hard\libc_nano.a(libc_a-findfp.o) (__sread)
C:/ST/STM32CubeIDE_1.12.1/STM32CubeIDE/plugins/com.st.stm32cube.ide.mcu.externaltools.gnu-tools-for-stm32.11.3.rel1.win32_1.1.0.202305231506/tools/bin/../lib/gcc/arm-none-eabi/11.3.1/../../../../arm-none-eabi/lib/thumb/v7e-m+fp/hard\libc_nano.a(libc_a-wbuf.o)
                              C:/ST/STM32CubeIDE_1.12.1/STM32CubeIDE/plugins/com.st.stm32cube.ide.mcu.externaltools.gnu-tools-for-stm32.11.3.rel1.win32_1.1.0.202305231506/tools/bin/../lib/gcc/arm-none-eabi/11.3.1/../../../../arm-none-eabi/lib/thumb/v7e-m+fp/hard\libc_nano.a(libc_a-puts.o) (__swbuf_r)
C:/ST/STM32CubeIDE_1.12.1/STM32CubeIDE/plugins/com.st.stm32cube.ide.mcu.externaltools.gnu-tools-for-stm32.11.3.rel1.win32_1.1.0.202305231506/tools/bin/../lib/gcc/arm-none-eabi/11.3.1/../../../../arm-none-eabi/lib/thumb/v7e-m+fp/hard\libc_nano.a(libc_a-wsetup.o)
[...]
Memory Configuration

Name             Origin             Length             Attributes
RAM              0x0000000020000000 0x0000000000020000 xrw
FLASH            0x0000000008000000 0x0000000000080000 xr
*default*        0x0000000000000000 0xffffffffffffffff

Linker script and memory map

LOAD C:/ST/STM32CubeIDE_1.12.1/STM32CubeIDE/plugins/com.st.stm32cube.ide.mcu.externaltools.gnu-tools-for-stm32.11.3.rel1.win32_1.1.0.202305231506/tools/bin/../lib/gcc/arm-none-eabi/11.3.1/thumb/v7e-m+fp/hard/crti.o
LOAD C:/ST/STM32CubeIDE_1.12.1/STM32CubeIDE/plugins/com.st.stm32cube.ide.mcu.externaltools.gnu-tools-for-stm32.11.3.rel1.win32_1.1.0.202305231506/tools/bin/../lib/gcc/arm-none-eabi/11.3.1/thumb/v7e-m+fp/hard/crtbegin.o
LOAD C:/ST/STM32CubeIDE_1.12.1/STM32CubeIDE/plugins/com.st.stm32cube.ide.mcu.externaltools.gnu-tools-for-stm32.11.3.rel1.win32_1.1.0.202305231506/tools/bin/../lib/gcc/arm-none-eabi/11.3.1/../../../../arm-none-eabi/lib/thumb/v7e-m+fp/hard/crt0.o
LOAD ./Core/Src/File_Handling_RTOS.o
LOAD ./Core/Src/adc.o
LOAD ./Core/Src/button.o
LOAD ./Core/Src/dma.o
LOAD ./Core/Src/fatfs_sd.o
LOAD ./Core/Src/freertos.o
LOAD ./Core/Src/gpio.o
LOAD ./Core/Src/main.o
LOAD ./Core/Src/menu.o
LOAD ./Core/Src/spi.o
LOAD ./Core/Src/stm32f4xx_hal_msp.o
LOAD ./Core/Src/stm32f4xx_hal_timebase_tim.o
LOAD ./Core/Src/stm32f4xx_it.o
LOAD ./Core/Src/syscalls.o
LOAD ./Core/Src/sysmem.o
LOAD ./Core/Src/system_stm32f4xx.o
LOAD ./Core/Src/tim.o
LOAD ./Core/Src/travelSensor.o
LOAD ./Core/Src/usart.o
LOAD ./Core/Startup/startup_stm32f446retx.o
LOAD ./Drivers/STM32F4xx_HAL_Driver/Src/stm32f4xx_hal.o
LOAD ./Drivers/STM32F4xx_HAL_Driver/Src/stm32f4xx_hal_adc.o
LOAD ./Drivers/STM32F4xx_HAL_Driver/Src/stm32f4xx_hal_adc_ex.o
LOAD ./Drivers/STM32F4xx_HAL_Driver/Src/stm32f4xx_hal_cortex.o
LOAD ./Drivers/STM32F4xx_HAL_Driver/Src/stm32f4xx_hal_dma.o
LOAD ./Drivers/STM32F4xx_HAL_Driver/Src/stm32f4xx_hal_dma_ex.o
LOAD ./Drivers/STM32F4xx_HAL_Driver/Src/stm32f4xx_hal_exti.o
LOAD ./Drivers/STM32F4xx_HAL_Driver/Src/stm32f4xx_hal_flash.o
LOAD ./Drivers/STM32F4xx_HAL_Driver/Src/stm32f4xx_hal_flash_ex.o
LOAD ./Drivers/STM32F4xx_HAL_Driver/Src/stm32f4xx_hal_flash_ramfunc.o
LOAD ./Drivers/STM32F4xx_HAL_Driver/Src/stm32f4xx_hal_gpio.o
LOAD ./Drivers/STM32F4xx_HAL_Driver/Src/stm32f4xx_hal_pwr.o
LOAD ./Drivers/STM32F4xx_HAL_Driver/Src/stm32f4xx_hal_pwr_ex.o
LOAD ./Drivers/STM32F4xx_HAL_Driver/Src/stm32f4xx_hal_rcc.o
LOAD ./Drivers/STM32F4xx_HAL_Driver/Src/stm32f4xx_hal_rcc_ex.o
LOAD ./Drivers/STM32F4xx_HAL_Driver/Src/stm32f4xx_hal_spi.o
LOAD ./Drivers/STM32F4xx_HAL_Driver/Src/stm32f4xx_hal_tim.o
LOAD ./Drivers/STM32F4xx_HAL_Driver/Src/stm32f4xx_hal_tim_ex.o
LOAD ./Drivers/STM32F4xx_HAL_Driver/Src/stm32f4xx_hal_uart.o
LOAD ./Drivers/STM32F4xx_HAL_Driver/Src/stm32f4xx_ll_adc.o
LOAD ./FATFS/App/fatfs.o
LOAD ./FATFS/Target/user_diskio.o
LOAD ./Middlewares/Third_Party/FatFs/src/diskio.o
LOAD ./Middlewares/Third_Party/FatFs/src/ff.o
LOAD ./Middlewares/Third_Party/FatFs/src/ff_gen_drv.o
LOAD ./Middlewares/Third_Party/FatFs/src/option/syscall.o
LOAD ./Middlewares/Third_Party/FreeRTOS/Source/CMSIS_RTOS/cmsis_os.o
LOAD ./Middlewares/Third_Party/FreeRTOS/Source/croutine.o
LOAD ./Middlewares/Third_Party/FreeRTOS/Source/event_groups.o
LOAD ./Middlewares/Third_Party/FreeRTOS/Source/list.o
LOAD ./Middlewares/Third_Party/FreeRTOS/Source/queue.o
LOAD ./Middlewares/Third_Party/FreeRTOS/Source/stream_buffer.o
LOAD ./Middlewares/Third_Party/FreeRTOS/Source/tasks.o
LOAD ./Middlewares/Third_Party/FreeRTOS/Source/timers.o
LOAD ./Middlewares/Third_Party/FreeRTOS/Source/portable/GCC/ARM_CM4F/port.o
LOAD ./Middlewares/Third_Party/FreeRTOS/Source/portable/MemMang/heap_4.o
START GROUP
LOAD C:/ST/STM32CubeIDE_1.12.1/STM32CubeIDE/plugins/com.st.stm32cube.ide.mcu.externaltools.gnu-tools-for-stm32.11.3.rel1.win32_1.1.0.202305231506/tools/bin/../lib/gcc/arm-none-eabi/11.3.1/../../../../arm-none-eabi/lib/thumb/v7e-m+fp/hard\libc_nano.a
LOAD C:/ST/STM32CubeIDE_1.12.1/STM32CubeIDE/plugins/com.st.stm32cube.ide.mcu.externaltools.gnu-tools-for-stm32.11.3.rel1.win32_1.1.0.202305231506/tools/bin/../lib/gcc/arm-none-eabi/11.3.1/../../../../arm-none-eabi/lib/thumb/v7e-m+fp/hard\libm.a
END GROUP
START GROUP
LOAD C:/ST/STM32CubeIDE_1.12.1/STM32CubeIDE/plugins/com.st.stm32cube.ide.mcu.externaltools.gnu-tools-for-stm32.11.3.rel1.win32_1.1.0.202305231506/tools/bin/../lib/gcc/arm-none-eabi/11.3.1/thumb/v7e-m+fp/hard\libgcc.a
LOAD C:/ST/STM32CubeIDE_1.12.1/STM32CubeIDE/plugins/com.st.stm32cube.ide.mcu.externaltools.gnu-tools-for-stm32.11.3.rel1.win32_1.1.0.202305231506/tools/bin/../lib/gcc/arm-none-eabi/11.3.1/../../../../arm-none-eabi/lib/thumb/v7e-m+fp/hard\libc_nano.a
END GROUP
START GROUP
LOAD C:/ST/STM32CubeIDE_1.12.1/STM32CubeIDE/plugins/com.st.stm32cube.ide.mcu.externaltools.gnu-tools-for-stm32.11.3.rel1.win32_1.1.0.202305231506/tools/bin/../lib/gcc/arm-none-eabi/11.3.1/thumb/v7e-m+fp/hard\libgcc.a
LOAD C:/ST/STM32CubeIDE_1.12.1/STM32CubeIDE/plugins/com.st.stm32cube.ide.mcu.externaltools.gnu-tools-for-stm32.11.3.rel1.win32_1.1.0.202305231506/tools/bin/../lib/gcc/arm-none-eabi/11.3.1/../../../../arm-none-eabi/lib/thumb/v7e-m+fp/hard\libc_nano.a
LOAD C:/ST/STM32CubeIDE_1.12.1/STM32CubeIDE/plugins/com.st.stm32cube.ide.mcu.externaltools.gnu-tools-for-stm32.11.3.rel1.win32_1.1.0.202305231506/tools/bin/../lib/gcc/arm-none-eabi/11.3.1/../../../../arm-none-eabi/lib/thumb/v7e-m+fp/hard\libnosys.a
END GROUP
START GROUP
LOAD C:/ST/STM32CubeIDE_1.12.1/STM32CubeIDE/plugins/com.st.stm32cube.ide.mcu.externaltools.gnu-tools-for-stm32.11.3.rel1.win32_1.1.0.202305231506/tools/bin/../lib/gcc/arm-none-eabi/11.3.1/thumb/v7e-m+fp/hard\libgcc.a
LOAD C:/ST/STM32CubeIDE_1.12.1/STM32CubeIDE/plugins/com.st.stm32cube.ide.mcu.externaltools.gnu-tools-for-stm32.11.3.rel1.win32_1.1.0.202305231506/tools/bin/../lib/gcc/arm-none-eabi/11.3.1/../../../../arm-none-eabi/lib/thumb/v7e-m+fp/hard\libc_nano.a
LOAD C:/ST/STM32CubeIDE_1.12.1/STM32CubeIDE/plugins/com.st.stm32cube.ide.mcu.externaltools.gnu-tools-for-stm32.11.3.rel1.win32_1.1.0.202305231506/tools/bin/../lib/gcc/arm-none-eabi/11.3.1/../../../../arm-none-eabi/lib/thumb/v7e-m+fp/hard\libnosys.a
END GROUP
LOAD C:/ST/STM32CubeIDE_1.12.1/STM32CubeIDE/plugins/com.st.stm32cube.ide.mcu.externaltools.gnu-tools-for-stm32.11.3.rel1.win32_1.1.0.202305231506/tools/bin/../lib/gcc/arm-none-eabi/11.3.1/thumb/v7e-m+fp/hard/crtend.o
LOAD C:/ST/STM32CubeIDE_1.12.1/STM32CubeIDE/plugins/com.st.stm32cube.ide.mcu.externaltools.gnu-tools-for-stm32.11.3.rel1.win32_1.1.0.202305231506/tools/bin/../lib/gcc/arm-none-eabi/11.3.1/thumb/v7e-m+fp/hard/crtn.o
                0x0000000020020000                _estack = (ORIGIN (RAM) + LENGTH (RAM))
                0x0000000000000200                _Min_Heap_Size = 0x200
                0x0000000000000400                _Min_Stack_Size = 0x400

.isr_vector     0x0000000008000000      0x1c4
                0x0000000008000000                . = ALIGN (0x4)
 *(.isr_vector)
 .isr_vector    0x0000000008000000      0x1c4 ./Core/Startup/startup_stm32f446retx.o
                0x0000000008000000                g_pfnVectors
                0x00000000080001c4                . = ALIGN (0x4)

.text           0x00000000080001d0     0xffd4
                0x00000000080001d0                . = ALIGN (0x4)
 *(.text)
 .text          0x00000000080001d0       0x40 C:/ST/STM32CubeIDE_1.12.1/STM32CubeIDE/plugins/com.st.stm32cube.ide.mcu.externaltools.gnu-tools-for-stm32.11.3.rel1.win32_1.1.0.202305231506/tools/bin/../lib/gcc/arm-none-eabi/11.3.1/thumb/v7e-m+fp/hard/crtbegin.o
 .text          0x0000000008000210       0x14 C:/ST/STM32CubeIDE_1.12.1/STM32CubeIDE/plugins/com.st.stm32cube.ide.mcu.externaltools.gnu-tools-for-stm32.11.3.rel1.win32_1.1.0.202305231506/tools/bin/../lib/gcc/arm-none-eabi/11.3.1/../../../../arm-none-eabi/lib/thumb/v7e-m+fp/hard\libc_nano.a(libc_a-strcmp.o)
                0x0000000008000210                strcmp
 *fill*         0x0000000008000224        0xc 
 .text          0x0000000008000230       0xa0 C:/ST/STM32CubeIDE_1.12.1/STM32CubeIDE/plugins/com.st.stm32cube.ide.mcu.externaltools.gnu-tools-for-stm32.11.3.rel1.win32_1.1.0.202305231506/tools/bin/../lib/gcc/arm-none-eabi/11.3.1/../../../../arm-none-eabi/lib/thumb/v7e-m+fp/hard\libc_nano.a(libc_a-memchr.o)
                0x0000000008000230                memchr
 .text          0x00000000080002d0       0x10 C:/ST/STM32CubeIDE_1.12.1/STM32CubeIDE/plugins/com.st.stm32cube.ide.mcu.externaltools.gnu-tools-for-stm32.11.3.rel1.win32_1.1.0.202305231506/tools/bin/../lib/gcc/arm-none-eabi/11.3.1/../../../../arm-none-eabi/lib/thumb/v7e-m+fp/hard\libc_nano.a(libc_a-strlen.o)
                0x00000000080002d0                strlen
 .text          0x00000000080002e0      0x378 C:/ST/STM32CubeIDE_1.12.1/STM32CubeIDE/plugins/com.st.stm32cube.ide.mcu.externaltools.gnu-tools-for-stm32.11.3.rel1.win32_1.1.0.202305231506/tools/bin/../lib/gcc/arm-none-eabi/11.3.1/thumb/v7e-m+fp/hard\libgcc.a(_arm_addsubdf3.o)
                0x00000000080002e0                __aeabi_drsub
                0x00000000080002e8                __aeabi_dsub
                0x00000000080002e8                __subdf3
                0x00000000080002ec                __aeabi_dadd
                0x00000000080002ec                __adddf3
                0x0000000008000564                __floatunsidf
                0x0000000008000564                __aeabi_ui2d
                0x0000000008000584                __floatsidf
                0x0000000008000584                __aeabi_i2d
                0x00000000080005a8                __aeabi_f2d
                0x00000000080005a8                __extendsfdf2
                0x00000000080005ec                __floatundidf
                0x00000000080005ec                __aeabi_ul2d
                0x00000000080005fc                __floatdidf
                0x00000000080005fc                __aeabi_l2d
 .text          0x0000000008000658      0x424 C:/ST/STM32CubeIDE_1.12.1/STM32CubeIDE/plugins/com.st.stm32cube.ide.mcu.externaltools.gnu-tools-for-stm32.11.3.rel1.win32_1.1.0.202305231506/tools/bin/../lib/gcc/arm-none-eabi/11.3.1/thumb/v7e-m+fp/hard\libgcc.a(_arm_muldivdf3.o)
                0x0000000008000658                __aeabi_dmul
                0x0000000008000658                __muldf3
                0x00000000080008ac                __divdf3
                0x00000000080008ac                __aeabi_ddiv
 .text          0x0000000008000a7c      0x110 C:/ST/STM32CubeIDE_1.12.1/STM32CubeIDE/plugins/com.st.stm32cube.ide.mcu.externaltools.gnu-tools-for-stm32.11.3.rel1.win32_1.1.0.202305231506/tools/bin/../lib/gcc/arm-none-eabi/11.3.1/thumb/v7e-m+fp/hard\libgcc.a(_arm_cmpdf2.o)
                0x0000000008000a7c                __gtdf2
                0x0000000008000a7c                __gedf2
                0x0000000008000a84                __ltdf2
                0x0000000008000a84                __ledf2
                0x0000000008000a8c                __nedf2
                0x0000000008000a8c                __eqdf2
                0x0000000008000a8c                __cmpdf2
                0x0000000008000b08                __aeabi_cdrcmple
                0x0000000008000b18                __aeabi_cdcmpeq
                0x0000000008000b18                __aeabi_cdcmple
                0x0000000008000b28                __aeabi_dcmpeq
                0x0000000008000b3c                __aeabi_dcmplt
                0x0000000008000b50                __aeabi_dcmple
                0x0000000008000b64                __aeabi_dcmpge
                0x0000000008000b78                __aeabi_dcmpgt
 .text          0x0000000008000b8c       0x2c C:/ST/STM32CubeIDE_1.12.1/STM32CubeIDE/plugins/com.st.stm32cube.ide.mcu.externaltools.gnu-tools-for-stm32.11.3.rel1.win32_1.1.0.202305231506/tools/bin/../lib/gcc/arm-none-eabi/11.3.1/thumb/v7e-m+fp/hard\libgcc.a(_arm_unorddf2.o)
                0x0000000008000b8c                __unorddf2
                0x0000000008000b8c                __aeabi_dcmpun
 .text          0x0000000008000bb8       0x50 C:/ST/STM32CubeIDE_1.12.1/STM32CubeIDE/plugins/com.st.stm32cube.ide.mcu.externaltools.gnu-tools-for-stm32.11.3.rel1.win32_1.1.0.202305231506/tools/bin/../lib/gcc/arm-none-eabi/11.3.1/thumb/v7e-m+fp/hard\libgcc.a(_arm_fixdfsi.o)
                0x0000000008000bb8                __aeabi_d2iz
                0x0000000008000bb8                __fixdfsi
 .text          0x0000000008000c08       0x30 C:/ST/STM32CubeIDE_1.12.1/STM32CubeIDE/plugins/com.st.stm32cube.ide.mcu.externaltools.gnu-tools-for-stm32.11.3.rel1.win32_1.1.0.202305231506/tools/bin/../lib/gcc/arm-none-eabi/11.3.1/thumb/v7e-m+fp/hard\libgcc.a(_aeabi_uldivmod.o)
                0x0000000008000c08                __aeabi_uldivmod
 .text          0x0000000008000c38      0x2c8 C:/ST/STM32CubeIDE_1.12.1/STM32CubeIDE/plugins/com.st.stm32cube.ide.mcu.externaltools.gnu-tools-for-stm32.11.3.rel1.win32_1.1.0.202305231506/tools/bin/../lib/gcc/arm-none-eabi/11.3.1/thumb/v7e-m+fp/hard\libgcc.a(_udivmoddi4.o)
                0x0000000008000c38                __udivmoddi4
 .text          0x0000000008000f00        0x4 C:/ST/STM32CubeIDE_1.12.1/STM32CubeIDE/plugins/com.st.stm32cube.ide.mcu.externaltools.gnu-tools-for-stm32.11.3.rel1.win32_1.1.0.202305231506/tools/bin/../lib/gcc/arm-none-eabi/11.3.1/thumb/v7e-m+fp/hard\libgcc.a(_dvmd_tls.o)
                0x0000000008000f00                __aeabi_idiv0
                0x0000000008000f00                __aeabi_ldiv0
 *(.text*)
 .text.setPath  0x0000000008000f04       0x48 ./Core/Src/File_Handling_RTOS.o
                0x0000000008000f04                setPath
 .text.createNewFile
                0x0000000008000f4c       0x54 ./Core/Src/File_Handling_RTOS.o
                0x0000000008000f4c                createNewFile
 .text.Send_Uart
                0x0000000008000fa0       0x2c ./Core/Src/File_Handling_RTOS.o
                0x0000000008000fa0                Send_Uart
 .text.Mount_SD
                0x0000000008000fcc       0x48 ./Core/Src/File_Handling_RTOS.o
                0x0000000008000fcc                Mount_SD
 .text.Unmount_SD
                0x0000000008001014       0x44 ./Core/Src/File_Handling_RTOS.o
                0x0000000008001014                Unmount_SD
 .text.Format_SD
                0x0000000008001058      0x138 ./Core/Src/File_Handling_RTOS.o
                0x0000000008001058                Format_SD
 .text.Create_File
                0x0000000008001190      0x12c ./Core/Src/File_Handling_RTOS.o
                0x0000000008001190                Create_File
 .text.Update_File
                0x00000000080012bc      0x180 ./Core/Src/File_Handling_RTOS.o
                0x00000000080012bc                Update_File
 .text.Create_Dir
                0x000000000800143c       0x7c ./Core/Src/File_Handling_RTOS.o
                0x000000000800143c                Create_Dir
 .text.MX_ADC2_Init
                0x00000000080014b8       0xc0 ./Core/Src/adc.o
                0x00000000080014b8                MX_ADC2_Init
 .text.MX_ADC3_Init
                0x0000000008001578       0xa4 ./Core/Src/adc.o
                0x0000000008001578                MX_ADC3_Init
 .text.HAL_ADC_MspInit
                0x000000000800161c      0x154 ./Core/Src/adc.o
                0x000000000800161c                HAL_ADC_MspInit
 .text.readButton
                0x0000000008001770       0xd8 ./Core/Src/button.o
                0x0000000008001770                readButton
 .text.MX_DMA_Init
                0x0000000008001848       0x40 ./Core/Src/dma.o
                0x0000000008001848                MX_DMA_Init
 .text.SELECT   0x0000000008001888       0x18 ./Core/Src/fatfs_sd.o
 .text.DESELECT
                0x00000000080018a0       0x18 ./Core/Src/fatfs_sd.o
 .text.SPI_TxByte
                0x00000000080018b8       0x34 ./Core/Src/fatfs_sd.o
 .text.SPI_RxByte
                0x00000000080018ec       0x3c ./Core/Src/fatfs_sd.o
 .text.SPI_RxBytePtr
                0x0000000008001928       0x1c ./Core/Src/fatfs_sd.o
 .text.SD_ReadyWait
                0x0000000008001944       0x38 ./Core/Src/fatfs_sd.o
 .text.SD_PowerOn
                0x000000000800197c       0x98 ./Core/Src/fatfs_sd.o
 .text.SD_PowerOff
                0x0000000008001a14       0x18 ./Core/Src/fatfs_sd.o
 .text.SD_CheckPower
                0x0000000008001a2c       0x18 ./Core/Src/fatfs_sd.o
 .text.SD_RxDataBlock
                0x0000000008001a44       0x6c ./Core/Src/fatfs_sd.o
 .text.SD_TxDataBlock
                0x0000000008001ab0       0xa8 ./Core/Src/fatfs_sd.o
 .text.SD_SendCmd
                0x0000000008001b58       0xa4 ./Core/Src/fatfs_sd.o
 .text.SD_disk_initialize
                0x0000000008001bfc      0x1d4 ./Core/Src/fatfs_sd.o
                0x0000000008001bfc                SD_disk_initialize
 .text.SD_disk_status
                0x0000000008001dd0       0x2c ./Core/Src/fatfs_sd.o
                0x0000000008001dd0                SD_disk_status
 .text.SD_disk_read
                0x0000000008001dfc       0xd4 ./Core/Src/fatfs_sd.o
                0x0000000008001dfc                SD_disk_read
 .text.SD_disk_write
                0x0000000008001ed0      0x108 ./Core/Src/fatfs_sd.o
                0x0000000008001ed0                SD_disk_write
 .text.SD_disk_ioctl
                0x0000000008001fd8      0x264 ./Core/Src/fatfs_sd.o
                0x0000000008001fd8                SD_disk_ioctl
 .text.vApplicationGetIdleTaskMemory
                0x000000000800223c       0x34 ./Core/Src/freertos.o
                0x000000000800223c                vApplicationGetIdleTaskMemory
 .text.MX_FREERTOS_Init
                0x0000000008002270      0x12c ./Core/Src/freertos.o
                0x0000000008002270                MX_FREERTOS_Init
 .text.buttonTaskInit
                0x000000000800239c       0x38 ./Core/Src/freertos.o
                0x000000000800239c                buttonTaskInit
 .text.initSensorRead
                0x00000000080023d4       0x10 ./Core/Src/freertos.o
                0x00000000080023d4                initSensorRead
 .text.SdCardInit
                0x00000000080023e4       0x44 ./Core/Src/freertos.o
                0x00000000080023e4                SdCardInit
 .text.menuProcessDataInit
                0x0000000008002428       0x14 ./Core/Src/freertos.o
                0x0000000008002428                menuProcessDataInit
 .text.MX_GPIO_Init
                0x000000000800243c      0x120 ./Core/Src/gpio.o
                0x000000000800243c                MX_GPIO_Init
 .text.ITM_SendChar
                0x000000000800255c       0x4e ./Core/Src/main.o
 .text.__io_putchar
                0x00000000080025aa       0x1a ./Core/Src/main.o
                0x00000000080025aa                __io_putchar
 .text.main     0x00000000080025c4       0x3e ./Core/Src/main.o
                0x00000000080025c4                main
 *fill*         0x0000000008002602        0x2 
 .text.SystemClock_Config
                0x0000000008002604       0xd8 ./Core/Src/main.o
                0x0000000008002604                SystemClock_Config
 .text.HAL_TIM_PeriodElapsedCallback
                0x00000000080026dc       0x24 ./Core/Src/main.o
                0x00000000080026dc                HAL_TIM_PeriodElapsedCallback
 .text.Error_Handler
                0x0000000008002700        0xa ./Core/Src/main.o
                0x0000000008002700                Error_Handler
 *fill*         0x000000000800270a        0x2 
 .text.menuSelector
                0x000000000800270c      0x134 ./Core/Src/menu.o
                0x000000000800270c                menuSelector
 .text.menuCalculateBlock
                0x0000000008002840       0x54 ./Core/Src/menu.o
                0x0000000008002840                menuCalculateBlock
 .text.MX_SPI2_Init
                0x0000000008002894       0x6c ./Core/Src/spi.o
                0x0000000008002894                MX_SPI2_Init
 .text.HAL_SPI_MspInit
                0x0000000008002900       0xf0 ./Core/Src/spi.o
                0x0000000008002900                HAL_SPI_MspInit
 .text.HAL_MspInit
                0x00000000080029f0       0x58 ./Core/Src/stm32f4xx_hal_msp.o
                0x00000000080029f0                HAL_MspInit
 .text.HAL_InitTick
                0x0000000008002a48       0xf8 ./Core/Src/stm32f4xx_hal_timebase_tim.o
                0x0000000008002a48                HAL_InitTick
 .text.SDTimer_Handler
                0x0000000008002b40       0x48 ./Core/Src/stm32f4xx_it.o
                0x0000000008002b40                SDTimer_Handler
 .text.NMI_Handler
                0x0000000008002b88        0x6 ./Core/Src/stm32f4xx_it.o
                0x0000000008002b88                NMI_Handler
 .text.HardFault_Handler
                0x0000000008002b8e        0x6 ./Core/Src/stm32f4xx_it.o
                0x0000000008002b8e                HardFault_Handler
 .text.MemManage_Handler
                0x0000000008002b94        0x6 ./Core/Src/stm32f4xx_it.o
                0x0000000008002b94                MemManage_Handler
 .text.BusFault_Handler
                0x0000000008002b9a        0x6 ./Core/Src/stm32f4xx_it.o
                0x0000000008002b9a                BusFault_Handler
 .text.UsageFault_Handler
                0x0000000008002ba0        0x6 ./Core/Src/stm32f4xx_it.o
                0x0000000008002ba0                UsageFault_Handler
 .text.DebugMon_Handler
                0x0000000008002ba6        0xe ./Core/Src/stm32f4xx_it.o
                0x0000000008002ba6                DebugMon_Handler
 .text.TIM3_IRQHandler
                0x0000000008002bb4       0x38 ./Core/Src/stm32f4xx_it.o
                0x0000000008002bb4                TIM3_IRQHandler
 .text.DMA2_Stream2_IRQHandler
                0x0000000008002bec       0x14 ./Core/Src/stm32f4xx_it.o
                0x0000000008002bec                DMA2_Stream2_IRQHandler
 .text._getpid  0x0000000008002c00       0x10 ./Core/Src/syscalls.o
                0x0000000008002c00                _getpid
 .text._kill    0x0000000008002c10       0x20 ./Core/Src/syscalls.o
                0x0000000008002c10                _kill
 .text._exit    0x0000000008002c30       0x14 ./Core/Src/syscalls.o
                0x0000000008002c30                _exit
 .text._read    0x0000000008002c44       0x3a ./Core/Src/syscalls.o
                0x0000000008002c44                _read
 .text._write   0x0000000008002c7e       0x38 ./Core/Src/syscalls.o
                0x0000000008002c7e                _write
 .text._close   0x0000000008002cb6       0x18 ./Core/Src/syscalls.o
                0x0000000008002cb6                _close
 .text._fstat   0x0000000008002cce       0x20 ./Core/Src/syscalls.o
                0x0000000008002cce                _fstat
 .text._isatty  0x0000000008002cee       0x16 ./Core/Src/syscalls.o
                0x0000000008002cee                _isatty
 .text._lseek   0x0000000008002d04       0x1a ./Core/Src/syscalls.o
                0x0000000008002d04                _lseek
 *fill*         0x0000000008002d1e        0x2 
 .text._sbrk    0x0000000008002d20       0x6c ./Core/Src/sysmem.o
                0x0000000008002d20                _sbrk
 .text.SystemInit
                0x0000000008002d8c       0x24 ./Core/Src/system_stm32f4xx.o
                0x0000000008002d8c                SystemInit
 .text.MX_TIM2_Init
                0x0000000008002db0       0xe4 ./Core/Src/tim.o
                0x0000000008002db0                MX_TIM2_Init
 .text.MX_TIM6_Init
                0x0000000008002e94       0x6c ./Core/Src/tim.o
                0x0000000008002e94                MX_TIM6_Init
 .text.MX_TIM8_Init
                0x0000000008002f00      0x13c ./Core/Src/tim.o
                0x0000000008002f00                MX_TIM8_Init
 .text.HAL_TIM_Base_MspInit
                0x000000000800303c       0x98 ./Core/Src/tim.o
                0x000000000800303c                HAL_TIM_Base_MspInit
 .text.startAdcDma
                0x00000000080030d4       0x40 ./Core/Src/travelSensor.o
                0x00000000080030d4                startAdcDma
 .text.stopAdcDma
                0x0000000008003114       0x28 ./Core/Src/travelSensor.o
                0x0000000008003114                stopAdcDma
 .text.processData
                0x000000000800313c       0x44 ./Core/Src/travelSensor.o
                0x000000000800313c                processData
 .text.processDataSag
                0x0000000008003180       0xf8 ./Core/Src/travelSensor.o
                0x0000000008003180                processDataSag
 .text.HAL_ADC_ConvHalfCpltCallback
                0x0000000008003278       0xa8 ./Core/Src/travelSensor.o
                0x0000000008003278                HAL_ADC_ConvHalfCpltCallback
 .text.HAL_ADC_ConvCpltCallback
                0x0000000008003320       0xa8 ./Core/Src/travelSensor.o
                0x0000000008003320                HAL_ADC_ConvCpltCallback
 .text.convertAdcToTravel
                0x00000000080033c8       0x2c ./Core/Src/travelSensor.o
 .text.sendDataSD
                0x00000000080033f4      0x13c ./Core/Src/travelSensor.o
 .text.MX_USART2_UART_Init
                0x0000000008003530       0x54 ./Core/Src/usart.o
                0x0000000008003530                MX_USART2_UART_Init
 .text.HAL_UART_MspInit
                0x0000000008003584       0x90 ./Core/Src/usart.o
                0x0000000008003584                HAL_UART_MspInit
 .text.Reset_Handler
                0x0000000008003614       0x50 ./Core/Startup/startup_stm32f446retx.o
                0x0000000008003614                Reset_Handler
 .text.Default_Handler
                0x0000000008003664        0x2 ./Core/Startup/startup_stm32f446retx.o
                0x0000000008003664                RTC_Alarm_IRQHandler
                0x0000000008003664                EXTI2_IRQHandler
                0x0000000008003664                TIM8_CC_IRQHandler
                0x0000000008003664                FMPI2C1_EV_IRQHandler
                0x0000000008003664                SPI4_IRQHandler
                0x0000000008003664                TIM1_CC_IRQHandler
                0x0000000008003664                DMA2_Stream5_IRQHandler
                0x0000000008003664                DMA1_Stream5_IRQHandler
                0x0000000008003664                PVD_IRQHandler
                0x0000000008003664                SDIO_IRQHandler
                0x0000000008003664                TAMP_STAMP_IRQHandler
                0x0000000008003664                CAN2_RX1_IRQHandler
                0x0000000008003664                EXTI3_IRQHandler
                0x0000000008003664                TIM8_TRG_COM_TIM14_IRQHandler
                0x0000000008003664                TIM1_UP_TIM10_IRQHandler
                0x0000000008003664                TIM8_UP_TIM13_IRQHandler
                0x0000000008003664                I2C3_ER_IRQHandler
                0x0000000008003664                EXTI0_IRQHandler
                0x0000000008003664                I2C2_EV_IRQHandler
                0x0000000008003664                DMA1_Stream2_IRQHandler
                0x0000000008003664                CAN1_RX0_IRQHandler
                0x0000000008003664                FPU_IRQHandler
                0x0000000008003664                OTG_HS_WKUP_IRQHandler
                0x0000000008003664                CAN2_SCE_IRQHandler
                0x0000000008003664                SPI1_IRQHandler
                0x0000000008003664                TIM6_DAC_IRQHandler
                0x0000000008003664                TIM1_BRK_TIM9_IRQHandler
                0x0000000008003664                DCMI_IRQHandler
                0x0000000008003664                CAN2_RX0_IRQHandler
                0x0000000008003664                DMA2_Stream3_IRQHandler
                0x0000000008003664                SAI2_IRQHandler
                0x0000000008003664                USART6_IRQHandler
                0x0000000008003664                USART3_IRQHandler
                0x0000000008003664                CAN1_RX1_IRQHandler
                0x0000000008003664                UART5_IRQHandler
                0x0000000008003664                DMA2_Stream0_IRQHandler
                0x0000000008003664                TIM4_IRQHandler
                0x0000000008003664                QUADSPI_IRQHandler
                0x0000000008003664                I2C1_EV_IRQHandler
                0x0000000008003664                DMA1_Stream6_IRQHandler
                0x0000000008003664                DMA1_Stream1_IRQHandler
                0x0000000008003664                UART4_IRQHandler
                0x0000000008003664                RCC_IRQHandler
                0x0000000008003664                TIM8_BRK_TIM12_IRQHandler
                0x0000000008003664                Default_Handler
                0x0000000008003664                CEC_IRQHandler
                0x0000000008003664                EXTI15_10_IRQHandler
                0x0000000008003664                ADC_IRQHandler
                0x0000000008003664                DMA1_Stream7_IRQHandler
                0x0000000008003664                TIM7_IRQHandler
                0x0000000008003664                CAN2_TX_IRQHandler
                0x0000000008003664                TIM5_IRQHandler
                0x0000000008003664                DMA2_Stream7_IRQHandler
                0x0000000008003664                I2C3_EV_IRQHandler
                0x0000000008003664                EXTI9_5_IRQHandler
                0x0000000008003664                RTC_WKUP_IRQHandler
                0x0000000008003664                SPDIF_RX_IRQHandler
                0x0000000008003664                SPI2_IRQHandler
                0x0000000008003664                OTG_HS_EP1_IN_IRQHandler
                0x0000000008003664                DMA1_Stream0_IRQHandler
                0x0000000008003664                CAN1_TX_IRQHandler
                0x0000000008003664                FMPI2C1_ER_IRQHandler
                0x0000000008003664                EXTI4_IRQHandler
                0x0000000008003664                OTG_HS_EP1_OUT_IRQHandler
                0x0000000008003664                WWDG_IRQHandler
                0x0000000008003664                TIM2_IRQHandler
                0x0000000008003664                OTG_FS_WKUP_IRQHandler
                0x0000000008003664                TIM1_TRG_COM_TIM11_IRQHandler
                0x0000000008003664                OTG_HS_IRQHandler
                0x0000000008003664                EXTI1_IRQHandler
                0x0000000008003664                USART2_IRQHandler
                0x0000000008003664                I2C2_ER_IRQHandler
                0x0000000008003664                DMA2_Stream1_IRQHandler
                0x0000000008003664                CAN1_SCE_IRQHandler
                0x0000000008003664                FLASH_IRQHandler
                0x0000000008003664                DMA2_Stream4_IRQHandler
                0x0000000008003664                USART1_IRQHandler
                0x0000000008003664                OTG_FS_IRQHandler
                0x0000000008003664                SPI3_IRQHandler
                0x0000000008003664                DMA1_Stream4_IRQHandler
                0x0000000008003664                I2C1_ER_IRQHandler
                0x0000000008003664                FMC_IRQHandler
                0x0000000008003664                DMA2_Stream6_IRQHandler
                0x0000000008003664                SAI1_IRQHandler
                0x0000000008003664                DMA1_Stream3_IRQHandler
 *fill*         0x0000000008003666        0x2 
 .text.HAL_Init
                0x0000000008003668       0x44 ./Drivers/STM32F4xx_HAL_Driver/Src/stm32f4xx_hal.o
                0x0000000008003668                HAL_Init
 .text.HAL_IncTick
                0x00000000080036ac       0x28 ./Drivers/STM32F4xx_HAL_Driver/Src/stm32f4xx_hal.o
                0x00000000080036ac                HAL_IncTick
 .text.HAL_GetTick
                0x00000000080036d4       0x18 ./Drivers/STM32F4xx_HAL_Driver/Src/stm32f4xx_hal.o
                0x00000000080036d4                HAL_GetTick
 .text.HAL_ADC_Init
                0x00000000080036ec       0x86 ./Drivers/STM32F4xx_HAL_Driver/Src/stm32f4xx_hal_adc.o
                0x00000000080036ec                HAL_ADC_Init
 *fill*         0x0000000008003772        0x2 
 .text.HAL_ADC_Start
                0x0000000008003774      0x1a4 ./Drivers/STM32F4xx_HAL_Driver/Src/stm32f4xx_hal_adc.o
                0x0000000008003774                HAL_ADC_Start
 .text.HAL_ADC_Stop
                0x0000000008003918       0x66 ./Drivers/STM32F4xx_HAL_Driver/Src/stm32f4xx_hal_adc.o
                0x0000000008003918                HAL_ADC_Stop
 .text.HAL_ADC_PollForConversion
                0x000000000800397e      0x116 ./Drivers/STM32F4xx_HAL_Driver/Src/stm32f4xx_hal_adc.o
                0x000000000800397e                HAL_ADC_PollForConversion
 .text.HAL_ADC_Start_DMA
                0x0000000008003a94      0x220 ./Drivers/STM32F4xx_HAL_Driver/Src/stm32f4xx_hal_adc.o
                0x0000000008003a94                HAL_ADC_Start_DMA
 .text.HAL_ADC_Stop_DMA
                0x0000000008003cb4       0xb4 ./Drivers/STM32F4xx_HAL_Driver/Src/stm32f4xx_hal_adc.o
                0x0000000008003cb4                HAL_ADC_Stop_DMA
 .text.HAL_ADC_GetValue
                0x0000000008003d68       0x1a ./Drivers/STM32F4xx_HAL_Driver/Src/stm32f4xx_hal_adc.o
                0x0000000008003d68                HAL_ADC_GetValue
 .text.HAL_ADC_ErrorCallback
                0x0000000008003d82       0x14 ./Drivers/STM32F4xx_HAL_Driver/Src/stm32f4xx_hal_adc.o
                0x0000000008003d82                HAL_ADC_ErrorCallback
 *fill*         0x0000000008003d96        0x2 
 .text.HAL_ADC_ConfigChannel
                0x0000000008003d98      0x264 ./Drivers/STM32F4xx_HAL_Driver/Src/stm32f4xx_hal_adc.o
                0x0000000008003d98                HAL_ADC_ConfigChannel
 .text.ADC_Init
                0x0000000008003ffc      0x1f8 ./Drivers/STM32F4xx_HAL_Driver/Src/stm32f4xx_hal_adc.o
 .text.ADC_DMAConvCplt
                0x00000000080041f4       0xba ./Drivers/STM32F4xx_HAL_Driver/Src/stm32f4xx_hal_adc.o
 .text.ADC_DMAHalfConvCplt
                0x00000000080042ae       0x1c ./Drivers/STM32F4xx_HAL_Driver/Src/stm32f4xx_hal_adc.o
 .text.ADC_DMAError
                0x00000000080042ca       0x2e ./Drivers/STM32F4xx_HAL_Driver/Src/stm32f4xx_hal_adc.o
 .text.__NVIC_SetPriorityGrouping
                0x00000000080042f8       0x48 ./Drivers/STM32F4xx_HAL_Driver/Src/stm32f4xx_hal_cortex.o
 .text.__NVIC_GetPriorityGrouping
                0x0000000008004340       0x1c ./Drivers/STM32F4xx_HAL_Driver/Src/stm32f4xx_hal_cortex.o
 .text.__NVIC_EnableIRQ
                0x000000000800435c       0x3c ./Drivers/STM32F4xx_HAL_Driver/Src/stm32f4xx_hal_cortex.o
 .text.__NVIC_SetPriority
                0x0000000008004398       0x54 ./Drivers/STM32F4xx_HAL_Driver/Src/stm32f4xx_hal_cortex.o
 .text.NVIC_EncodePriority
                0x00000000080043ec       0x66 ./Drivers/STM32F4xx_HAL_Driver/Src/stm32f4xx_hal_cortex.o
 .text.HAL_NVIC_SetPriorityGrouping
                0x0000000008004452       0x16 ./Drivers/STM32F4xx_HAL_Driver/Src/stm32f4xx_hal_cortex.o
                0x0000000008004452                HAL_NVIC_SetPriorityGrouping
 .text.HAL_NVIC_SetPriority
                0x0000000008004468       0x38 ./Drivers/STM32F4xx_HAL_Driver/Src/stm32f4xx_hal_cortex.o
                0x0000000008004468                HAL_NVIC_SetPriority
 .text.HAL_NVIC_EnableIRQ
                0x00000000080044a0       0x1c ./Drivers/STM32F4xx_HAL_Driver/Src/stm32f4xx_hal_cortex.o
                0x00000000080044a0                HAL_NVIC_EnableIRQ
 .text.HAL_DMA_Init
                0x00000000080044bc      0x15c ./Drivers/STM32F4xx_HAL_Driver/Src/stm32f4xx_hal_dma.o
                0x00000000080044bc                HAL_DMA_Init
 .text.HAL_DMA_Start_IT
                0x0000000008004618       0xb0 ./Drivers/STM32F4xx_HAL_Driver/Src/stm32f4xx_hal_dma.o
                0x0000000008004618                HAL_DMA_Start_IT
 .text.HAL_DMA_Abort
                0x00000000080046c8       0xe0 ./Drivers/STM32F4xx_HAL_Driver/Src/stm32f4xx_hal_dma.o
                0x00000000080046c8                HAL_DMA_Abort
 .text.HAL_DMA_IRQHandler
                0x00000000080047a8      0x314 ./Drivers/STM32F4xx_HAL_Driver/Src/stm32f4xx_hal_dma.o
                0x00000000080047a8                HAL_DMA_IRQHandler
 .text.DMA_SetConfig
                0x0000000008004abc       0x5c ./Drivers/STM32F4xx_HAL_Driver/Src/stm32f4xx_hal_dma.o
 .text.DMA_CalcBaseAndBitshift
                0x0000000008004b18       0x6c ./Drivers/STM32F4xx_HAL_Driver/Src/stm32f4xx_hal_dma.o
 .text.DMA_CheckFifoParam
                0x0000000008004b84       0xf8 ./Drivers/STM32F4xx_HAL_Driver/Src/stm32f4xx_hal_dma.o
 .text.HAL_GPIO_Init
                0x0000000008004c7c      0x328 ./Drivers/STM32F4xx_HAL_Driver/Src/stm32f4xx_hal_gpio.o
                0x0000000008004c7c                HAL_GPIO_Init
 .text.HAL_GPIO_WritePin
                0x0000000008004fa4       0x32 ./Drivers/STM32F4xx_HAL_Driver/Src/stm32f4xx_hal_gpio.o
                0x0000000008004fa4                HAL_GPIO_WritePin
 *fill*         0x0000000008004fd6        0x2 
 .text.HAL_RCC_ClockConfig
                0x0000000008004fd8      0x1cc ./Drivers/STM32F4xx_HAL_Driver/Src/stm32f4xx_hal_rcc.o
                0x0000000008004fd8                HAL_RCC_ClockConfig
 .text.HAL_RCC_GetHCLKFreq
                0x00000000080051a4       0x18 ./Drivers/STM32F4xx_HAL_Driver/Src/stm32f4xx_hal_rcc.o
                0x00000000080051a4                HAL_RCC_GetHCLKFreq
 .text.HAL_RCC_GetPCLK1Freq
                0x00000000080051bc       0x28 ./Drivers/STM32F4xx_HAL_Driver/Src/stm32f4xx_hal_rcc.o
                0x00000000080051bc                HAL_RCC_GetPCLK1Freq
 .text.HAL_RCC_GetPCLK2Freq
                0x00000000080051e4       0x28 ./Drivers/STM32F4xx_HAL_Driver/Src/stm32f4xx_hal_rcc.o
                0x00000000080051e4                HAL_RCC_GetPCLK2Freq
 .text.HAL_RCC_GetClockConfig
                0x000000000800520c       0x64 ./Drivers/STM32F4xx_HAL_Driver/Src/stm32f4xx_hal_rcc.o
                0x000000000800520c                HAL_RCC_GetClockConfig
 .text.HAL_RCC_GetSysClockFreq
                0x0000000008005270      0x460 ./Drivers/STM32F4xx_HAL_Driver/Src/stm32f4xx_hal_rcc_ex.o
                0x0000000008005270                HAL_RCC_GetSysClockFreq
 .text.HAL_RCC_OscConfig
                0x00000000080056d0      0x53c ./Drivers/STM32F4xx_HAL_Driver/Src/stm32f4xx_hal_rcc_ex.o
                0x00000000080056d0                HAL_RCC_OscConfig
 .text.HAL_SPI_Init
                0x0000000008005c0c      0x112 ./Drivers/STM32F4xx_HAL_Driver/Src/stm32f4xx_hal_spi.o
                0x0000000008005c0c                HAL_SPI_Init
 .text.HAL_SPI_Transmit
                0x0000000008005d1e      0x278 ./Drivers/STM32F4xx_HAL_Driver/Src/stm32f4xx_hal_spi.o
                0x0000000008005d1e                HAL_SPI_Transmit
 .text.HAL_SPI_TransmitReceive
                0x0000000008005f96      0x344 ./Drivers/STM32F4xx_HAL_Driver/Src/stm32f4xx_hal_spi.o
                0x0000000008005f96                HAL_SPI_TransmitReceive
 .text.HAL_SPI_GetState
                0x00000000080062da       0x1c ./Drivers/STM32F4xx_HAL_Driver/Src/stm32f4xx_hal_spi.o
                0x00000000080062da                HAL_SPI_GetState
 *fill*         0x00000000080062f6        0x2 
 .text.SPI_WaitFlagStateUntilTimeout
                0x00000000080062f8      0x110 ./Drivers/STM32F4xx_HAL_Driver/Src/stm32f4xx_hal_spi.o
 .text.SPI_EndRxTxTransaction
                0x0000000008006408       0x84 ./Drivers/STM32F4xx_HAL_Driver/Src/stm32f4xx_hal_spi.o
 .text.HAL_TIM_Base_Init
                0x000000000800648c       0x9e ./Drivers/STM32F4xx_HAL_Driver/Src/stm32f4xx_hal_tim.o
                0x000000000800648c                HAL_TIM_Base_Init
 *fill*         0x000000000800652a        0x2 
 .text.HAL_TIM_Base_Start
                0x000000000800652c       0xd0 ./Drivers/STM32F4xx_HAL_Driver/Src/stm32f4xx_hal_tim.o
                0x000000000800652c                HAL_TIM_Base_Start
 .text.HAL_TIM_Base_Stop
                0x00000000080065fc       0x4e ./Drivers/STM32F4xx_HAL_Driver/Src/stm32f4xx_hal_tim.o
                0x00000000080065fc                HAL_TIM_Base_Stop
 *fill*         0x000000000800664a        0x2 
 .text.HAL_TIM_Base_Start_IT
                0x000000000800664c       0xe0 ./Drivers/STM32F4xx_HAL_Driver/Src/stm32f4xx_hal_tim.o
                0x000000000800664c                HAL_TIM_Base_Start_IT
 .text.HAL_TIM_PWM_Init
                0x000000000800672c       0x9e ./Drivers/STM32F4xx_HAL_Driver/Src/stm32f4xx_hal_tim.o
                0x000000000800672c                HAL_TIM_PWM_Init
 .text.HAL_TIM_PWM_MspInit
                0x00000000080067ca       0x14 ./Drivers/STM32F4xx_HAL_Driver/Src/stm32f4xx_hal_tim.o
                0x00000000080067ca                HAL_TIM_PWM_MspInit
 .text.HAL_TIM_IRQHandler
                0x00000000080067de      0x210 ./Drivers/STM32F4xx_HAL_Driver/Src/stm32f4xx_hal_tim.o
                0x00000000080067de                HAL_TIM_IRQHandler
 *fill*         0x00000000080069ee        0x2 
 .text.HAL_TIM_PWM_ConfigChannel
                0x00000000080069f0      0x184 ./Drivers/STM32F4xx_HAL_Driver/Src/stm32f4xx_hal_tim.o
                0x00000000080069f0                HAL_TIM_PWM_ConfigChannel
 .text.HAL_TIM_ConfigClockSource
                0x0000000008006b74      0x18e ./Drivers/STM32F4xx_HAL_Driver/Src/stm32f4xx_hal_tim.o
                0x0000000008006b74                HAL_TIM_ConfigClockSource
 .text.HAL_TIM_OC_DelayElapsedCallback
                0x0000000008006d02       0x14 ./Drivers/STM32F4xx_HAL_Driver/Src/stm32f4xx_hal_tim.o
                0x0000000008006d02                HAL_TIM_OC_DelayElapsedCallback
 .text.HAL_TIM_IC_CaptureCallback
                0x0000000008006d16       0x14 ./Drivers/STM32F4xx_HAL_Driver/Src/stm32f4xx_hal_tim.o
                0x0000000008006d16                HAL_TIM_IC_CaptureCallback
 .text.HAL_TIM_PWM_PulseFinishedCallback
                0x0000000008006d2a       0x14 ./Drivers/STM32F4xx_HAL_Driver/Src/stm32f4xx_hal_tim.o
                0x0000000008006d2a                HAL_TIM_PWM_PulseFinishedCallback
 .text.HAL_TIM_TriggerCallback
                0x0000000008006d3e       0x14 ./Drivers/STM32F4xx_HAL_Driver/Src/stm32f4xx_hal_tim.o
                0x0000000008006d3e                HAL_TIM_TriggerCallback
 *fill*         0x0000000008006d52        0x2 
 .text.TIM_Base_SetConfig
                0x0000000008006d54      0x140 ./Drivers/STM32F4xx_HAL_Driver/Src/stm32f4xx_hal_tim.o
                0x0000000008006d54                TIM_Base_SetConfig
 .text.TIM_OC1_SetConfig
                0x0000000008006e94       0xe0 ./Drivers/STM32F4xx_HAL_Driver/Src/stm32f4xx_hal_tim.o
 .text.TIM_OC2_SetConfig
                0x0000000008006f74       0xec ./Drivers/STM32F4xx_HAL_Driver/Src/stm32f4xx_hal_tim.o
                0x0000000008006f74                TIM_OC2_SetConfig
 .text.TIM_OC3_SetConfig
                0x0000000008007060       0xe8 ./Drivers/STM32F4xx_HAL_Driver/Src/stm32f4xx_hal_tim.o
 .text.TIM_OC4_SetConfig
                0x0000000008007148       0xac ./Drivers/STM32F4xx_HAL_Driver/Src/stm32f4xx_hal_tim.o
 .text.TIM_TI1_ConfigInputStage
                0x00000000080071f4       0x5e ./Drivers/STM32F4xx_HAL_Driver/Src/stm32f4xx_hal_tim.o
 .text.TIM_TI2_ConfigInputStage
                0x0000000008007252       0x60 ./Drivers/STM32F4xx_HAL_Driver/Src/stm32f4xx_hal_tim.o
 .text.TIM_ITRx_SetConfig
                0x00000000080072b2       0x36 ./Drivers/STM32F4xx_HAL_Driver/Src/stm32f4xx_hal_tim.o
 .text.TIM_ETR_SetConfig
                0x00000000080072e8       0x40 ./Drivers/STM32F4xx_HAL_Driver/Src/stm32f4xx_hal_tim.o
                0x00000000080072e8                TIM_ETR_SetConfig
 .text.HAL_TIMEx_MasterConfigSynchronization
                0x0000000008007328       0xf8 ./Drivers/STM32F4xx_HAL_Driver/Src/stm32f4xx_hal_tim_ex.o
                0x0000000008007328                HAL_TIMEx_MasterConfigSynchronization
 .text.HAL_TIMEx_ConfigBreakDeadTime
                0x0000000008007420       0xa4 ./Drivers/STM32F4xx_HAL_Driver/Src/stm32f4xx_hal_tim_ex.o
                0x0000000008007420                HAL_TIMEx_ConfigBreakDeadTime
 .text.HAL_TIMEx_CommutCallback
                0x00000000080074c4       0x14 ./Drivers/STM32F4xx_HAL_Driver/Src/stm32f4xx_hal_tim_ex.o
                0x00000000080074c4                HAL_TIMEx_CommutCallback
 .text.HAL_TIMEx_BreakCallback
                0x00000000080074d8       0x14 ./Drivers/STM32F4xx_HAL_Driver/Src/stm32f4xx_hal_tim_ex.o
                0x00000000080074d8                HAL_TIMEx_BreakCallback
 .text.HAL_UART_Init
                0x00000000080074ec       0x9a ./Drivers/STM32F4xx_HAL_Driver/Src/stm32f4xx_hal_uart.o
                0x00000000080074ec                HAL_UART_Init
 .text.HAL_UART_Transmit
                0x0000000008007586      0x124 ./Drivers/STM32F4xx_HAL_Driver/Src/stm32f4xx_hal_uart.o
                0x0000000008007586                HAL_UART_Transmit
 .text.UART_WaitOnFlagUntilTimeout
                0x00000000080076aa       0xdc ./Drivers/STM32F4xx_HAL_Driver/Src/stm32f4xx_hal_uart.o
 *fill*         0x0000000008007786        0x2 
 .text.UART_SetConfig
                0x0000000008007788      0x4e8 ./Drivers/STM32F4xx_HAL_Driver/Src/stm32f4xx_hal_uart.o
 .text.MX_FATFS_Init
                0x0000000008007c70       0x24 ./FATFS/App/fatfs.o
                0x0000000008007c70                MX_FATFS_Init
 .text.get_fattime
                0x0000000008007c94       0x10 ./FATFS/App/fatfs.o
                0x0000000008007c94                get_fattime
 .text.USER_initialize
                0x0000000008007ca4       0x1c ./FATFS/Target/user_diskio.o
                0x0000000008007ca4                USER_initialize
 .text.USER_status
                0x0000000008007cc0       0x1c ./FATFS/Target/user_diskio.o
                0x0000000008007cc0                USER_status
 .text.USER_read
                0x0000000008007cdc       0x26 ./FATFS/Target/user_diskio.o
                0x0000000008007cdc                USER_read
 .text.USER_write
                0x0000000008007d02       0x26 ./FATFS/Target/user_diskio.o
                0x0000000008007d02                USER_write
 .text.USER_ioctl
                0x0000000008007d28       0x26 ./FATFS/Target/user_diskio.o
                0x0000000008007d28                USER_ioctl
 *fill*         0x0000000008007d4e        0x2 
 .text.disk_status
                0x0000000008007d50       0x34 ./Middlewares/Third_Party/FatFs/src/diskio.o
                0x0000000008007d50                disk_status
 .text.disk_initialize
                0x0000000008007d84       0x4c ./Middlewares/Third_Party/FatFs/src/diskio.o
                0x0000000008007d84                disk_initialize
 .text.disk_read
                0x0000000008007dd0       0x40 ./Middlewares/Third_Party/FatFs/src/diskio.o
                0x0000000008007dd0                disk_read
 .text.disk_write
                0x0000000008007e10       0x40 ./Middlewares/Third_Party/FatFs/src/diskio.o
                0x0000000008007e10                disk_write
 .text.disk_ioctl
                0x0000000008007e50       0x3c ./Middlewares/Third_Party/FatFs/src/diskio.o
                0x0000000008007e50                disk_ioctl
 .text.ld_word  0x0000000008007e8c       0x30 ./Middlewares/Third_Party/FatFs/src/ff.o
 .text.ld_dword
                0x0000000008007ebc       0x46 ./Middlewares/Third_Party/FatFs/src/ff.o
 .text.st_word  0x0000000008007f02       0x36 ./Middlewares/Third_Party/FatFs/src/ff.o
 .text.st_dword
                0x0000000008007f38       0x58 ./Middlewares/Third_Party/FatFs/src/ff.o
 .text.mem_cpy  0x0000000008007f90       0x42 ./Middlewares/Third_Party/FatFs/src/ff.o
 .text.mem_set  0x0000000008007fd2       0x36 ./Middlewares/Third_Party/FatFs/src/ff.o
 .text.mem_cmp  0x0000000008008008       0x4e ./Middlewares/Third_Party/FatFs/src/ff.o
 .text.chk_chr  0x0000000008008056       0x36 ./Middlewares/Third_Party/FatFs/src/ff.o
 .text.lock_fs  0x000000000800808c       0x2c ./Middlewares/Third_Party/FatFs/src/ff.o
 .text.unlock_fs
                0x00000000080080b8       0x36 ./Middlewares/Third_Party/FatFs/src/ff.o
 *fill*         0x00000000080080ee        0x2 
 .text.chk_lock
                0x00000000080080f0       0xb8 ./Middlewares/Third_Party/FatFs/src/ff.o
 .text.enq_lock
                0x00000000080081a8       0x44 ./Middlewares/Third_Party/FatFs/src/ff.o
 .text.inc_lock
                0x00000000080081ec      0x11c ./Middlewares/Third_Party/FatFs/src/ff.o
 .text.dec_lock
                0x0000000008008308       0x78 ./Middlewares/Third_Party/FatFs/src/ff.o
 .text.clear_lock
                0x0000000008008380       0x48 ./Middlewares/Third_Party/FatFs/src/ff.o
 .text.sync_window
                0x00000000080083c8       0x88 ./Middlewares/Third_Party/FatFs/src/ff.o
 .text.move_window
                0x0000000008008450       0x5a ./Middlewares/Third_Party/FatFs/src/ff.o
 *fill*         0x00000000080084aa        0x2 
 .text.sync_fs  0x00000000080084ac       0xdc ./Middlewares/Third_Party/FatFs/src/ff.o
 .text.clust2sect
                0x0000000008008588       0x3e ./Middlewares/Third_Party/FatFs/src/ff.o
 .text.get_fat  0x00000000080085c6      0x150 ./Middlewares/Third_Party/FatFs/src/ff.o
 .text.put_fat  0x0000000008008716      0x1d4 ./Middlewares/Third_Party/FatFs/src/ff.o
 .text.remove_chain
                0x00000000080088ea       0xca ./Middlewares/Third_Party/FatFs/src/ff.o
 .text.create_chain
                0x00000000080089b4      0x130 ./Middlewares/Third_Party/FatFs/src/ff.o
 .text.clmt_clust
                0x0000000008008ae4       0x68 ./Middlewares/Third_Party/FatFs/src/ff.o
 .text.dir_sdi  0x0000000008008b4c       0xf6 ./Middlewares/Third_Party/FatFs/src/ff.o
 .text.dir_next
                0x0000000008008c42      0x18a ./Middlewares/Third_Party/FatFs/src/ff.o
 .text.dir_alloc
                0x0000000008008dcc       0x8e ./Middlewares/Third_Party/FatFs/src/ff.o
 .text.ld_clust
                0x0000000008008e5a       0x3e ./Middlewares/Third_Party/FatFs/src/ff.o
 .text.st_clust
                0x0000000008008e98       0x40 ./Middlewares/Third_Party/FatFs/src/ff.o
 .text.dir_read
                0x0000000008008ed8       0xba ./Middlewares/Third_Party/FatFs/src/ff.o
 .text.dir_find
                0x0000000008008f92       0xaa ./Middlewares/Third_Party/FatFs/src/ff.o
 .text.dir_register
                0x000000000800903c       0x64 ./Middlewares/Third_Party/FatFs/src/ff.o
 .text.dir_remove
                0x00000000080090a0       0x3c ./Middlewares/Third_Party/FatFs/src/ff.o
 .text.get_fileinfo
                0x00000000080090dc       0xbe ./Middlewares/Third_Party/FatFs/src/ff.o
 *fill*         0x000000000800919a        0x2 
 .text.create_name
                0x000000000800919c      0x128 ./Middlewares/Third_Party/FatFs/src/ff.o
 .text.follow_path
                0x00000000080092c4       0xe2 ./Middlewares/Third_Party/FatFs/src/ff.o
 .text.get_ldnumber
                0x00000000080093a6       0x88 ./Middlewares/Third_Party/FatFs/src/ff.o
 *fill*         0x000000000800942e        0x2 
 .text.check_fs
                0x0000000008009430       0xac ./Middlewares/Third_Party/FatFs/src/ff.o
 .text.find_volume
                0x00000000080094dc      0x4a8 ./Middlewares/Third_Party/FatFs/src/ff.o
 .text.validate
                0x0000000008009984       0x8e ./Middlewares/Third_Party/FatFs/src/ff.o
 *fill*         0x0000000008009a12        0x2 
 .text.f_mount  0x0000000008009a14       0xc8 ./Middlewares/Third_Party/FatFs/src/ff.o
                0x0000000008009a14                f_mount
 .text.f_open   0x0000000008009adc      0x38a ./Middlewares/Third_Party/FatFs/src/ff.o
                0x0000000008009adc                f_open
 .text.f_write  0x0000000008009e66      0x348 ./Middlewares/Third_Party/FatFs/src/ff.o
                0x0000000008009e66                f_write
 .text.f_sync   0x000000000800a1ae      0x112 ./Middlewares/Third_Party/FatFs/src/ff.o
                0x000000000800a1ae                f_sync
 .text.f_close  0x000000000800a2c0       0x5e ./Middlewares/Third_Party/FatFs/src/ff.o
                0x000000000800a2c0                f_close
 .text.f_opendir
                0x000000000800a31e       0xf2 ./Middlewares/Third_Party/FatFs/src/ff.o
                0x000000000800a31e                f_opendir
 .text.f_closedir
                0x000000000800a410       0x56 ./Middlewares/Third_Party/FatFs/src/ff.o
                0x000000000800a410                f_closedir
 .text.f_readdir
                0x000000000800a466       0x86 ./Middlewares/Third_Party/FatFs/src/ff.o
                0x000000000800a466                f_readdir
 .text.f_stat   0x000000000800a4ec       0x80 ./Middlewares/Third_Party/FatFs/src/ff.o
                0x000000000800a4ec                f_stat
 .text.f_unlink
                0x000000000800a56c      0x164 ./Middlewares/Third_Party/FatFs/src/ff.o
                0x000000000800a56c                f_unlink
 .text.f_mkdir  0x000000000800a6d0      0x21c ./Middlewares/Third_Party/FatFs/src/ff.o
                0x000000000800a6d0                f_mkdir
 .text.FATFS_LinkDriverEx
                0x000000000800a8ec       0x98 ./Middlewares/Third_Party/FatFs/src/ff_gen_drv.o
                0x000000000800a8ec                FATFS_LinkDriverEx
 .text.FATFS_LinkDriver
                0x000000000800a984       0x1e ./Middlewares/Third_Party/FatFs/src/ff_gen_drv.o
                0x000000000800a984                FATFS_LinkDriver
 .text.ff_cre_syncobj
                0x000000000800a9a2       0x40 ./Middlewares/Third_Party/FatFs/src/option/syscall.o
                0x000000000800a9a2                ff_cre_syncobj
 .text.ff_del_syncobj
                0x000000000800a9e2       0x18 ./Middlewares/Third_Party/FatFs/src/option/syscall.o
                0x000000000800a9e2                ff_del_syncobj
 .text.ff_req_grant
                0x000000000800a9fa       0x2a ./Middlewares/Third_Party/FatFs/src/option/syscall.o
                0x000000000800a9fa                ff_req_grant
 .text.ff_rel_grant
                0x000000000800aa24       0x16 ./Middlewares/Third_Party/FatFs/src/option/syscall.o
                0x000000000800aa24                ff_rel_grant
 .text.makeFreeRtosPriority
                0x000000000800aa3a       0x30 ./Middlewares/Third_Party/FreeRTOS/Source/CMSIS_RTOS/cmsis_os.o
 .text.inHandlerMode
                0x000000000800aa6a       0x24 ./Middlewares/Third_Party/FreeRTOS/Source/CMSIS_RTOS/cmsis_os.o
 .text.osKernelStart
                0x000000000800aa8e        0xe ./Middlewares/Third_Party/FreeRTOS/Source/CMSIS_RTOS/cmsis_os.o
                0x000000000800aa8e                osKernelStart
 .text.osKernelSysTick
                0x000000000800aa9c       0x20 ./Middlewares/Third_Party/FreeRTOS/Source/CMSIS_RTOS/cmsis_os.o
                0x000000000800aa9c                osKernelSysTick
 .text.osThreadCreate
                0x000000000800aabc       0x98 ./Middlewares/Third_Party/FreeRTOS/Source/CMSIS_RTOS/cmsis_os.o
                0x000000000800aabc                osThreadCreate
 .text.osDelay  0x000000000800ab54       0x28 ./Middlewares/Third_Party/FreeRTOS/Source/CMSIS_RTOS/cmsis_os.o
                0x000000000800ab54                osDelay
 .text.osSemaphoreCreate
                0x000000000800ab7c       0x64 ./Middlewares/Third_Party/FreeRTOS/Source/CMSIS_RTOS/cmsis_os.o
                0x000000000800ab7c                osSemaphoreCreate
 .text.osSemaphoreWait
                0x000000000800abe0       0x9c ./Middlewares/Third_Party/FreeRTOS/Source/CMSIS_RTOS/cmsis_os.o
                0x000000000800abe0                osSemaphoreWait
 .text.osSemaphoreRelease
                0x000000000800ac7c       0x6c ./Middlewares/Third_Party/FreeRTOS/Source/CMSIS_RTOS/cmsis_os.o
                0x000000000800ac7c                osSemaphoreRelease
 .text.osSemaphoreDelete
                0x000000000800ace8       0x26 ./Middlewares/Third_Party/FreeRTOS/Source/CMSIS_RTOS/cmsis_os.o
                0x000000000800ace8                osSemaphoreDelete
 .text.osDelayUntil
                0x000000000800ad0e       0x18 ./Middlewares/Third_Party/FreeRTOS/Source/CMSIS_RTOS/cmsis_os.o
                0x000000000800ad0e                osDelayUntil
 .text.vListInitialise
                0x000000000800ad26       0x40 ./Middlewares/Third_Party/FreeRTOS/Source/list.o
                0x000000000800ad26                vListInitialise
 .text.vListInitialiseItem
                0x000000000800ad66       0x1a ./Middlewares/Third_Party/FreeRTOS/Source/list.o
                0x000000000800ad66                vListInitialiseItem
 .text.vListInsertEnd
                0x000000000800ad80       0x48 ./Middlewares/Third_Party/FreeRTOS/Source/list.o
                0x000000000800ad80                vListInsertEnd
 .text.vListInsert
                0x000000000800adc8       0x72 ./Middlewares/Third_Party/FreeRTOS/Source/list.o
                0x000000000800adc8                vListInsert
 .text.uxListRemove
                0x000000000800ae3a       0x54 ./Middlewares/Third_Party/FreeRTOS/Source/list.o
                0x000000000800ae3a                uxListRemove
 *fill*         0x000000000800ae8e        0x2 
 .text.xQueueGenericReset
                0x000000000800ae90       0xd0 ./Middlewares/Third_Party/FreeRTOS/Source/queue.o
                0x000000000800ae90                xQueueGenericReset
 .text.xQueueGenericCreateStatic
                0x000000000800af60       0xf0 ./Middlewares/Third_Party/FreeRTOS/Source/queue.o
                0x000000000800af60                xQueueGenericCreateStatic
 .text.xQueueGenericCreate
                0x000000000800b050       0x74 ./Middlewares/Third_Party/FreeRTOS/Source/queue.o
                0x000000000800b050                xQueueGenericCreate
 .text.prvInitialiseNewQueue
                0x000000000800b0c4       0x3e ./Middlewares/Third_Party/FreeRTOS/Source/queue.o
 *fill*         0x000000000800b102        0x2 
 .text.xQueueGenericSend
                0x000000000800b104      0x1fc ./Middlewares/Third_Party/FreeRTOS/Source/queue.o
                0x000000000800b104                xQueueGenericSend
 .text.xQueueGiveFromISR
                0x000000000800b300      0x11a ./Middlewares/Third_Party/FreeRTOS/Source/queue.o
                0x000000000800b300                xQueueGiveFromISR
 *fill*         0x000000000800b41a        0x2 
 .text.xQueueSemaphoreTake
                0x000000000800b41c      0x218 ./Middlewares/Third_Party/FreeRTOS/Source/queue.o
                0x000000000800b41c                xQueueSemaphoreTake
 .text.xQueueReceiveFromISR
                0x000000000800b634      0x100 ./Middlewares/Third_Party/FreeRTOS/Source/queue.o
                0x000000000800b634                xQueueReceiveFromISR
 .text.vQueueDelete
                0x000000000800b734       0x46 ./Middlewares/Third_Party/FreeRTOS/Source/queue.o
                0x000000000800b734                vQueueDelete
 .text.prvGetDisinheritPriorityAfterTimeout
                0x000000000800b77a       0x30 ./Middlewares/Third_Party/FreeRTOS/Source/queue.o
 .text.prvCopyDataToQueue
                0x000000000800b7aa       0xd4 ./Middlewares/Third_Party/FreeRTOS/Source/queue.o
 .text.prvCopyDataFromQueue
                0x000000000800b87e       0x4c ./Middlewares/Third_Party/FreeRTOS/Source/queue.o
 .text.prvUnlockQueue
                0x000000000800b8ca       0xa4 ./Middlewares/Third_Party/FreeRTOS/Source/queue.o
 .text.prvIsQueueEmpty
                0x000000000800b96e       0x2c ./Middlewares/Third_Party/FreeRTOS/Source/queue.o
 .text.prvIsQueueFull
                0x000000000800b99a       0x30 ./Middlewares/Third_Party/FreeRTOS/Source/queue.o
 *fill*         0x000000000800b9ca        0x2 
 .text.vQueueUnregisterQueue
                0x000000000800b9cc       0x54 ./Middlewares/Third_Party/FreeRTOS/Source/queue.o
                0x000000000800b9cc                vQueueUnregisterQueue
 .text.xTaskCreateStatic
                0x000000000800ba20       0xba ./Middlewares/Third_Party/FreeRTOS/Source/tasks.o
                0x000000000800ba20                xTaskCreateStatic
 .text.xTaskCreate
                0x000000000800bada       0x8a ./Middlewares/Third_Party/FreeRTOS/Source/tasks.o
                0x000000000800bada                xTaskCreate
 .text.prvInitialiseNewTask
                0x000000000800bb64      0x13c ./Middlewares/Third_Party/FreeRTOS/Source/tasks.o
 .text.prvAddNewTaskToReadyList
                0x000000000800bca0       0xd4 ./Middlewares/Third_Party/FreeRTOS/Source/tasks.o
 .text.vTaskDelay
                0x000000000800bd74       0x68 ./Middlewares/Third_Party/FreeRTOS/Source/tasks.o
                0x000000000800bd74                vTaskDelay
 .text.vTaskStartScheduler
                0x000000000800bddc       0xd4 ./Middlewares/Third_Party/FreeRTOS/Source/tasks.o
                0x000000000800bddc                vTaskStartScheduler
 .text.vTaskSuspendAll
                0x000000000800beb0       0x1c ./Middlewares/Third_Party/FreeRTOS/Source/tasks.o
                0x000000000800beb0                vTaskSuspendAll
 .text.xTaskResumeAll
                0x000000000800becc      0x138 ./Middlewares/Third_Party/FreeRTOS/Source/tasks.o
                0x000000000800becc                xTaskResumeAll
 .text.xTaskGetTickCount
                0x000000000800c004       0x20 ./Middlewares/Third_Party/FreeRTOS/Source/tasks.o
                0x000000000800c004                xTaskGetTickCount
 .text.xTaskGetTickCountFromISR
                0x000000000800c024       0x24 ./Middlewares/Third_Party/FreeRTOS/Source/tasks.o
                0x000000000800c024                xTaskGetTickCountFromISR
 .text.xTaskIncrementTick
                0x000000000800c048      0x170 ./Middlewares/Third_Party/FreeRTOS/Source/tasks.o
                0x000000000800c048                xTaskIncrementTick
 .text.vTaskSwitchContext
                0x000000000800c1b8       0xc4 ./Middlewares/Third_Party/FreeRTOS/Source/tasks.o
                0x000000000800c1b8                vTaskSwitchContext
 .text.vTaskPlaceOnEventList
                0x000000000800c27c       0x48 ./Middlewares/Third_Party/FreeRTOS/Source/tasks.o
                0x000000000800c27c                vTaskPlaceOnEventList
 .text.xTaskRemoveFromEventList
                0x000000000800c2c4       0xc4 ./Middlewares/Third_Party/FreeRTOS/Source/tasks.o
                0x000000000800c2c4                xTaskRemoveFromEventList
 .text.vTaskInternalSetTimeOutState
                0x000000000800c388       0x2c ./Middlewares/Third_Party/FreeRTOS/Source/tasks.o
                0x000000000800c388                vTaskInternalSetTimeOutState
 .text.xTaskCheckForTimeOut
                0x000000000800c3b4       0xc4 ./Middlewares/Third_Party/FreeRTOS/Source/tasks.o
                0x000000000800c3b4                xTaskCheckForTimeOut
 .text.vTaskMissedYield
                0x000000000800c478       0x18 ./Middlewares/Third_Party/FreeRTOS/Source/tasks.o
                0x000000000800c478                vTaskMissedYield
 .text.prvIdleTask
                0x000000000800c490       0x30 ./Middlewares/Third_Party/FreeRTOS/Source/tasks.o
 .text.prvInitialiseTaskLists
                0x000000000800c4c0       0x80 ./Middlewares/Third_Party/FreeRTOS/Source/tasks.o
 .text.prvCheckTasksWaitingTermination
                0x000000000800c540       0x5c ./Middlewares/Third_Party/FreeRTOS/Source/tasks.o
 .text.prvDeleteTCB
                0x000000000800c59c       0x68 ./Middlewares/Third_Party/FreeRTOS/Source/tasks.o
 .text.prvResetNextTaskUnblockTime
                0x000000000800c604       0x40 ./Middlewares/Third_Party/FreeRTOS/Source/tasks.o
 .text.xTaskGetSchedulerState
                0x000000000800c644       0x3c ./Middlewares/Third_Party/FreeRTOS/Source/tasks.o
                0x000000000800c644                xTaskGetSchedulerState
 .text.xTaskPriorityInherit
                0x000000000800c680       0xec ./Middlewares/Third_Party/FreeRTOS/Source/tasks.o
                0x000000000800c680                xTaskPriorityInherit
 .text.xTaskPriorityDisinherit
                0x000000000800c76c      0x10c ./Middlewares/Third_Party/FreeRTOS/Source/tasks.o
                0x000000000800c76c                xTaskPriorityDisinherit
 .text.vTaskPriorityDisinheritAfterTimeout
                0x000000000800c878      0x11c ./Middlewares/Third_Party/FreeRTOS/Source/tasks.o
                0x000000000800c878                vTaskPriorityDisinheritAfterTimeout
 .text.pvTaskIncrementMutexHeldCount
                0x000000000800c994       0x28 ./Middlewares/Third_Party/FreeRTOS/Source/tasks.o
                0x000000000800c994                pvTaskIncrementMutexHeldCount
 .text.prvAddCurrentTaskToDelayedList
                0x000000000800c9bc       0xcc ./Middlewares/Third_Party/FreeRTOS/Source/tasks.o
 .text.pxPortInitialiseStack
                0x000000000800ca88       0x68 ./Middlewares/Third_Party/FreeRTOS/Source/portable/GCC/ARM_CM4F/port.o
                0x000000000800ca88                pxPortInitialiseStack
 .text.prvTaskExitError
                0x000000000800caf0       0x58 ./Middlewares/Third_Party/FreeRTOS/Source/portable/GCC/ARM_CM4F/port.o
 *fill*         0x000000000800cb48        0x8 
 .text.SVC_Handler
                0x000000000800cb50       0x28 ./Middlewares/Third_Party/FreeRTOS/Source/portable/GCC/ARM_CM4F/port.o
                0x000000000800cb50                SVC_Handler
 .text.prvPortStartFirstTask
                0x000000000800cb78       0x28 ./Middlewares/Third_Party/FreeRTOS/Source/portable/GCC/ARM_CM4F/port.o
 .text.xPortStartScheduler
                0x000000000800cba0      0x144 ./Middlewares/Third_Party/FreeRTOS/Source/portable/GCC/ARM_CM4F/port.o
                0x000000000800cba0                xPortStartScheduler
 .text.vPortEnterCritical
                0x000000000800cce4       0x60 ./Middlewares/Third_Party/FreeRTOS/Source/portable/GCC/ARM_CM4F/port.o
                0x000000000800cce4                vPortEnterCritical
 .text.vPortExitCritical
                0x000000000800cd44       0x54 ./Middlewares/Third_Party/FreeRTOS/Source/portable/GCC/ARM_CM4F/port.o
                0x000000000800cd44                vPortExitCritical
 *fill*         0x000000000800cd98        0x8 
 .text.PendSV_Handler
                0x000000000800cda0       0x68 ./Middlewares/Third_Party/FreeRTOS/Source/portable/GCC/ARM_CM4F/port.o
                0x000000000800cda0                PendSV_Handler
 .text.SysTick_Handler
                0x000000000800ce08       0x44 ./Middlewares/Third_Party/FreeRTOS/Source/portable/GCC/ARM_CM4F/port.o
                0x000000000800ce08                SysTick_Handler
 .text.vPortSetupTimerInterrupt
                0x000000000800ce4c       0x48 ./Middlewares/Third_Party/FreeRTOS/Source/portable/GCC/ARM_CM4F/port.o
                0x000000000800ce4c                vPortSetupTimerInterrupt
 .text.vPortEnableVFP
                0x000000000800ce94       0x14 ./Middlewares/Third_Party/FreeRTOS/Source/portable/GCC/ARM_CM4F/port.o
 .text.vPortValidateInterruptPriority
                0x000000000800cea8       0x80 ./Middlewares/Third_Party/FreeRTOS/Source/portable/GCC/ARM_CM4F/port.o
                0x000000000800cea8                vPortValidateInterruptPriority
 .text.pvPortMalloc
                0x000000000800cf28      0x198 ./Middlewares/Third_Party/FreeRTOS/Source/portable/MemMang/heap_4.o
                0x000000000800cf28                pvPortMalloc
 .text.vPortFree
                0x000000000800d0c0       0xc4 ./Middlewares/Third_Party/FreeRTOS/Source/portable/MemMang/heap_4.o
                0x000000000800d0c0                vPortFree
 .text.prvHeapInit
                0x000000000800d184       0xc4 ./Middlewares/Third_Party/FreeRTOS/Source/portable/MemMang/heap_4.o
 .text.prvInsertBlockIntoFreeList
                0x000000000800d248       0xb4 ./Middlewares/Third_Party/FreeRTOS/Source/portable/MemMang/heap_4.o
 .text.__cvt    0x000000000800d2fc       0xc4 C:/ST/STM32CubeIDE_1.12.1/STM32CubeIDE/plugins/com.st.stm32cube.ide.mcu.externaltools.gnu-tools-for-stm32.11.3.rel1.win32_1.1.0.202305231506/tools/bin/../lib/gcc/arm-none-eabi/11.3.1/../../../../arm-none-eabi/lib/thumb/v7e-m+fp/hard\libc_nano.a(libc_a-nano-vfprintf_float.o)
                0x000000000800d2fc                __cvt
 .text.__exponent
                0x000000000800d3c0       0x7c C:/ST/STM32CubeIDE_1.12.1/STM32CubeIDE/plugins/com.st.stm32cube.ide.mcu.externaltools.gnu-tools-for-stm32.11.3.rel1.win32_1.1.0.202305231506/tools/bin/../lib/gcc/arm-none-eabi/11.3.1/../../../../arm-none-eabi/lib/thumb/v7e-m+fp/hard\libc_nano.a(libc_a-nano-vfprintf_float.o)
                0x000000000800d3c0                __exponent
 .text._printf_float
                0x000000000800d43c      0x46c C:/ST/STM32CubeIDE_1.12.1/STM32CubeIDE/plugins/com.st.stm32cube.ide.mcu.externaltools.gnu-tools-for-stm32.11.3.rel1.win32_1.1.0.202305231506/tools/bin/../lib/gcc/arm-none-eabi/11.3.1/../../../../arm-none-eabi/lib/thumb/v7e-m+fp/hard\libc_nano.a(libc_a-nano-vfprintf_float.o)
                0x000000000800d43c                _printf_float
 .text._printf_common
                0x000000000800d8a8       0xda C:/ST/STM32CubeIDE_1.12.1/STM32CubeIDE/plugins/com.st.stm32cube.ide.mcu.externaltools.gnu-tools-for-stm32.11.3.rel1.win32_1.1.0.202305231506/tools/bin/../lib/gcc/arm-none-eabi/11.3.1/../../../../arm-none-eabi/lib/thumb/v7e-m+fp/hard\libc_nano.a(libc_a-nano-vfprintf_i.o)
                0x000000000800d8a8                _printf_common
 *fill*         0x000000000800d982        0x2 
 .text._printf_i
                0x000000000800d984      0x244 C:/ST/STM32CubeIDE_1.12.1/STM32CubeIDE/plugins/com.st.stm32cube.ide.mcu.externaltools.gnu-tools-for-stm32.11.3.rel1.win32_1.1.0.202305231506/tools/bin/../lib/gcc/arm-none-eabi/11.3.1/../../../../arm-none-eabi/lib/thumb/v7e-m+fp/hard\libc_nano.a(libc_a-nano-vfprintf_i.o)
                0x000000000800d984                _printf_i
 .text.std      0x000000000800dbc8       0x48 C:/ST/STM32CubeIDE_1.12.1/STM32CubeIDE/plugins/com.st.stm32cube.ide.mcu.externaltools.gnu-tools-for-stm32.11.3.rel1.win32_1.1.0.202305231506/tools/bin/../lib/gcc/arm-none-eabi/11.3.1/../../../../arm-none-eabi/lib/thumb/v7e-m+fp/hard\libc_nano.a(libc_a-findfp.o)
 .text.stdio_exit_handler
                0x000000000800dc10       0x18 C:/ST/STM32CubeIDE_1.12.1/STM32CubeIDE/plugins/com.st.stm32cube.ide.mcu.externaltools.gnu-tools-for-stm32.11.3.rel1.win32_1.1.0.202305231506/tools/bin/../lib/gcc/arm-none-eabi/11.3.1/../../../../arm-none-eabi/lib/thumb/v7e-m+fp/hard\libc_nano.a(libc_a-findfp.o)
 .text.cleanup_stdio
                0x000000000800dc28       0x40 C:/ST/STM32CubeIDE_1.12.1/STM32CubeIDE/plugins/com.st.stm32cube.ide.mcu.externaltools.gnu-tools-for-stm32.11.3.rel1.win32_1.1.0.202305231506/tools/bin/../lib/gcc/arm-none-eabi/11.3.1/../../../../arm-none-eabi/lib/thumb/v7e-m+fp/hard\libc_nano.a(libc_a-findfp.o)
 .text.global_stdio_init.part.0
                0x000000000800dc68       0x3c C:/ST/STM32CubeIDE_1.12.1/STM32CubeIDE/plugins/com.st.stm32cube.ide.mcu.externaltools.gnu-tools-for-stm32.11.3.rel1.win32_1.1.0.202305231506/tools/bin/../lib/gcc/arm-none-eabi/11.3.1/../../../../arm-none-eabi/lib/thumb/v7e-m+fp/hard\libc_nano.a(libc_a-findfp.o)
 .text.__sfp_lock_acquire
                0x000000000800dca4        0xc C:/ST/STM32CubeIDE_1.12.1/STM32CubeIDE/plugins/com.st.stm32cube.ide.mcu.externaltools.gnu-tools-for-stm32.11.3.rel1.win32_1.1.0.202305231506/tools/bin/../lib/gcc/arm-none-eabi/11.3.1/../../../../arm-none-eabi/lib/thumb/v7e-m+fp/hard\libc_nano.a(libc_a-findfp.o)
                0x000000000800dca4                __sfp_lock_acquire
 .text.__sfp_lock_release
                0x000000000800dcb0        0xc C:/ST/STM32CubeIDE_1.12.1/STM32CubeIDE/plugins/com.st.stm32cube.ide.mcu.externaltools.gnu-tools-for-stm32.11.3.rel1.win32_1.1.0.202305231506/tools/bin/../lib/gcc/arm-none-eabi/11.3.1/../../../../arm-none-eabi/lib/thumb/v7e-m+fp/hard\libc_nano.a(libc_a-findfp.o)
                0x000000000800dcb0                __sfp_lock_release
 .text.__sinit  0x000000000800dcbc       0x30 C:/ST/STM32CubeIDE_1.12.1/STM32CubeIDE/plugins/com.st.stm32cube.ide.mcu.externaltools.gnu-tools-for-stm32.11.3.rel1.win32_1.1.0.202305231506/tools/bin/../lib/gcc/arm-none-eabi/11.3.1/../../../../arm-none-eabi/lib/thumb/v7e-m+fp/hard\libc_nano.a(libc_a-findfp.o)
                0x000000000800dcbc                __sinit
 .text._fwalk_sglue
                0x000000000800dcec       0x3c C:/ST/STM32CubeIDE_1.12.1/STM32CubeIDE/plugins/com.st.stm32cube.ide.mcu.externaltools.gnu-tools-for-stm32.11.3.rel1.win32_1.1.0.202305231506/tools/bin/../lib/gcc/arm-none-eabi/11.3.1/../../../../arm-none-eabi/lib/thumb/v7e-m+fp/hard\libc_nano.a(libc_a-fwalk.o)
                0x000000000800dcec                _fwalk_sglue
 .text.printf   0x000000000800dd28       0x24 C:/ST/STM32CubeIDE_1.12.1/STM32CubeIDE/plugins/com.st.stm32cube.ide.mcu.externaltools.gnu-tools-for-stm32.11.3.rel1.win32_1.1.0.202305231506/tools/bin/../lib/gcc/arm-none-eabi/11.3.1/../../../../arm-none-eabi/lib/thumb/v7e-m+fp/hard\libc_nano.a(libc_a-printf.o)
                0x000000000800dd28                iprintf
                0x000000000800dd28                printf
 .text._puts_r  0x000000000800dd4c       0xa8 C:/ST/STM32CubeIDE_1.12.1/STM32CubeIDE/plugins/com.st.stm32cube.ide.mcu.externaltools.gnu-tools-for-stm32.11.3.rel1.win32_1.1.0.202305231506/tools/bin/../lib/gcc/arm-none-eabi/11.3.1/../../../../arm-none-eabi/lib/thumb/v7e-m+fp/hard\libc_nano.a(libc_a-puts.o)
                0x000000000800dd4c                _puts_r
 .text.puts     0x000000000800ddf4       0x10 C:/ST/STM32CubeIDE_1.12.1/STM32CubeIDE/plugins/com.st.stm32cube.ide.mcu.externaltools.gnu-tools-for-stm32.11.3.rel1.win32_1.1.0.202305231506/tools/bin/../lib/gcc/arm-none-eabi/11.3.1/../../../../arm-none-eabi/lib/thumb/v7e-m+fp/hard\libc_nano.a(libc_a-puts.o)
                0x000000000800ddf4                puts
 .text.sprintf  0x000000000800de04       0x40 C:/ST/STM32CubeIDE_1.12.1/STM32CubeIDE/plugins/com.st.stm32cube.ide.mcu.externaltools.gnu-tools-for-stm32.11.3.rel1.win32_1.1.0.202305231506/tools/bin/../lib/gcc/arm-none-eabi/11.3.1/../../../../arm-none-eabi/lib/thumb/v7e-m+fp/hard\libc_nano.a(libc_a-sprintf.o)
                0x000000000800de04                siprintf
                0x000000000800de04                sprintf
 .text.__sread  0x000000000800de44       0x22 C:/ST/STM32CubeIDE_1.12.1/STM32CubeIDE/plugins/com.st.stm32cube.ide.mcu.externaltools.gnu-tools-for-stm32.11.3.rel1.win32_1.1.0.202305231506/tools/bin/../lib/gcc/arm-none-eabi/11.3.1/../../../../arm-none-eabi/lib/thumb/v7e-m+fp/hard\libc_nano.a(libc_a-stdio.o)
                0x000000000800de44                __sread
 .text.__swrite
                0x000000000800de66       0x38 C:/ST/STM32CubeIDE_1.12.1/STM32CubeIDE/plugins/com.st.stm32cube.ide.mcu.externaltools.gnu-tools-for-stm32.11.3.rel1.win32_1.1.0.202305231506/tools/bin/../lib/gcc/arm-none-eabi/11.3.1/../../../../arm-none-eabi/lib/thumb/v7e-m+fp/hard\libc_nano.a(libc_a-stdio.o)
                0x000000000800de66                __swrite
 .text.__sseek  0x000000000800de9e       0x24 C:/ST/STM32CubeIDE_1.12.1/STM32CubeIDE/plugins/com.st.stm32cube.ide.mcu.externaltools.gnu-tools-for-stm32.11.3.rel1.win32_1.1.0.202305231506/tools/bin/../lib/gcc/arm-none-eabi/11.3.1/../../../../arm-none-eabi/lib/thumb/v7e-m+fp/hard\libc_nano.a(libc_a-stdio.o)
                0x000000000800de9e                __sseek
 .text.__sclose
                0x000000000800dec2        0x8 C:/ST/STM32CubeIDE_1.12.1/STM32CubeIDE/plugins/com.st.stm32cube.ide.mcu.externaltools.gnu-tools-for-stm32.11.3.rel1.win32_1.1.0.202305231506/tools/bin/../lib/gcc/arm-none-eabi/11.3.1/../../../../arm-none-eabi/lib/thumb/v7e-m+fp/hard\libc_nano.a(libc_a-stdio.o)
                0x000000000800dec2                __sclose
 .text.__swbuf_r
                0x000000000800deca       0x7a C:/ST/STM32CubeIDE_1.12.1/STM32CubeIDE/plugins/com.st.stm32cube.ide.mcu.externaltools.gnu-tools-for-stm32.11.3.rel1.win32_1.1.0.202305231506/tools/bin/../lib/gcc/arm-none-eabi/11.3.1/../../../../arm-none-eabi/lib/thumb/v7e-m+fp/hard\libc_nano.a(libc_a-wbuf.o)
                0x000000000800deca                __swbuf_r
 .text.__swsetup_r
                0x000000000800df44       0xb0 C:/ST/STM32CubeIDE_1.12.1/STM32CubeIDE/plugins/com.st.stm32cube.ide.mcu.externaltools.gnu-tools-for-stm32.11.3.rel1.win32_1.1.0.202305231506/tools/bin/../lib/gcc/arm-none-eabi/11.3.1/../../../../arm-none-eabi/lib/thumb/v7e-m+fp/hard\libc_nano.a(libc_a-wsetup.o)
                0x000000000800df44                __swsetup_r
 .text.memset   0x000000000800dff4       0x10 C:/ST/STM32CubeIDE_1.12.1/STM32CubeIDE/plugins/com.st.stm32cube.ide.mcu.externaltools.gnu-tools-for-stm32.11.3.rel1.win32_1.1.0.202305231506/tools/bin/../lib/gcc/arm-none-eabi/11.3.1/../../../../arm-none-eabi/lib/thumb/v7e-m+fp/hard\libc_nano.a(libc_a-memset.o)
                0x000000000800dff4                memset
 .text.strncpy  0x000000000800e004       0x26 C:/ST/STM32CubeIDE_1.12.1/STM32CubeIDE/plugins/com.st.stm32cube.ide.mcu.externaltools.gnu-tools-for-stm32.11.3.rel1.win32_1.1.0.202305231506/tools/bin/../lib/gcc/arm-none-eabi/11.3.1/../../../../arm-none-eabi/lib/thumb/v7e-m+fp/hard\libc_nano.a(libc_a-strncpy.o)
                0x000000000800e004                strncpy
 *fill*         0x000000000800e02a        0x2 
 .text._localeconv_r
                0x000000000800e02c        0x8 C:/ST/STM32CubeIDE_1.12.1/STM32CubeIDE/plugins/com.st.stm32cube.ide.mcu.externaltools.gnu-tools-for-stm32.11.3.rel1.win32_1.1.0.202305231506/tools/bin/../lib/gcc/arm-none-eabi/11.3.1/../../../../arm-none-eabi/lib/thumb/v7e-m+fp/hard\libc_nano.a(libc_a-localeconv.o)
                0x000000000800e02c                _localeconv_r
 .text._close_r
                0x000000000800e034       0x20 C:/ST/STM32CubeIDE_1.12.1/STM32CubeIDE/plugins/com.st.stm32cube.ide.mcu.externaltools.gnu-tools-for-stm32.11.3.rel1.win32_1.1.0.202305231506/tools/bin/../lib/gcc/arm-none-eabi/11.3.1/../../../../arm-none-eabi/lib/thumb/v7e-m+fp/hard\libc_nano.a(libc_a-closer.o)
                0x000000000800e034                _close_r
 .text._reclaim_reent
                0x000000000800e054       0xac C:/ST/STM32CubeIDE_1.12.1/STM32CubeIDE/plugins/com.st.stm32cube.ide.mcu.externaltools.gnu-tools-for-stm32.11.3.rel1.win32_1.1.0.202305231506/tools/bin/../lib/gcc/arm-none-eabi/11.3.1/../../../../arm-none-eabi/lib/thumb/v7e-m+fp/hard\libc_nano.a(libc_a-reent.o)
                0x000000000800e054                _reclaim_reent
 .text._lseek_r
                0x000000000800e100       0x24 C:/ST/STM32CubeIDE_1.12.1/STM32CubeIDE/plugins/com.st.stm32cube.ide.mcu.externaltools.gnu-tools-for-stm32.11.3.rel1.win32_1.1.0.202305231506/tools/bin/../lib/gcc/arm-none-eabi/11.3.1/../../../../arm-none-eabi/lib/thumb/v7e-m+fp/hard\libc_nano.a(libc_a-lseekr.o)
                0x000000000800e100                _lseek_r
 .text._read_r  0x000000000800e124       0x24 C:/ST/STM32CubeIDE_1.12.1/STM32CubeIDE/plugins/com.st.stm32cube.ide.mcu.externaltools.gnu-tools-for-stm32.11.3.rel1.win32_1.1.0.202305231506/tools/bin/../lib/gcc/arm-none-eabi/11.3.1/../../../../arm-none-eabi/lib/thumb/v7e-m+fp/hard\libc_nano.a(libc_a-readr.o)
                0x000000000800e124                _read_r
 .text._write_r
                0x000000000800e148       0x24 C:/ST/STM32CubeIDE_1.12.1/STM32CubeIDE/plugins/com.st.stm32cube.ide.mcu.externaltools.gnu-tools-for-stm32.11.3.rel1.win32_1.1.0.202305231506/tools/bin/../lib/gcc/arm-none-eabi/11.3.1/../../../../arm-none-eabi/lib/thumb/v7e-m+fp/hard\libc_nano.a(libc_a-writer.o)
                0x000000000800e148                _write_r
 .text.__errno  0x000000000800e16c        0xc C:/ST/STM32CubeIDE_1.12.1/STM32CubeIDE/plugins/com.st.stm32cube.ide.mcu.externaltools.gnu-tools-for-stm32.11.3.rel1.win32_1.1.0.202305231506/tools/bin/../lib/gcc/arm-none-eabi/11.3.1/../../../../arm-none-eabi/lib/thumb/v7e-m+fp/hard\libc_nano.a(libc_a-errno.o)
                0x000000000800e16c                __errno
 .text.__libc_init_array
                0x000000000800e178       0x48 C:/ST/STM32CubeIDE_1.12.1/STM32CubeIDE/plugins/com.st.stm32cube.ide.mcu.externaltools.gnu-tools-for-stm32.11.3.rel1.win32_1.1.0.202305231506/tools/bin/../lib/gcc/arm-none-eabi/11.3.1/../../../../arm-none-eabi/lib/thumb/v7e-m+fp/hard\libc_nano.a(libc_a-init.o)
                0x000000000800e178                __libc_init_array
 .text.__retarget_lock_acquire_recursive
                0x000000000800e1c0        0x2 C:/ST/STM32CubeIDE_1.12.1/STM32CubeIDE/plugins/com.st.stm32cube.ide.mcu.externaltools.gnu-tools-for-stm32.11.3.rel1.win32_1.1.0.202305231506/tools/bin/../lib/gcc/arm-none-eabi/11.3.1/../../../../arm-none-eabi/lib/thumb/v7e-m+fp/hard\libc_nano.a(libc_a-lock.o)
                0x000000000800e1c0                __retarget_lock_acquire_recursive
 .text.__retarget_lock_release_recursive
                0x000000000800e1c2        0x2 C:/ST/STM32CubeIDE_1.12.1/STM32CubeIDE/plugins/com.st.stm32cube.ide.mcu.externaltools.gnu-tools-for-stm32.11.3.rel1.win32_1.1.0.202305231506/tools/bin/../lib/gcc/arm-none-eabi/11.3.1/../../../../arm-none-eabi/lib/thumb/v7e-m+fp/hard\libc_nano.a(libc_a-lock.o)
                0x000000000800e1c2                __retarget_lock_release_recursive
 .text.memcpy   0x000000000800e1c4       0x1c C:/ST/STM32CubeIDE_1.12.1/STM32CubeIDE/plugins/com.st.stm32cube.ide.mcu.externaltools.gnu-tools-for-stm32.11.3.rel1.win32_1.1.0.202305231506/tools/bin/../lib/gcc/arm-none-eabi/11.3.1/../../../../arm-none-eabi/lib/thumb/v7e-m+fp/hard\libc_nano.a(libc_a-memcpy-stub.o)
                0x000000000800e1c4                memcpy
 .text.quorem   0x000000000800e1e0      0x110 C:/ST/STM32CubeIDE_1.12.1/STM32CubeIDE/plugins/com.st.stm32cube.ide.mcu.externaltools.gnu-tools-for-stm32.11.3.rel1.win32_1.1.0.202305231506/tools/bin/../lib/gcc/arm-none-eabi/11.3.1/../../../../arm-none-eabi/lib/thumb/v7e-m+fp/hard\libc_nano.a(libc_a-dtoa.o)
 .text._dtoa_r  0x000000000800e2f0      0xbe4 C:/ST/STM32CubeIDE_1.12.1/STM32CubeIDE/plugins/com.st.stm32cube.ide.mcu.externaltools.gnu-tools-for-stm32.11.3.rel1.win32_1.1.0.202305231506/tools/bin/../lib/gcc/arm-none-eabi/11.3.1/../../../../arm-none-eabi/lib/thumb/v7e-m+fp/hard\libc_nano.a(libc_a-dtoa.o)
                0x000000000800e2f0                _dtoa_r
 .text._free_r  0x000000000800eed4       0x98 C:/ST/STM32CubeIDE_1.12.1/STM32CubeIDE/plugins/com.st.stm32cube.ide.mcu.externaltools.gnu-tools-for-stm32.11.3.rel1.win32_1.1.0.202305231506/tools/bin/../lib/gcc/arm-none-eabi/11.3.1/../../../../arm-none-eabi/lib/thumb/v7e-m+fp/hard\libc_nano.a(libc_a-freer.o)
                0x000000000800eed4                _free_r
 .text.malloc   0x000000000800ef6c       0x10 C:/ST/STM32CubeIDE_1.12.1/STM32CubeIDE/plugins/com.st.stm32cube.ide.mcu.externaltools.gnu-tools-for-stm32.11.3.rel1.win32_1.1.0.202305231506/tools/bin/../lib/gcc/arm-none-eabi/11.3.1/../../../../arm-none-eabi/lib/thumb/v7e-m+fp/hard\libc_nano.a(libc_a-malloc.o)
                0x000000000800ef6c                malloc
 .text.sbrk_aligned
                0x000000000800ef7c       0x40 C:/ST/STM32CubeIDE_1.12.1/STM32CubeIDE/plugins/com.st.stm32cube.ide.mcu.externaltools.gnu-tools-for-stm32.11.3.rel1.win32_1.1.0.202305231506/tools/bin/../lib/gcc/arm-none-eabi/11.3.1/../../../../arm-none-eabi/lib/thumb/v7e-m+fp/hard\libc_nano.a(libc_a-mallocr.o)
 .text._malloc_r
                0x000000000800efbc      0x100 C:/ST/STM32CubeIDE_1.12.1/STM32CubeIDE/plugins/com.st.stm32cube.ide.mcu.externaltools.gnu-tools-for-stm32.11.3.rel1.win32_1.1.0.202305231506/tools/bin/../lib/gcc/arm-none-eabi/11.3.1/../../../../arm-none-eabi/lib/thumb/v7e-m+fp/hard\libc_nano.a(libc_a-mallocr.o)
                0x000000000800efbc                _malloc_r
 .text.__malloc_lock
                0x000000000800f0bc        0xc C:/ST/STM32CubeIDE_1.12.1/STM32CubeIDE/plugins/com.st.stm32cube.ide.mcu.externaltools.gnu-tools-for-stm32.11.3.rel1.win32_1.1.0.202305231506/tools/bin/../lib/gcc/arm-none-eabi/11.3.1/../../../../arm-none-eabi/lib/thumb/v7e-m+fp/hard\libc_nano.a(libc_a-mlock.o)
                0x000000000800f0bc                __malloc_lock
 .text.__malloc_unlock
                0x000000000800f0c8        0xc C:/ST/STM32CubeIDE_1.12.1/STM32CubeIDE/plugins/com.st.stm32cube.ide.mcu.externaltools.gnu-tools-for-stm32.11.3.rel1.win32_1.1.0.202305231506/tools/bin/../lib/gcc/arm-none-eabi/11.3.1/../../../../arm-none-eabi/lib/thumb/v7e-m+fp/hard\libc_nano.a(libc_a-mlock.o)
                0x000000000800f0c8                __malloc_unlock
 .text._Balloc  0x000000000800f0d4       0x80 C:/ST/STM32CubeIDE_1.12.1/STM32CubeIDE/plugins/com.st.stm32cube.ide.mcu.externaltools.gnu-tools-for-stm32.11.3.rel1.win32_1.1.0.202305231506/tools/bin/../lib/gcc/arm-none-eabi/11.3.1/../../../../arm-none-eabi/lib/thumb/v7e-m+fp/hard\libc_nano.a(libc_a-mprec.o)
                0x000000000800f0d4                _Balloc
 .text._Bfree   0x000000000800f154       0x44 C:/ST/STM32CubeIDE_1.12.1/STM32CubeIDE/plugins/com.st.stm32cube.ide.mcu.externaltools.gnu-tools-for-stm32.11.3.rel1.win32_1.1.0.202305231506/tools/bin/../lib/gcc/arm-none-eabi/11.3.1/../../../../arm-none-eabi/lib/thumb/v7e-m+fp/hard\libc_nano.a(libc_a-mprec.o)
                0x000000000800f154                _Bfree
 .text.__multadd
                0x000000000800f198       0x8c C:/ST/STM32CubeIDE_1.12.1/STM32CubeIDE/plugins/com.st.stm32cube.ide.mcu.externaltools.gnu-tools-for-stm32.11.3.rel1.win32_1.1.0.202305231506/tools/bin/../lib/gcc/arm-none-eabi/11.3.1/../../../../arm-none-eabi/lib/thumb/v7e-m+fp/hard\libc_nano.a(libc_a-mprec.o)
                0x000000000800f198                __multadd
 .text.__hi0bits
                0x000000000800f224       0x40 C:/ST/STM32CubeIDE_1.12.1/STM32CubeIDE/plugins/com.st.stm32cube.ide.mcu.externaltools.gnu-tools-for-stm32.11.3.rel1.win32_1.1.0.202305231506/tools/bin/../lib/gcc/arm-none-eabi/11.3.1/../../../../arm-none-eabi/lib/thumb/v7e-m+fp/hard\libc_nano.a(libc_a-mprec.o)
                0x000000000800f224                __hi0bits
 .text.__lo0bits
                0x000000000800f264       0x5a C:/ST/STM32CubeIDE_1.12.1/STM32CubeIDE/plugins/com.st.stm32cube.ide.mcu.externaltools.gnu-tools-for-stm32.11.3.rel1.win32_1.1.0.202305231506/tools/bin/../lib/gcc/arm-none-eabi/11.3.1/../../../../arm-none-eabi/lib/thumb/v7e-m+fp/hard\libc_nano.a(libc_a-mprec.o)
                0x000000000800f264                __lo0bits
 *fill*         0x000000000800f2be        0x2 
 .text.__i2b    0x000000000800f2c0       0x2c C:/ST/STM32CubeIDE_1.12.1/STM32CubeIDE/plugins/com.st.stm32cube.ide.mcu.externaltools.gnu-tools-for-stm32.11.3.rel1.win32_1.1.0.202305231506/tools/bin/../lib/gcc/arm-none-eabi/11.3.1/../../../../arm-none-eabi/lib/thumb/v7e-m+fp/hard\libc_nano.a(libc_a-mprec.o)
                0x000000000800f2c0                __i2b
 .text.__multiply
                0x000000000800f2ec      0x154 C:/ST/STM32CubeIDE_1.12.1/STM32CubeIDE/plugins/com.st.stm32cube.ide.mcu.externaltools.gnu-tools-for-stm32.11.3.rel1.win32_1.1.0.202305231506/tools/bin/../lib/gcc/arm-none-eabi/11.3.1/../../../../arm-none-eabi/lib/thumb/v7e-m+fp/hard\libc_nano.a(libc_a-mprec.o)
                0x000000000800f2ec                __multiply
 .text.__pow5mult
                0x000000000800f440       0xb4 C:/ST/STM32CubeIDE_1.12.1/STM32CubeIDE/plugins/com.st.stm32cube.ide.mcu.externaltools.gnu-tools-for-stm32.11.3.rel1.win32_1.1.0.202305231506/tools/bin/../lib/gcc/arm-none-eabi/11.3.1/../../../../arm-none-eabi/lib/thumb/v7e-m+fp/hard\libc_nano.a(libc_a-mprec.o)
                0x000000000800f440                __pow5mult
 .text.__lshift
                0x000000000800f4f4       0xd8 C:/ST/STM32CubeIDE_1.12.1/STM32CubeIDE/plugins/com.st.stm32cube.ide.mcu.externaltools.gnu-tools-for-stm32.11.3.rel1.win32_1.1.0.202305231506/tools/bin/../lib/gcc/arm-none-eabi/11.3.1/../../../../arm-none-eabi/lib/thumb/v7e-m+fp/hard\libc_nano.a(libc_a-mprec.o)
                0x000000000800f4f4                __lshift
 .text.__mcmp   0x000000000800f5cc       0x38 C:/ST/STM32CubeIDE_1.12.1/STM32CubeIDE/plugins/com.st.stm32cube.ide.mcu.externaltools.gnu-tools-for-stm32.11.3.rel1.win32_1.1.0.202305231506/tools/bin/../lib/gcc/arm-none-eabi/11.3.1/../../../../arm-none-eabi/lib/thumb/v7e-m+fp/hard\libc_nano.a(libc_a-mprec.o)
                0x000000000800f5cc                __mcmp
 .text.__mdiff  0x000000000800f604      0x114 C:/ST/STM32CubeIDE_1.12.1/STM32CubeIDE/plugins/com.st.stm32cube.ide.mcu.externaltools.gnu-tools-for-stm32.11.3.rel1.win32_1.1.0.202305231506/tools/bin/../lib/gcc/arm-none-eabi/11.3.1/../../../../arm-none-eabi/lib/thumb/v7e-m+fp/hard\libc_nano.a(libc_a-mprec.o)
                0x000000000800f604                __mdiff
 .text.__d2b    0x000000000800f718       0xb4 C:/ST/STM32CubeIDE_1.12.1/STM32CubeIDE/plugins/com.st.stm32cube.ide.mcu.externaltools.gnu-tools-for-stm32.11.3.rel1.win32_1.1.0.202305231506/tools/bin/../lib/gcc/arm-none-eabi/11.3.1/../../../../arm-none-eabi/lib/thumb/v7e-m+fp/hard\libc_nano.a(libc_a-mprec.o)
                0x000000000800f718                __d2b
 .text.__ssputs_r
                0x000000000800f7cc       0xb4 C:/ST/STM32CubeIDE_1.12.1/STM32CubeIDE/plugins/com.st.stm32cube.ide.mcu.externaltools.gnu-tools-for-stm32.11.3.rel1.win32_1.1.0.202305231506/tools/bin/../lib/gcc/arm-none-eabi/11.3.1/../../../../arm-none-eabi/lib/thumb/v7e-m+fp/hard\libc_nano.a(libc_a-nano-svfprintf.o)
                0x000000000800f7cc                __ssputs_r
 .text._svfprintf_r
                0x000000000800f880      0x1fc C:/ST/STM32CubeIDE_1.12.1/STM32CubeIDE/plugins/com.st.stm32cube.ide.mcu.externaltools.gnu-tools-for-stm32.11.3.rel1.win32_1.1.0.202305231506/tools/bin/../lib/gcc/arm-none-eabi/11.3.1/../../../../arm-none-eabi/lib/thumb/v7e-m+fp/hard\libc_nano.a(libc_a-nano-svfprintf.o)
                0x000000000800f880                _svfiprintf_r
                0x000000000800f880                _svfprintf_r
 .text.__sfputc_r
                0x000000000800fa7c       0x2e C:/ST/STM32CubeIDE_1.12.1/STM32CubeIDE/plugins/com.st.stm32cube.ide.mcu.externaltools.gnu-tools-for-stm32.11.3.rel1.win32_1.1.0.202305231506/tools/bin/../lib/gcc/arm-none-eabi/11.3.1/../../../../arm-none-eabi/lib/thumb/v7e-m+fp/hard\libc_nano.a(libc_a-nano-vfprintf.o)
 .text.__sfputs_r
                0x000000000800faaa       0x24 C:/ST/STM32CubeIDE_1.12.1/STM32CubeIDE/plugins/com.st.stm32cube.ide.mcu.externaltools.gnu-tools-for-stm32.11.3.rel1.win32_1.1.0.202305231506/tools/bin/../lib/gcc/arm-none-eabi/11.3.1/../../../../arm-none-eabi/lib/thumb/v7e-m+fp/hard\libc_nano.a(libc_a-nano-vfprintf.o)
                0x000000000800faaa                __sfputs_r
 *fill*         0x000000000800face        0x2 
 .text._vfprintf_r
                0x000000000800fad0      0x234 C:/ST/STM32CubeIDE_1.12.1/STM32CubeIDE/plugins/com.st.stm32cube.ide.mcu.externaltools.gnu-tools-for-stm32.11.3.rel1.win32_1.1.0.202305231506/tools/bin/../lib/gcc/arm-none-eabi/11.3.1/../../../../arm-none-eabi/lib/thumb/v7e-m+fp/hard\libc_nano.a(libc_a-nano-vfprintf.o)
                0x000000000800fad0                _vfprintf_r
                0x000000000800fad0                _vfiprintf_r
 .text.__sflush_r
                0x000000000800fd04      0x10c C:/ST/STM32CubeIDE_1.12.1/STM32CubeIDE/plugins/com.st.stm32cube.ide.mcu.externaltools.gnu-tools-for-stm32.11.3.rel1.win32_1.1.0.202305231506/tools/bin/../lib/gcc/arm-none-eabi/11.3.1/../../../../arm-none-eabi/lib/thumb/v7e-m+fp/hard\libc_nano.a(libc_a-fflush.o)
                0x000000000800fd04                __sflush_r
 .text._fflush_r
                0x000000000800fe10       0x50 C:/ST/STM32CubeIDE_1.12.1/STM32CubeIDE/plugins/com.st.stm32cube.ide.mcu.externaltools.gnu-tools-for-stm32.11.3.rel1.win32_1.1.0.202305231506/tools/bin/../lib/gcc/arm-none-eabi/11.3.1/../../../../arm-none-eabi/lib/thumb/v7e-m+fp/hard\libc_nano.a(libc_a-fflush.o)
                0x000000000800fe10                _fflush_r
 .text.__swhatbuf_r
                0x000000000800fe60       0x4c C:/ST/STM32CubeIDE_1.12.1/STM32CubeIDE/plugins/com.st.stm32cube.ide.mcu.externaltools.gnu-tools-for-stm32.11.3.rel1.win32_1.1.0.202305231506/tools/bin/../lib/gcc/arm-none-eabi/11.3.1/../../../../arm-none-eabi/lib/thumb/v7e-m+fp/hard\libc_nano.a(libc_a-makebuf.o)
                0x000000000800fe60                __swhatbuf_r
 .text.__smakebuf_r
                0x000000000800feac       0x78 C:/ST/STM32CubeIDE_1.12.1/STM32CubeIDE/plugins/com.st.stm32cube.ide.mcu.externaltools.gnu-tools-for-stm32.11.3.rel1.win32_1.1.0.202305231506/tools/bin/../lib/gcc/arm-none-eabi/11.3.1/../../../../arm-none-eabi/lib/thumb/v7e-m+fp/hard\libc_nano.a(libc_a-makebuf.o)
                0x000000000800feac                __smakebuf_r
 .text.memmove  0x000000000800ff24       0x34 C:/ST/STM32CubeIDE_1.12.1/STM32CubeIDE/plugins/com.st.stm32cube.ide.mcu.externaltools.gnu-tools-for-stm32.11.3.rel1.win32_1.1.0.202305231506/tools/bin/../lib/gcc/arm-none-eabi/11.3.1/../../../../arm-none-eabi/lib/thumb/v7e-m+fp/hard\libc_nano.a(libc_a-memmove.o)
                0x000000000800ff24                memmove
 .text._fstat_r
                0x000000000800ff58       0x24 C:/ST/STM32CubeIDE_1.12.1/STM32CubeIDE/plugins/com.st.stm32cube.ide.mcu.externaltools.gnu-tools-for-stm32.11.3.rel1.win32_1.1.0.202305231506/tools/bin/../lib/gcc/arm-none-eabi/11.3.1/../../../../arm-none-eabi/lib/thumb/v7e-m+fp/hard\libc_nano.a(libc_a-fstatr.o)
                0x000000000800ff58                _fstat_r
 .text._isatty_r
                0x000000000800ff7c       0x20 C:/ST/STM32CubeIDE_1.12.1/STM32CubeIDE/plugins/com.st.stm32cube.ide.mcu.externaltools.gnu-tools-for-stm32.11.3.rel1.win32_1.1.0.202305231506/tools/bin/../lib/gcc/arm-none-eabi/11.3.1/../../../../arm-none-eabi/lib/thumb/v7e-m+fp/hard\libc_nano.a(libc_a-isattyr.o)
                0x000000000800ff7c                _isatty_r
 .text._sbrk_r  0x000000000800ff9c       0x20 C:/ST/STM32CubeIDE_1.12.1/STM32CubeIDE/plugins/com.st.stm32cube.ide.mcu.externaltools.gnu-tools-for-stm32.11.3.rel1.win32_1.1.0.202305231506/tools/bin/../lib/gcc/arm-none-eabi/11.3.1/../../../../arm-none-eabi/lib/thumb/v7e-m+fp/hard\libc_nano.a(libc_a-sbrkr.o)
                0x000000000800ff9c                _sbrk_r
 .text.__assert_func