Archive member included to satisfy reference by file (symbol)

C:/ST/STM32CubeIDE_1.12.1/STM32CubeIDE/plugins/com.st.stm32cube.ide.mcu.externaltools.gnu-tools-for-stm32.11.3.rel1.win32_1.1.0.202305231506/tools/bin/../lib/gcc/arm-none-eabi/11.3.1/../../../../arm-none-eabi/lib/thumb/v7e-m+fp/hard\libc_nano.a(libc_a-exit.o)
                              C:/ST/STM32CubeIDE_1.12.1/STM32CubeIDE/plugins/com.st.stm32cube.ide.mcu.externaltools.gnu-tools-for-stm32.11.3.rel1.win32_1.1.0.202305231506/tools/bin/../lib/gcc/arm-none-eabi/11.3.1/../../../../arm-none-eabi/lib/thumb/v7e-m+fp/hard/crt0.o (exit)
C:/ST/STM32CubeIDE_1.12.1/STM32CubeIDE/plugins/com.st.stm32cube.ide.mcu.externaltools.gnu-tools-for-stm32.11.3.rel1.win32_1.1.0.202305231506/tools/bin/../lib/gcc/arm-none-eabi/11.3.1/../../../../arm-none-eabi/lib/thumb/v7e-m+fp/hard\libc_nano.a(libc_a-nano-vfprintf_float.o)
                              (_printf_float)
C:/ST/STM32CubeIDE_1.12.1/STM32CubeIDE/plugins/com.st.stm32cube.ide.mcu.externaltools.gnu-tools-for-stm32.11.3.rel1.win32_1.1.0.202305231506/tools/bin/../lib/gcc/arm-none-eabi/11.3.1/../../../../arm-none-eabi/lib/thumb/v7e-m+fp/hard\libc_nano.a(libc_a-nano-vfprintf_i.o)
                              C:/ST/STM32CubeIDE_1.12.1/STM32CubeIDE/plugins/com.st.stm32cube.ide.mcu.externaltools.gnu-tools-for-stm32.11.3.rel1.win32_1.1.0.202305231506/tools/bin/../lib/gcc/arm-none-eabi/11.3.1/../../../../arm-none-eabi/lib/thumb/v7e-m+fp/hard\libc_nano.a(libc_a-nano-vfprintf_float.o) (_printf_common)
C:/ST/STM32CubeIDE_1.12.1/STM32CubeIDE/plugins/com.st.stm32cube.ide.mcu.externaltools.gnu-tools-for-stm32.11.3.rel1.win32_1.1.0.202305231506/tools/bin/../lib/gcc/arm-none-eabi/11.3.1/../../../../arm-none-eabi/lib/thumb/v7e-m+fp/hard\libc_nano.a(libc_a-findfp.o)
                              ./Middlewares/Third_Party/FreeRTOS/Source/tasks.o (__sf)
C:/ST/STM32CubeIDE_1.12.1/STM32CubeIDE/plugins/com.st.stm32cube.ide.mcu.externaltools.gnu-tools-for-stm32.11.3.rel1.win32_1.1.0.202305231506/tools/bin/../lib/gcc/arm-none-eabi/11.3.1/../../../../arm-none-eabi/lib/thumb/v7e-m+fp/hard\libc_nano.a(libc_a-fwalk.o)
                              C:/ST/STM32CubeIDE_1.12.1/STM32CubeIDE/plugins/com.st.stm32cube.ide.mcu.externaltools.gnu-tools-for-stm32.11.3.rel1.win32_1.1.0.202305231506/tools/bin/../lib/gcc/arm-none-eabi/11.3.1/../../../../arm-none-eabi/lib/thumb/v7e-m+fp/hard\libc_nano.a(libc_a-findfp.o) (_fwalk_sglue)
C:/ST/STM32CubeIDE_1.12.1/STM32CubeIDE/plugins/com.st.stm32cube.ide.mcu.externaltools.gnu-tools-for-stm32.11.3.rel1.win32_1.1.0.202305231506/tools/bin/../lib/gcc/arm-none-eabi/11.3.1/../../../../arm-none-eabi/lib/thumb/v7e-m+fp/hard\libc_nano.a(libc_a-printf.o)
                              ./Core/Src/menu.o (printf)
C:/ST/STM32CubeIDE_1.12.1/STM32CubeIDE/plugins/com.st.stm32cube.ide.mcu.externaltools.gnu-tools-for-stm32.11.3.rel1.win32_1.1.0.202305231506/tools/bin/../lib/gcc/arm-none-eabi/11.3.1/../../../../arm-none-eabi/lib/thumb/v7e-m+fp/hard\libc_nano.a(libc_a-puts.o)
                              ./Core/Src/freertos.o (puts)
C:/ST/STM32CubeIDE_1.12.1/STM32CubeIDE/plugins/com.st.stm32cube.ide.mcu.externaltools.gnu-tools-for-stm32.11.3.rel1.win32_1.1.0.202305231506/tools/bin/../lib/gcc/arm-none-eabi/11.3.1/../../../../arm-none-eabi/lib/thumb/v7e-m+fp/hard\libc_nano.a(libc_a-sprintf.o)
                              ./Core/Src/File_Handling_RTOS.o (sprintf)
C:/ST/STM32CubeIDE_1.12.1/STM32CubeIDE/plugins/com.st.stm32cube.ide.mcu.externaltools.gnu-tools-for-stm32.11.3.rel1.win32_1.1.0.202305231506/tools/bin/../lib/gcc/arm-none-eabi/11.3.1/../../../../arm-none-eabi/lib/thumb/v7e-m+fp/hard\libc_nano.a(libc_a-stdio.o)
                              C:/ST/STM32CubeIDE_1.12.1/STM32CubeIDE/plugins/com.st.stm32cube.ide.mcu.externaltools.gnu-tools-for-stm32.11.3.rel1.win32_1.1.0.202305231506/tools/bin/../lib/gcc/arm-none-eabi/11.3.1/../../../../arm-none-eabi/lib/thumb/v7e-m+fp/hard\libc_nano.a(libc_a-findfp.o) (__sread)
C:/ST/STM32CubeIDE_1.12.1/STM32CubeIDE/plugins/com.st.stm32cube.ide.mcu.externaltools.gnu-tools-for-stm32.11.3.rel1.win32_1.1.0.202305231506/tools/bin/../lib/gcc/arm-none-eabi/11.3.1/../../../../arm-none-eabi/lib/thumb/v7e-m+fp/hard\libc_nano.a(libc_a-wbuf.o)
                              C:/ST/STM32CubeIDE_1.12.1/STM32CubeIDE/plugins/com.st.stm32cube.ide.mcu.externaltools.gnu-tools-for-stm32.11.3.rel1.win32_1.1.0.202305231506/tools/bin/../lib/gcc/arm-none-eabi/11.3.1/../../../../arm-none-eabi/lib/thumb/v7e-m+fp/hard\libc_nano.a(libc_a-puts.o) (__swbuf_r)
C:/ST/STM32CubeIDE_1.12.1/STM32CubeIDE/plugins/com.st.stm32cube.ide.mcu.externaltools.gnu-tools-for-stm32.11.3.rel1.win32_1.1.0.202305231506/tools/bin/../lib/gcc/arm-none-eabi/11.3.1/../../../../arm-none-eabi/lib/thumb/v7e-m+fp/hard\libc_nano.a(libc_a-wsetup.o)
[...]
Memory Configuration

Name             Origin             Length             Attributes
RAM              0x0000000020000000 0x0000000000020000 xrw
FLASH            0x0000000008000000 0x0000000000080000 xr
*default*        0x0000000000000000 0xffffffffffffffff

Linker script and memory map

LOAD C:/ST/STM32CubeIDE_1.12.1/STM32CubeIDE/plugins/com.st.stm32cube.ide.mcu.externaltools.gnu-tools-for-stm32.11.3.rel1.win32_1.1.0.202305231506/tools/bin/../lib/gcc/arm-none-eabi/11.3.1/thumb/v7e-m+fp/hard/crti.o
LOAD C:/ST/STM32CubeIDE_1.12.1/STM32CubeIDE/plugins/com.st.stm32cube.ide.mcu.externaltools.gnu-tools-for-stm32.11.3.rel1.win32_1.1.0.202305231506/tools/bin/../lib/gcc/arm-none-eabi/11.3.1/thumb/v7e-m+fp/hard/crtbegin.o
LOAD C:/ST/STM32CubeIDE_1.12.1/STM32CubeIDE/plugins/com.st.stm32cube.ide.mcu.externaltools.gnu-tools-for-stm32.11.3.rel1.win32_1.1.0.202305231506/tools/bin/../lib/gcc/arm-none-eabi/11.3.1/../../../../arm-none-eabi/lib/thumb/v7e-m+fp/hard/crt0.o
LOAD ./Core/Src/File_Handling_RTOS.o
LOAD ./Core/Src/adc.o
LOAD ./Core/Src/button.o
LOAD ./Core/Src/dma.o
LOAD ./Core/Src/fatfs_sd.o
LOAD ./Core/Src/freertos.o
LOAD ./Core/Src/gpio.o
LOAD ./Core/Src/i2c.o
LOAD ./Core/Src/liquidcrystal_i2c.o
LOAD ./Core/Src/main.o
LOAD ./Core/Src/menu.o
LOAD ./Core/Src/spi.o
LOAD ./Core/Src/stm32f4xx_hal_msp.o
LOAD ./Core/Src/stm32f4xx_hal_timebase_tim.o
LOAD ./Core/Src/stm32f4xx_it.o
LOAD ./Core/Src/syscalls.o
LOAD ./Core/Src/sysmem.o
LOAD ./Core/Src/system_stm32f4xx.o
LOAD ./Core/Src/tim.o
LOAD ./Core/Src/travelSensor.o
LOAD ./Core/Src/usart.o
LOAD ./Core/Startup/startup_stm32f446retx.o
LOAD ./Drivers/STM32F4xx_HAL_Driver/Src/stm32f4xx_hal.o
LOAD ./Drivers/STM32F4xx_HAL_Driver/Src/stm32f4xx_hal_adc.o
LOAD ./Drivers/STM32F4xx_HAL_Driver/Src/stm32f4xx_hal_adc_ex.o
LOAD ./Drivers/STM32F4xx_HAL_Driver/Src/stm32f4xx_hal_cortex.o
LOAD ./Drivers/STM32F4xx_HAL_Driver/Src/stm32f4xx_hal_dma.o
LOAD ./Drivers/STM32F4xx_HAL_Driver/Src/stm32f4xx_hal_dma_ex.o
LOAD ./Drivers/STM32F4xx_HAL_Driver/Src/stm32f4xx_hal_exti.o
LOAD ./Drivers/STM32F4xx_HAL_Driver/Src/stm32f4xx_hal_flash.o
LOAD ./Drivers/STM32F4xx_HAL_Driver/Src/stm32f4xx_hal_flash_ex.o
LOAD ./Drivers/STM32F4xx_HAL_Driver/Src/stm32f4xx_hal_flash_ramfunc.o
LOAD ./Drivers/STM32F4xx_HAL_Driver/Src/stm32f4xx_hal_gpio.o
LOAD ./Drivers/STM32F4xx_HAL_Driver/Src/stm32f4xx_hal_i2c.o
LOAD ./Drivers/STM32F4xx_HAL_Driver/Src/stm32f4xx_hal_i2c_ex.o
LOAD ./Drivers/STM32F4xx_HAL_Driver/Src/stm32f4xx_hal_pwr.o
LOAD ./Drivers/STM32F4xx_HAL_Driver/Src/stm32f4xx_hal_pwr_ex.o
LOAD ./Drivers/STM32F4xx_HAL_Driver/Src/stm32f4xx_hal_rcc.o
LOAD ./Drivers/STM32F4xx_HAL_Driver/Src/stm32f4xx_hal_rcc_ex.o
LOAD ./Drivers/STM32F4xx_HAL_Driver/Src/stm32f4xx_hal_spi.o
LOAD ./Drivers/STM32F4xx_HAL_Driver/Src/stm32f4xx_hal_tim.o
LOAD ./Drivers/STM32F4xx_HAL_Driver/Src/stm32f4xx_hal_tim_ex.o
LOAD ./Drivers/STM32F4xx_HAL_Driver/Src/stm32f4xx_hal_uart.o
LOAD ./Drivers/STM32F4xx_HAL_Driver/Src/stm32f4xx_ll_adc.o
LOAD ./FATFS/App/fatfs.o
LOAD ./FATFS/Target/user_diskio.o
LOAD ./Middlewares/Third_Party/FatFs/src/diskio.o
LOAD ./Middlewares/Third_Party/FatFs/src/ff.o
LOAD ./Middlewares/Third_Party/FatFs/src/ff_gen_drv.o
LOAD ./Middlewares/Third_Party/FatFs/src/option/syscall.o
LOAD ./Middlewares/Third_Party/FreeRTOS/Source/CMSIS_RTOS/cmsis_os.o
LOAD ./Middlewares/Third_Party/FreeRTOS/Source/croutine.o
LOAD ./Middlewares/Third_Party/FreeRTOS/Source/event_groups.o
LOAD ./Middlewares/Third_Party/FreeRTOS/Source/list.o
LOAD ./Middlewares/Third_Party/FreeRTOS/Source/queue.o
LOAD ./Middlewares/Third_Party/FreeRTOS/Source/stream_buffer.o
LOAD ./Middlewares/Third_Party/FreeRTOS/Source/tasks.o
LOAD ./Middlewares/Third_Party/FreeRTOS/Source/timers.o
LOAD ./Middlewares/Third_Party/FreeRTOS/Source/portable/GCC/ARM_CM4F/port.o
LOAD ./Middlewares/Third_Party/FreeRTOS/Source/portable/MemMang/heap_4.o
START GROUP
LOAD C:/ST/STM32CubeIDE_1.12.1/STM32CubeIDE/plugins/com.st.stm32cube.ide.mcu.externaltools.gnu-tools-for-stm32.11.3.rel1.win32_1.1.0.202305231506/tools/bin/../lib/gcc/arm-none-eabi/11.3.1/../../../../arm-none-eabi/lib/thumb/v7e-m+fp/hard\libc_nano.a
LOAD C:/ST/STM32CubeIDE_1.12.1/STM32CubeIDE/plugins/com.st.stm32cube.ide.mcu.externaltools.gnu-tools-for-stm32.11.3.rel1.win32_1.1.0.202305231506/tools/bin/../lib/gcc/arm-none-eabi/11.3.1/../../../../arm-none-eabi/lib/thumb/v7e-m+fp/hard\libm.a
END GROUP
START GROUP
LOAD C:/ST/STM32CubeIDE_1.12.1/STM32CubeIDE/plugins/com.st.stm32cube.ide.mcu.externaltools.gnu-tools-for-stm32.11.3.rel1.win32_1.1.0.202305231506/tools/bin/../lib/gcc/arm-none-eabi/11.3.1/thumb/v7e-m+fp/hard\libgcc.a
LOAD C:/ST/STM32CubeIDE_1.12.1/STM32CubeIDE/plugins/com.st.stm32cube.ide.mcu.externaltools.gnu-tools-for-stm32.11.3.rel1.win32_1.1.0.202305231506/tools/bin/../lib/gcc/arm-none-eabi/11.3.1/../../../../arm-none-eabi/lib/thumb/v7e-m+fp/hard\libc_nano.a
END GROUP
START GROUP
LOAD C:/ST/STM32CubeIDE_1.12.1/STM32CubeIDE/plugins/com.st.stm32cube.ide.mcu.externaltools.gnu-tools-for-stm32.11.3.rel1.win32_1.1.0.202305231506/tools/bin/../lib/gcc/arm-none-eabi/11.3.1/thumb/v7e-m+fp/hard\libgcc.a
LOAD C:/ST/STM32CubeIDE_1.12.1/STM32CubeIDE/plugins/com.st.stm32cube.ide.mcu.externaltools.gnu-tools-for-stm32.11.3.rel1.win32_1.1.0.202305231506/tools/bin/../lib/gcc/arm-none-eabi/11.3.1/../../../../arm-none-eabi/lib/thumb/v7e-m+fp/hard\libc_nano.a
LOAD C:/ST/STM32CubeIDE_1.12.1/STM32CubeIDE/plugins/com.st.stm32cube.ide.mcu.externaltools.gnu-tools-for-stm32.11.3.rel1.win32_1.1.0.202305231506/tools/bin/../lib/gcc/arm-none-eabi/11.3.1/../../../../arm-none-eabi/lib/thumb/v7e-m+fp/hard\libnosys.a
END GROUP
START GROUP
LOAD C:/ST/STM32CubeIDE_1.12.1/STM32CubeIDE/plugins/com.st.stm32cube.ide.mcu.externaltools.gnu-tools-for-stm32.11.3.rel1.win32_1.1.0.202305231506/tools/bin/../lib/gcc/arm-none-eabi/11.3.1/thumb/v7e-m+fp/hard\libgcc.a
LOAD C:/ST/STM32CubeIDE_1.12.1/STM32CubeIDE/plugins/com.st.stm32cube.ide.mcu.externaltools.gnu-tools-for-stm32.11.3.rel1.win32_1.1.0.202305231506/tools/bin/../lib/gcc/arm-none-eabi/11.3.1/../../../../arm-none-eabi/lib/thumb/v7e-m+fp/hard\libc_nano.a
LOAD C:/ST/STM32CubeIDE_1.12.1/STM32CubeIDE/plugins/com.st.stm32cube.ide.mcu.externaltools.gnu-tools-for-stm32.11.3.rel1.win32_1.1.0.202305231506/tools/bin/../lib/gcc/arm-none-eabi/11.3.1/../../../../arm-none-eabi/lib/thumb/v7e-m+fp/hard\libnosys.a
END GROUP
LOAD C:/ST/STM32CubeIDE_1.12.1/STM32CubeIDE/plugins/com.st.stm32cube.ide.mcu.externaltools.gnu-tools-for-stm32.11.3.rel1.win32_1.1.0.202305231506/tools/bin/../lib/gcc/arm-none-eabi/11.3.1/thumb/v7e-m+fp/hard/crtend.o
LOAD C:/ST/STM32CubeIDE_1.12.1/STM32CubeIDE/plugins/com.st.stm32cube.ide.mcu.externaltools.gnu-tools-for-stm32.11.3.rel1.win32_1.1.0.202305231506/tools/bin/../lib/gcc/arm-none-eabi/11.3.1/thumb/v7e-m+fp/hard/crtn.o
                0x0000000020020000                _estack = (ORIGIN (RAM) + LENGTH (RAM))
                0x0000000000000200                _Min_Heap_Size = 0x200
                0x0000000000000400                _Min_Stack_Size = 0x400

.isr_vector     0x0000000008000000      0x1c4
                0x0000000008000000                . = ALIGN (0x4)
 *(.isr_vector)
 .isr_vector    0x0000000008000000      0x1c4 ./Core/Startup/startup_stm32f446retx.o
                0x0000000008000000                g_pfnVectors
                0x00000000080001c4                . = ALIGN (0x4)

.text           0x00000000080001d0    0x113d4
                0x00000000080001d0                . = ALIGN (0x4)
 *(.text)
 .text          0x00000000080001d0       0x40 C:/ST/STM32CubeIDE_1.12.1/STM32CubeIDE/plugins/com.st.stm32cube.ide.mcu.externaltools.gnu-tools-for-stm32.11.3.rel1.win32_1.1.0.202305231506/tools/bin/../lib/gcc/arm-none-eabi/11.3.1/thumb/v7e-m+fp/hard/crtbegin.o
 .text          0x0000000008000210       0x14 C:/ST/STM32CubeIDE_1.12.1/STM32CubeIDE/plugins/com.st.stm32cube.ide.mcu.externaltools.gnu-tools-for-stm32.11.3.rel1.win32_1.1.0.202305231506/tools/bin/../lib/gcc/arm-none-eabi/11.3.1/../../../../arm-none-eabi/lib/thumb/v7e-m+fp/hard\libc_nano.a(libc_a-strcmp.o)
                0x0000000008000210                strcmp
 *fill*         0x0000000008000224        0xc 
 .text          0x0000000008000230       0xa0 C:/ST/STM32CubeIDE_1.12.1/STM32CubeIDE/plugins/com.st.stm32cube.ide.mcu.externaltools.gnu-tools-for-stm32.11.3.rel1.win32_1.1.0.202305231506/tools/bin/../lib/gcc/arm-none-eabi/11.3.1/../../../../arm-none-eabi/lib/thumb/v7e-m+fp/hard\libc_nano.a(libc_a-memchr.o)
                0x0000000008000230                memchr
 .text          0x00000000080002d0       0x10 C:/ST/STM32CubeIDE_1.12.1/STM32CubeIDE/plugins/com.st.stm32cube.ide.mcu.externaltools.gnu-tools-for-stm32.11.3.rel1.win32_1.1.0.202305231506/tools/bin/../lib/gcc/arm-none-eabi/11.3.1/../../../../arm-none-eabi/lib/thumb/v7e-m+fp/hard\libc_nano.a(libc_a-strlen.o)
                0x00000000080002d0                strlen
 .text          0x00000000080002e0      0x378 C:/ST/STM32CubeIDE_1.12.1/STM32CubeIDE/plugins/com.st.stm32cube.ide.mcu.externaltools.gnu-tools-for-stm32.11.3.rel1.win32_1.1.0.202305231506/tools/bin/../lib/gcc/arm-none-eabi/11.3.1/thumb/v7e-m+fp/hard\libgcc.a(_arm_addsubdf3.o)
                0x00000000080002e0                __aeabi_drsub
                0x00000000080002e8                __aeabi_dsub
                0x00000000080002e8                __subdf3
                0x00000000080002ec                __aeabi_dadd
                0x00000000080002ec                __adddf3
                0x0000000008000564                __floatunsidf
                0x0000000008000564                __aeabi_ui2d
                0x0000000008000584                __floatsidf
                0x0000000008000584                __aeabi_i2d
                0x00000000080005a8                __aeabi_f2d
                0x00000000080005a8                __extendsfdf2
                0x00000000080005ec                __floatundidf
                0x00000000080005ec                __aeabi_ul2d
                0x00000000080005fc                __floatdidf
                0x00000000080005fc                __aeabi_l2d
 .text          0x0000000008000658      0x424 C:/ST/STM32CubeIDE_1.12.1/STM32CubeIDE/plugins/com.st.stm32cube.ide.mcu.externaltools.gnu-tools-for-stm32.11.3.rel1.win32_1.1.0.202305231506/tools/bin/../lib/gcc/arm-none-eabi/11.3.1/thumb/v7e-m+fp/hard\libgcc.a(_arm_muldivdf3.o)
                0x0000000008000658                __aeabi_dmul
                0x0000000008000658                __muldf3
                0x00000000080008ac                __divdf3
                0x00000000080008ac                __aeabi_ddiv
 .text          0x0000000008000a7c      0x110 C:/ST/STM32CubeIDE_1.12.1/STM32CubeIDE/plugins/com.st.stm32cube.ide.mcu.externaltools.gnu-tools-for-stm32.11.3.rel1.win32_1.1.0.202305231506/tools/bin/../lib/gcc/arm-none-eabi/11.3.1/thumb/v7e-m+fp/hard\libgcc.a(_arm_cmpdf2.o)
                0x0000000008000a7c                __gtdf2
                0x0000000008000a7c                __gedf2
                0x0000000008000a84                __ltdf2
                0x0000000008000a84                __ledf2
                0x0000000008000a8c                __nedf2
                0x0000000008000a8c                __eqdf2
                0x0000000008000a8c                __cmpdf2
                0x0000000008000b08                __aeabi_cdrcmple
                0x0000000008000b18                __aeabi_cdcmpeq
                0x0000000008000b18                __aeabi_cdcmple
                0x0000000008000b28                __aeabi_dcmpeq
                0x0000000008000b3c                __aeabi_dcmplt
                0x0000000008000b50                __aeabi_dcmple
                0x0000000008000b64                __aeabi_dcmpge
                0x0000000008000b78                __aeabi_dcmpgt
 .text          0x0000000008000b8c       0x2c C:/ST/STM32CubeIDE_1.12.1/STM32CubeIDE/plugins/com.st.stm32cube.ide.mcu.externaltools.gnu-tools-for-stm32.11.3.rel1.win32_1.1.0.202305231506/tools/bin/../lib/gcc/arm-none-eabi/11.3.1/thumb/v7e-m+fp/hard\libgcc.a(_arm_unorddf2.o)
                0x0000000008000b8c                __unorddf2
                0x0000000008000b8c                __aeabi_dcmpun
 .text          0x0000000008000bb8       0x50 C:/ST/STM32CubeIDE_1.12.1/STM32CubeIDE/plugins/com.st.stm32cube.ide.mcu.externaltools.gnu-tools-for-stm32.11.3.rel1.win32_1.1.0.202305231506/tools/bin/../lib/gcc/arm-none-eabi/11.3.1/thumb/v7e-m+fp/hard\libgcc.a(_arm_fixdfsi.o)
                0x0000000008000bb8                __aeabi_d2iz
                0x0000000008000bb8                __fixdfsi
 .text          0x0000000008000c08       0x30 C:/ST/STM32CubeIDE_1.12.1/STM32CubeIDE/plugins/com.st.stm32cube.ide.mcu.externaltools.gnu-tools-for-stm32.11.3.rel1.win32_1.1.0.202305231506/tools/bin/../lib/gcc/arm-none-eabi/11.3.1/thumb/v7e-m+fp/hard\libgcc.a(_aeabi_uldivmod.o)
                0x0000000008000c08                __aeabi_uldivmod
 .text          0x0000000008000c38      0x2c8 C:/ST/STM32CubeIDE_1.12.1/STM32CubeIDE/plugins/com.st.stm32cube.ide.mcu.externaltools.gnu-tools-for-stm32.11.3.rel1.win32_1.1.0.202305231506/tools/bin/../lib/gcc/arm-none-eabi/11.3.1/thumb/v7e-m+fp/hard\libgcc.a(_udivmoddi4.o)
                0x0000000008000c38                __udivmoddi4
 .text          0x0000000008000f00        0x4 C:/ST/STM32CubeIDE_1.12.1/STM32CubeIDE/plugins/com.st.stm32cube.ide.mcu.externaltools.gnu-tools-for-stm32.11.3.rel1.win32_1.1.0.202305231506/tools/bin/../lib/gcc/arm-none-eabi/11.3.1/thumb/v7e-m+fp/hard\libgcc.a(_dvmd_tls.o)
                0x0000000008000f00                __aeabi_idiv0
                0x0000000008000f00                __aeabi_ldiv0
 *(.text*)
 .text.setPath  0x0000000008000f04       0x68 ./Core/Src/File_Handling_RTOS.o
                0x0000000008000f04                setPath
 .text.createNewFile
                0x0000000008000f6c       0x60 ./Core/Src/File_Handling_RTOS.o
                0x0000000008000f6c                createNewFile
 .text.Send_Uart
                0x0000000008000fcc       0x2c ./Core/Src/File_Handling_RTOS.o
                0x0000000008000fcc                Send_Uart
 .text.Mount_SD
                0x0000000008000ff8       0x48 ./Core/Src/File_Handling_RTOS.o
                0x0000000008000ff8                Mount_SD
 .text.Unmount_SD
                0x0000000008001040       0x44 ./Core/Src/File_Handling_RTOS.o
                0x0000000008001040                Unmount_SD
 .text.Format_SD
                0x0000000008001084      0x138 ./Core/Src/File_Handling_RTOS.o
                0x0000000008001084                Format_SD
 .text.Create_File
                0x00000000080011bc      0x12c ./Core/Src/File_Handling_RTOS.o
                0x00000000080011bc                Create_File
 .text.Update_File
                0x00000000080012e8      0x180 ./Core/Src/File_Handling_RTOS.o
                0x00000000080012e8                Update_File
 .text.Create_Dir
                0x0000000008001468       0x7c ./Core/Src/File_Handling_RTOS.o
                0x0000000008001468                Create_Dir
 .text.MX_ADC2_Init
                0x00000000080014e4       0xfc ./Core/Src/adc.o
                0x00000000080014e4                MX_ADC2_Init
 .text.MX_ADC3_Init
                0x00000000080015e0       0xa4 ./Core/Src/adc.o
                0x00000000080015e0                MX_ADC3_Init
 .text.HAL_ADC_MspInit
                0x0000000008001684      0x188 ./Core/Src/adc.o
                0x0000000008001684                HAL_ADC_MspInit
 .text.readButton
                0x000000000800180c       0xd8 ./Core/Src/button.o
                0x000000000800180c                readButton
 .text.MX_DMA_Init
                0x00000000080018e4       0x40 ./Core/Src/dma.o
                0x00000000080018e4                MX_DMA_Init
 .text.SELECT   0x0000000008001924       0x18 ./Core/Src/fatfs_sd.o
 .text.DESELECT
                0x000000000800193c       0x18 ./Core/Src/fatfs_sd.o
 .text.SPI_TxByte
                0x0000000008001954       0x34 ./Core/Src/fatfs_sd.o
 .text.SPI_RxByte
                0x0000000008001988       0x3c ./Core/Src/fatfs_sd.o
 .text.SPI_RxBytePtr
                0x00000000080019c4       0x1c ./Core/Src/fatfs_sd.o
 .text.SD_ReadyWait
                0x00000000080019e0       0x38 ./Core/Src/fatfs_sd.o
 .text.SD_PowerOn
                0x0000000008001a18       0x98 ./Core/Src/fatfs_sd.o
 .text.SD_PowerOff
                0x0000000008001ab0       0x18 ./Core/Src/fatfs_sd.o
 .text.SD_CheckPower
                0x0000000008001ac8       0x18 ./Core/Src/fatfs_sd.o
 .text.SD_RxDataBlock
                0x0000000008001ae0       0x6c ./Core/Src/fatfs_sd.o
 .text.SD_TxDataBlock
                0x0000000008001b4c       0xa8 ./Core/Src/fatfs_sd.o
 .text.SD_SendCmd
                0x0000000008001bf4       0xa4 ./Core/Src/fatfs_sd.o
 .text.SD_disk_initialize
                0x0000000008001c98      0x1d4 ./Core/Src/fatfs_sd.o
                0x0000000008001c98                SD_disk_initialize
 .text.SD_disk_status
                0x0000000008001e6c       0x2c ./Core/Src/fatfs_sd.o
                0x0000000008001e6c                SD_disk_status
 .text.SD_disk_read
                0x0000000008001e98       0xd4 ./Core/Src/fatfs_sd.o
                0x0000000008001e98                SD_disk_read
 .text.SD_disk_write
                0x0000000008001f6c      0x108 ./Core/Src/fatfs_sd.o
                0x0000000008001f6c                SD_disk_write
 .text.SD_disk_ioctl
                0x0000000008002074      0x264 ./Core/Src/fatfs_sd.o
                0x0000000008002074                SD_disk_ioctl
 .text.vApplicationGetIdleTaskMemory
                0x00000000080022d8       0x34 ./Core/Src/freertos.o
                0x00000000080022d8                vApplicationGetIdleTaskMemory
 .text.MX_FREERTOS_Init
                0x000000000800230c      0x164 ./Core/Src/freertos.o
                0x000000000800230c                MX_FREERTOS_Init
 .text.buttonTaskInit
                0x0000000008002470       0x38 ./Core/Src/freertos.o
                0x0000000008002470                buttonTaskInit
 .text.initSensorRead
                0x00000000080024a8       0x10 ./Core/Src/freertos.o
                0x00000000080024a8                initSensorRead
 .text.SdCardInit
                0x00000000080024b8       0x44 ./Core/Src/freertos.o
                0x00000000080024b8                SdCardInit
 .text.menuProcessDataInit
                0x00000000080024fc       0x14 ./Core/Src/freertos.o
                0x00000000080024fc                menuProcessDataInit
 .text.lcdTaskInit
                0x0000000008002510       0xc4 ./Core/Src/freertos.o
                0x0000000008002510                lcdTaskInit
 .text.MX_GPIO_Init
                0x00000000080025d4      0x120 ./Core/Src/gpio.o
                0x00000000080025d4                MX_GPIO_Init
 .text.MX_I2C1_Init
                0x00000000080026f4       0x5c ./Core/Src/i2c.o
                0x00000000080026f4                MX_I2C1_Init
 .text.HAL_I2C_MspInit
                0x0000000008002750       0x90 ./Core/Src/i2c.o
                0x0000000008002750                HAL_I2C_MspInit
 .text.HD44780_Init
                0x00000000080027e0      0x108 ./Core/Src/liquidcrystal_i2c.o
                0x00000000080027e0                HD44780_Init
 .text.HD44780_Clear
                0x00000000080028e8       0x16 ./Core/Src/liquidcrystal_i2c.o
                0x00000000080028e8                HD44780_Clear
 .text.HD44780_Home
                0x00000000080028fe       0x16 ./Core/Src/liquidcrystal_i2c.o
                0x00000000080028fe                HD44780_Home
 .text.HD44780_SetCursor
                0x0000000008002914       0x64 ./Core/Src/liquidcrystal_i2c.o
                0x0000000008002914                HD44780_SetCursor
 .text.HD44780_NoDisplay
                0x0000000008002978       0x2c ./Core/Src/liquidcrystal_i2c.o
                0x0000000008002978                HD44780_NoDisplay
 .text.HD44780_Display
                0x00000000080029a4       0x2c ./Core/Src/liquidcrystal_i2c.o
                0x00000000080029a4                HD44780_Display
 .text.HD44780_NoCursor
                0x00000000080029d0       0x2c ./Core/Src/liquidcrystal_i2c.o
                0x00000000080029d0                HD44780_NoCursor
 .text.HD44780_Cursor
                0x00000000080029fc       0x2c ./Core/Src/liquidcrystal_i2c.o
                0x00000000080029fc                HD44780_Cursor
 .text.HD44780_NoBlink
                0x0000000008002a28       0x2c ./Core/Src/liquidcrystal_i2c.o
                0x0000000008002a28                HD44780_NoBlink
 .text.HD44780_Blink
                0x0000000008002a54       0x2c ./Core/Src/liquidcrystal_i2c.o
                0x0000000008002a54                HD44780_Blink
 .text.HD44780_CreateSpecialChar
                0x0000000008002a80       0x52 ./Core/Src/liquidcrystal_i2c.o
                0x0000000008002a80                HD44780_CreateSpecialChar
 .text.HD44780_PrintStr
                0x0000000008002ad2       0x2a ./Core/Src/liquidcrystal_i2c.o
                0x0000000008002ad2                HD44780_PrintStr
 .text.HD44780_NoBacklight
                0x0000000008002afc       0x18 ./Core/Src/liquidcrystal_i2c.o
                0x0000000008002afc                HD44780_NoBacklight
 .text.HD44780_Backlight
                0x0000000008002b14       0x18 ./Core/Src/liquidcrystal_i2c.o
                0x0000000008002b14                HD44780_Backlight
 .text.SendCommand
                0x0000000008002b2c       0x1c ./Core/Src/liquidcrystal_i2c.o
 .text.SendChar
                0x0000000008002b48       0x1c ./Core/Src/liquidcrystal_i2c.o
 .text.Send     0x0000000008002b64       0x42 ./Core/Src/liquidcrystal_i2c.o
 .text.Write4Bits
                0x0000000008002ba6       0x22 ./Core/Src/liquidcrystal_i2c.o
 .text.ExpanderWrite
                0x0000000008002bc8       0x38 ./Core/Src/liquidcrystal_i2c.o
 .text.PulseEnable
                0x0000000008002c00       0x3a ./Core/Src/liquidcrystal_i2c.o
 *fill*         0x0000000008002c3a        0x2 
 .text.DelayInit
                0x0000000008002c3c       0x54 ./Core/Src/liquidcrystal_i2c.o
 .text.DelayUS  0x0000000008002c90       0x50 ./Core/Src/liquidcrystal_i2c.o
 .text.ITM_SendChar
                0x0000000008002ce0       0x4e ./Core/Src/main.o
 .text.__io_putchar
                0x0000000008002d2e       0x1a ./Core/Src/main.o
                0x0000000008002d2e                __io_putchar
 .text.main     0x0000000008002d48       0x42 ./Core/Src/main.o
                0x0000000008002d48                main
 *fill*         0x0000000008002d8a        0x2 
 .text.SystemClock_Config
                0x0000000008002d8c       0xd8 ./Core/Src/main.o
                0x0000000008002d8c                SystemClock_Config
 .text.HAL_TIM_PeriodElapsedCallback
                0x0000000008002e64       0x24 ./Core/Src/main.o
                0x0000000008002e64                HAL_TIM_PeriodElapsedCallback
 .text.Error_Handler
                0x0000000008002e88        0xa ./Core/Src/main.o
                0x0000000008002e88                Error_Handler
 *fill*         0x0000000008002e92        0x2 
 .text.menuSelector
                0x0000000008002e94      0x1a0 ./Core/Src/menu.o
                0x0000000008002e94                menuSelector
 .text.menuCalculateBlock
                0x0000000008003034       0x80 ./Core/Src/menu.o
                0x0000000008003034                menuCalculateBlock
 .text.MX_SPI2_Init
                0x00000000080030b4       0x6c ./Core/Src/spi.o
                0x00000000080030b4                MX_SPI2_Init
 .text.HAL_SPI_MspInit
                0x0000000008003120       0xf0 ./Core/Src/spi.o
                0x0000000008003120                HAL_SPI_MspInit
 .text.HAL_MspInit
                0x0000000008003210       0x58 ./Core/Src/stm32f4xx_hal_msp.o
                0x0000000008003210                HAL_MspInit
 .text.HAL_InitTick
                0x0000000008003268       0xf8 ./Core/Src/stm32f4xx_hal_timebase_tim.o
                0x0000000008003268                HAL_InitTick
 .text.SDTimer_Handler
                0x0000000008003360       0x48 ./Core/Src/stm32f4xx_it.o
                0x0000000008003360                SDTimer_Handler
 .text.NMI_Handler
                0x00000000080033a8        0x6 ./Core/Src/stm32f4xx_it.o
                0x00000000080033a8                NMI_Handler
 .text.HardFault_Handler
                0x00000000080033ae        0x6 ./Core/Src/stm32f4xx_it.o
                0x00000000080033ae                HardFault_Handler
 .text.MemManage_Handler
                0x00000000080033b4        0x6 ./Core/Src/stm32f4xx_it.o
                0x00000000080033b4                MemManage_Handler
 .text.BusFault_Handler
                0x00000000080033ba        0x6 ./Core/Src/stm32f4xx_it.o
                0x00000000080033ba                BusFault_Handler
 .text.UsageFault_Handler
                0x00000000080033c0        0x6 ./Core/Src/stm32f4xx_it.o
                0x00000000080033c0                UsageFault_Handler
 .text.DebugMon_Handler
                0x00000000080033c6        0xe ./Core/Src/stm32f4xx_it.o
                0x00000000080033c6                DebugMon_Handler
 .text.TIM3_IRQHandler
                0x00000000080033d4       0x38 ./Core/Src/stm32f4xx_it.o
                0x00000000080033d4                TIM3_IRQHandler
 .text.DMA2_Stream2_IRQHandler
                0x000000000800340c       0x14 ./Core/Src/stm32f4xx_it.o
                0x000000000800340c                DMA2_Stream2_IRQHandler
 .text._getpid  0x0000000008003420       0x10 ./Core/Src/syscalls.o
                0x0000000008003420                _getpid
 .text._kill    0x0000000008003430       0x20 ./Core/Src/syscalls.o
                0x0000000008003430                _kill
 .text._exit    0x0000000008003450       0x14 ./Core/Src/syscalls.o
                0x0000000008003450                _exit
 .text._read    0x0000000008003464       0x3a ./Core/Src/syscalls.o
                0x0000000008003464                _read
 .text._write   0x000000000800349e       0x38 ./Core/Src/syscalls.o
                0x000000000800349e                _write
 .text._close   0x00000000080034d6       0x18 ./Core/Src/syscalls.o
                0x00000000080034d6                _close
 .text._fstat   0x00000000080034ee       0x20 ./Core/Src/syscalls.o
                0x00000000080034ee                _fstat
 .text._isatty  0x000000000800350e       0x16 ./Core/Src/syscalls.o
                0x000000000800350e                _isatty
 .text._lseek   0x0000000008003524       0x1a ./Core/Src/syscalls.o
                0x0000000008003524                _lseek
 *fill*         0x000000000800353e        0x2 
 .text._sbrk    0x0000000008003540       0x6c ./Core/Src/sysmem.o
                0x0000000008003540                _sbrk
 .text.SystemInit
                0x00000000080035ac       0x24 ./Core/Src/system_stm32f4xx.o
                0x00000000080035ac                SystemInit
 .text.MX_TIM2_Init
                0x00000000080035d0       0xe4 ./Core/Src/tim.o
                0x00000000080035d0                MX_TIM2_Init
 .text.MX_TIM6_Init
                0x00000000080036b4       0x6c ./Core/Src/tim.o
                0x00000000080036b4                MX_TIM6_Init
 .text.MX_TIM8_Init
                0x0000000008003720      0x13c ./Core/Src/tim.o
                0x0000000008003720                MX_TIM8_Init
 .text.HAL_TIM_Base_MspInit
                0x000000000800385c       0x98 ./Core/Src/tim.o
                0x000000000800385c                HAL_TIM_Base_MspInit
 .text.startAdcDma
                0x00000000080038f4       0x40 ./Core/Src/travelSensor.o
                0x00000000080038f4                startAdcDma
 .text.stopAdcDma
                0x0000000008003934       0x28 ./Core/Src/travelSensor.o
                0x0000000008003934                stopAdcDma
 .text.travelPressureSensorCalibration
                0x000000000800395c      0x108 ./Core/Src/travelSensor.o
                0x000000000800395c                travelPressureSensorCalibration
 .text.processData
                0x0000000008003a64       0x68 ./Core/Src/travelSensor.o
                0x0000000008003a64                processData
 .text.processDataSag
                0x0000000008003acc      0x180 ./Core/Src/travelSensor.o
                0x0000000008003acc                processDataSag
 .text.HAL_ADC_ConvHalfCpltCallback
                0x0000000008003c4c      0x14c ./Core/Src/travelSensor.o
                0x0000000008003c4c                HAL_ADC_ConvHalfCpltCallback
 .text.HAL_ADC_ConvCpltCallback
                0x0000000008003d98      0x14c ./Core/Src/travelSensor.o
                0x0000000008003d98                HAL_ADC_ConvCpltCallback
 .text.convertAdcToTravel
                0x0000000008003ee4       0x2c ./Core/Src/travelSensor.o
 .text.convertAdcToPressure
                0x0000000008003f10       0x54 ./Core/Src/travelSensor.o
 .text.sendDataSD
                0x0000000008003f64      0x13c ./Core/Src/travelSensor.o
 .text.MX_USART2_UART_Init
                0x00000000080040a0       0x54 ./Core/Src/usart.o
                0x00000000080040a0                MX_USART2_UART_Init
 .text.HAL_UART_MspInit
                0x00000000080040f4       0x90 ./Core/Src/usart.o
                0x00000000080040f4                HAL_UART_MspInit
 .text.Reset_Handler
                0x0000000008004184       0x50 ./Core/Startup/startup_stm32f446retx.o
                0x0000000008004184                Reset_Handler
 .text.Default_Handler
                0x00000000080041d4        0x2 ./Core/Startup/startup_stm32f446retx.o
                0x00000000080041d4                RTC_Alarm_IRQHandler
                0x00000000080041d4                EXTI2_IRQHandler
                0x00000000080041d4                TIM8_CC_IRQHandler
                0x00000000080041d4                FMPI2C1_EV_IRQHandler
                0x00000000080041d4                SPI4_IRQHandler
                0x00000000080041d4                TIM1_CC_IRQHandler
                0x00000000080041d4                DMA2_Stream5_IRQHandler
                0x00000000080041d4                DMA1_Stream5_IRQHandler
                0x00000000080041d4                PVD_IRQHandler
                0x00000000080041d4                SDIO_IRQHandler
                0x00000000080041d4                TAMP_STAMP_IRQHandler
                0x00000000080041d4                CAN2_RX1_IRQHandler
                0x00000000080041d4                EXTI3_IRQHandler
                0x00000000080041d4                TIM8_TRG_COM_TIM14_IRQHandler
                0x00000000080041d4                TIM1_UP_TIM10_IRQHandler
                0x00000000080041d4                TIM8_UP_TIM13_IRQHandler
                0x00000000080041d4                I2C3_ER_IRQHandler
                0x00000000080041d4                EXTI0_IRQHandler
                0x00000000080041d4                I2C2_EV_IRQHandler
                0x00000000080041d4                DMA1_Stream2_IRQHandler
                0x00000000080041d4                CAN1_RX0_IRQHandler
                0x00000000080041d4                FPU_IRQHandler
                0x00000000080041d4                OTG_HS_WKUP_IRQHandler
                0x00000000080041d4                CAN2_SCE_IRQHandler
                0x00000000080041d4                SPI1_IRQHandler
                0x00000000080041d4                TIM6_DAC_IRQHandler
                0x00000000080041d4                TIM1_BRK_TIM9_IRQHandler
                0x00000000080041d4                DCMI_IRQHandler
                0x00000000080041d4                CAN2_RX0_IRQHandler
                0x00000000080041d4                DMA2_Stream3_IRQHandler
                0x00000000080041d4                SAI2_IRQHandler
                0x00000000080041d4                USART6_IRQHandler
                0x00000000080041d4                USART3_IRQHandler
                0x00000000080041d4                CAN1_RX1_IRQHandler
                0x00000000080041d4                UART5_IRQHandler
                0x00000000080041d4                DMA2_Stream0_IRQHandler
                0x00000000080041d4                TIM4_IRQHandler
                0x00000000080041d4                QUADSPI_IRQHandler
                0x00000000080041d4                I2C1_EV_IRQHandler
                0x00000000080041d4                DMA1_Stream6_IRQHandler
                0x00000000080041d4                DMA1_Stream1_IRQHandler
                0x00000000080041d4                UART4_IRQHandler
                0x00000000080041d4                RCC_IRQHandler
                0x00000000080041d4                TIM8_BRK_TIM12_IRQHandler
                0x00000000080041d4                Default_Handler
                0x00000000080041d4                CEC_IRQHandler
                0x00000000080041d4                EXTI15_10_IRQHandler
                0x00000000080041d4                ADC_IRQHandler
                0x00000000080041d4                DMA1_Stream7_IRQHandler
                0x00000000080041d4                TIM7_IRQHandler
                0x00000000080041d4                CAN2_TX_IRQHandler
                0x00000000080041d4                TIM5_IRQHandler
                0x00000000080041d4                DMA2_Stream7_IRQHandler
                0x00000000080041d4                I2C3_EV_IRQHandler
                0x00000000080041d4                EXTI9_5_IRQHandler
                0x00000000080041d4                RTC_WKUP_IRQHandler
                0x00000000080041d4                SPDIF_RX_IRQHandler
                0x00000000080041d4                SPI2_IRQHandler
                0x00000000080041d4                OTG_HS_EP1_IN_IRQHandler
                0x00000000080041d4                DMA1_Stream0_IRQHandler
                0x00000000080041d4                CAN1_TX_IRQHandler
                0x00000000080041d4                FMPI2C1_ER_IRQHandler
                0x00000000080041d4                EXTI4_IRQHandler
                0x00000000080041d4                OTG_HS_EP1_OUT_IRQHandler
                0x00000000080041d4                WWDG_IRQHandler
                0x00000000080041d4                TIM2_IRQHandler
                0x00000000080041d4                OTG_FS_WKUP_IRQHandler
                0x00000000080041d4                TIM1_TRG_COM_TIM11_IRQHandler
                0x00000000080041d4                OTG_HS_IRQHandler
                0x00000000080041d4                EXTI1_IRQHandler
                0x00000000080041d4                USART2_IRQHandler
                0x00000000080041d4                I2C2_ER_IRQHandler
                0x00000000080041d4                DMA2_Stream1_IRQHandler
                0x00000000080041d4                CAN1_SCE_IRQHandler
                0x00000000080041d4                FLASH_IRQHandler
                0x00000000080041d4                DMA2_Stream4_IRQHandler
                0x00000000080041d4                USART1_IRQHandler
                0x00000000080041d4                OTG_FS_IRQHandler
                0x00000000080041d4                SPI3_IRQHandler
                0x00000000080041d4                DMA1_Stream4_IRQHandler
                0x00000000080041d4                I2C1_ER_IRQHandler
                0x00000000080041d4                FMC_IRQHandler
                0x00000000080041d4                DMA2_Stream6_IRQHandler
                0x00000000080041d4                SAI1_IRQHandler
                0x00000000080041d4                DMA1_Stream3_IRQHandler
 *fill*         0x00000000080041d6        0x2 
 .text.HAL_Init
                0x00000000080041d8       0x44 ./Drivers/STM32F4xx_HAL_Driver/Src/stm32f4xx_hal.o
                0x00000000080041d8                HAL_Init
 .text.HAL_IncTick
                0x000000000800421c       0x28 ./Drivers/STM32F4xx_HAL_Driver/Src/stm32f4xx_hal.o
                0x000000000800421c                HAL_IncTick
 .text.HAL_GetTick
                0x0000000008004244       0x18 ./Drivers/STM32F4xx_HAL_Driver/Src/stm32f4xx_hal.o
                0x0000000008004244                HAL_GetTick
 .text.HAL_ADC_Init
                0x000000000800425c       0x86 ./Drivers/STM32F4xx_HAL_Driver/Src/stm32f4xx_hal_adc.o
                0x000000000800425c                HAL_ADC_Init
 *fill*         0x00000000080042e2        0x2 
 .text.HAL_ADC_Start
                0x00000000080042e4      0x1a4 ./Drivers/STM32F4xx_HAL_Driver/Src/stm32f4xx_hal_adc.o
                0x00000000080042e4                HAL_ADC_Start
 .text.HAL_ADC_Stop
                0x0000000008004488       0x66 ./Drivers/STM32F4xx_HAL_Driver/Src/stm32f4xx_hal_adc.o
                0x0000000008004488                HAL_ADC_Stop
 .text.HAL_ADC_PollForConversion
                0x00000000080044ee      0x116 ./Drivers/STM32F4xx_HAL_Driver/Src/stm32f4xx_hal_adc.o
                0x00000000080044ee                HAL_ADC_PollForConversion
 .text.HAL_ADC_Start_DMA
                0x0000000008004604      0x220 ./Drivers/STM32F4xx_HAL_Driver/Src/stm32f4xx_hal_adc.o
                0x0000000008004604                HAL_ADC_Start_DMA
 .text.HAL_ADC_Stop_DMA
                0x0000000008004824       0xb4 ./Drivers/STM32F4xx_HAL_Driver/Src/stm32f4xx_hal_adc.o
                0x0000000008004824                HAL_ADC_Stop_DMA
 .text.HAL_ADC_GetValue
                0x00000000080048d8       0x1a ./Drivers/STM32F4xx_HAL_Driver/Src/stm32f4xx_hal_adc.o
                0x00000000080048d8                HAL_ADC_GetValue
 .text.HAL_ADC_ErrorCallback
                0x00000000080048f2       0x14 ./Drivers/STM32F4xx_HAL_Driver/Src/stm32f4xx_hal_adc.o
                0x00000000080048f2                HAL_ADC_ErrorCallback
 *fill*         0x0000000008004906        0x2 
 .text.HAL_ADC_ConfigChannel
                0x0000000008004908      0x264 ./Drivers/STM32F4xx_HAL_Driver/Src/stm32f4xx_hal_adc.o
                0x0000000008004908                HAL_ADC_ConfigChannel
 .text.ADC_Init
                0x0000000008004b6c      0x1f8 ./Drivers/STM32F4xx_HAL_Driver/Src/stm32f4xx_hal_adc.o
 .text.ADC_DMAConvCplt
                0x0000000008004d64       0xba ./Drivers/STM32F4xx_HAL_Driver/Src/stm32f4xx_hal_adc.o
 .text.ADC_DMAHalfConvCplt
                0x0000000008004e1e       0x1c ./Drivers/STM32F4xx_HAL_Driver/Src/stm32f4xx_hal_adc.o
 .text.ADC_DMAError
                0x0000000008004e3a       0x2e ./Drivers/STM32F4xx_HAL_Driver/Src/stm32f4xx_hal_adc.o
 .text.__NVIC_SetPriorityGrouping
                0x0000000008004e68       0x48 ./Drivers/STM32F4xx_HAL_Driver/Src/stm32f4xx_hal_cortex.o
 .text.__NVIC_GetPriorityGrouping
                0x0000000008004eb0       0x1c ./Drivers/STM32F4xx_HAL_Driver/Src/stm32f4xx_hal_cortex.o
 .text.__NVIC_EnableIRQ
                0x0000000008004ecc       0x3c ./Drivers/STM32F4xx_HAL_Driver/Src/stm32f4xx_hal_cortex.o
 .text.__NVIC_SetPriority
                0x0000000008004f08       0x54 ./Drivers/STM32F4xx_HAL_Driver/Src/stm32f4xx_hal_cortex.o
 .text.NVIC_EncodePriority
                0x0000000008004f5c       0x66 ./Drivers/STM32F4xx_HAL_Driver/Src/stm32f4xx_hal_cortex.o
 .text.HAL_NVIC_SetPriorityGrouping
                0x0000000008004fc2       0x16 ./Drivers/STM32F4xx_HAL_Driver/Src/stm32f4xx_hal_cortex.o
                0x0000000008004fc2                HAL_NVIC_SetPriorityGrouping
 .text.HAL_NVIC_SetPriority
                0x0000000008004fd8       0x38 ./Drivers/STM32F4xx_HAL_Driver/Src/stm32f4xx_hal_cortex.o
                0x0000000008004fd8                HAL_NVIC_SetPriority
 .text.HAL_NVIC_EnableIRQ
                0x0000000008005010       0x1c ./Drivers/STM32F4xx_HAL_Driver/Src/stm32f4xx_hal_cortex.o
                0x0000000008005010                HAL_NVIC_EnableIRQ
 .text.HAL_DMA_Init
                0x000000000800502c      0x15c ./Drivers/STM32F4xx_HAL_Driver/Src/stm32f4xx_hal_dma.o
                0x000000000800502c                HAL_DMA_Init
 .text.HAL_DMA_Start_IT
                0x0000000008005188       0xb0 ./Drivers/STM32F4xx_HAL_Driver/Src/stm32f4xx_hal_dma.o
                0x0000000008005188                HAL_DMA_Start_IT
 .text.HAL_DMA_Abort
                0x0000000008005238       0xe0 ./Drivers/STM32F4xx_HAL_Driver/Src/stm32f4xx_hal_dma.o
                0x0000000008005238                HAL_DMA_Abort
 .text.HAL_DMA_IRQHandler
                0x0000000008005318      0x314 ./Drivers/STM32F4xx_HAL_Driver/Src/stm32f4xx_hal_dma.o
                0x0000000008005318                HAL_DMA_IRQHandler
 .text.DMA_SetConfig
                0x000000000800562c       0x5c ./Drivers/STM32F4xx_HAL_Driver/Src/stm32f4xx_hal_dma.o
 .text.DMA_CalcBaseAndBitshift
                0x0000000008005688       0x6c ./Drivers/STM32F4xx_HAL_Driver/Src/stm32f4xx_hal_dma.o
 .text.DMA_CheckFifoParam
                0x00000000080056f4       0xf8 ./Drivers/STM32F4xx_HAL_Driver/Src/stm32f4xx_hal_dma.o
 .text.HAL_GPIO_Init
                0x00000000080057ec      0x328 ./Drivers/STM32F4xx_HAL_Driver/Src/stm32f4xx_hal_gpio.o
                0x00000000080057ec                HAL_GPIO_Init
 .text.HAL_GPIO_WritePin
                0x0000000008005b14       0x32 ./Drivers/STM32F4xx_HAL_Driver/Src/stm32f4xx_hal_gpio.o
                0x0000000008005b14                HAL_GPIO_WritePin
 *fill*         0x0000000008005b46        0x2 
 .text.HAL_I2C_Init
                0x0000000008005b48      0x288 ./Drivers/STM32F4xx_HAL_Driver/Src/stm32f4xx_hal_i2c.o
                0x0000000008005b48                HAL_I2C_Init
 .text.HAL_I2C_Master_Transmit
                0x0000000008005dd0      0x1fc ./Drivers/STM32F4xx_HAL_Driver/Src/stm32f4xx_hal_i2c.o
                0x0000000008005dd0                HAL_I2C_Master_Transmit
 .text.I2C_MasterRequestWrite
                0x0000000008005fcc      0x104 ./Drivers/STM32F4xx_HAL_Driver/Src/stm32f4xx_hal_i2c.o
 .text.I2C_WaitOnFlagUntilTimeout
                0x00000000080060d0       0xae ./Drivers/STM32F4xx_HAL_Driver/Src/stm32f4xx_hal_i2c.o
 .text.I2C_WaitOnMasterAddressFlagUntilTimeout
                0x000000000800617e       0xfe ./Drivers/STM32F4xx_HAL_Driver/Src/stm32f4xx_hal_i2c.o
 .text.I2C_WaitOnTXEFlagUntilTimeout
                0x000000000800627c       0x82 ./Drivers/STM32F4xx_HAL_Driver/Src/stm32f4xx_hal_i2c.o
 .text.I2C_WaitOnBTFFlagUntilTimeout
                0x00000000080062fe       0x82 ./Drivers/STM32F4xx_HAL_Driver/Src/stm32f4xx_hal_i2c.o
 .text.I2C_IsAcknowledgeFailed
                0x0000000008006380       0x5e ./Drivers/STM32F4xx_HAL_Driver/Src/stm32f4xx_hal_i2c.o
 *fill*         0x00000000080063de        0x2 
 .text.HAL_RCC_ClockConfig
                0x00000000080063e0      0x1cc ./Drivers/STM32F4xx_HAL_Driver/Src/stm32f4xx_hal_rcc.o
                0x00000000080063e0                HAL_RCC_ClockConfig
 .text.HAL_RCC_GetHCLKFreq
                0x00000000080065ac       0x18 ./Drivers/STM32F4xx_HAL_Driver/Src/stm32f4xx_hal_rcc.o
                0x00000000080065ac                HAL_RCC_GetHCLKFreq
 .text.HAL_RCC_GetPCLK1Freq
                0x00000000080065c4       0x28 ./Drivers/STM32F4xx_HAL_Driver/Src/stm32f4xx_hal_rcc.o
                0x00000000080065c4                HAL_RCC_GetPCLK1Freq
 .text.HAL_RCC_GetPCLK2Freq
                0x00000000080065ec       0x28 ./Drivers/STM32F4xx_HAL_Driver/Src/stm32f4xx_hal_rcc.o
                0x00000000080065ec                HAL_RCC_GetPCLK2Freq
 .text.HAL_RCC_GetClockConfig
                0x0000000008006614       0x64 ./Drivers/STM32F4xx_HAL_Driver/Src/stm32f4xx_hal_rcc.o
                0x0000000008006614                HAL_RCC_GetClockConfig
 .text.HAL_RCC_GetSysClockFreq
                0x0000000008006678      0x460 ./Drivers/STM32F4xx_HAL_Driver/Src/stm32f4xx_hal_rcc_ex.o
                0x0000000008006678                HAL_RCC_GetSysClockFreq
 .text.HAL_RCC_OscConfig
                0x0000000008006ad8      0x53c ./Drivers/STM32F4xx_HAL_Driver/Src/stm32f4xx_hal_rcc_ex.o
                0x0000000008006ad8                HAL_RCC_OscConfig
 .text.HAL_SPI_Init
                0x0000000008007014      0x112 ./Drivers/STM32F4xx_HAL_Driver/Src/stm32f4xx_hal_spi.o
                0x0000000008007014                HAL_SPI_Init
 .text.HAL_SPI_Transmit
                0x0000000008007126      0x278 ./Drivers/STM32F4xx_HAL_Driver/Src/stm32f4xx_hal_spi.o
                0x0000000008007126                HAL_SPI_Transmit
 .text.HAL_SPI_TransmitReceive
                0x000000000800739e      0x344 ./Drivers/STM32F4xx_HAL_Driver/Src/stm32f4xx_hal_spi.o
                0x000000000800739e                HAL_SPI_TransmitReceive
 .text.HAL_SPI_GetState
                0x00000000080076e2       0x1c ./Drivers/STM32F4xx_HAL_Driver/Src/stm32f4xx_hal_spi.o
                0x00000000080076e2                HAL_SPI_GetState
 *fill*         0x00000000080076fe        0x2 
 .text.SPI_WaitFlagStateUntilTimeout
                0x0000000008007700      0x110 ./Drivers/STM32F4xx_HAL_Driver/Src/stm32f4xx_hal_spi.o
 .text.SPI_EndRxTxTransaction
                0x0000000008007810       0x84 ./Drivers/STM32F4xx_HAL_Driver/Src/stm32f4xx_hal_spi.o
 .text.HAL_TIM_Base_Init
                0x0000000008007894       0x9e ./Drivers/STM32F4xx_HAL_Driver/Src/stm32f4xx_hal_tim.o
                0x0000000008007894                HAL_TIM_Base_Init
 *fill*         0x0000000008007932        0x2 
 .text.HAL_TIM_Base_Start
                0x0000000008007934       0xd0 ./Drivers/STM32F4xx_HAL_Driver/Src/stm32f4xx_hal_tim.o
                0x0000000008007934                HAL_TIM_Base_Start
 .text.HAL_TIM_Base_Stop
                0x0000000008007a04       0x4e ./Drivers/STM32F4xx_HAL_Driver/Src/stm32f4xx_hal_tim.o
                0x0000000008007a04                HAL_TIM_Base_Stop
 *fill*         0x0000000008007a52        0x2 
 .text.HAL_TIM_Base_Start_IT
                0x0000000008007a54       0xe0 ./Drivers/STM32F4xx_HAL_Driver/Src/stm32f4xx_hal_tim.o
                0x0000000008007a54                HAL_TIM_Base_Start_IT
 .text.HAL_TIM_PWM_Init
                0x0000000008007b34       0x9e ./Drivers/STM32F4xx_HAL_Driver/Src/stm32f4xx_hal_tim.o
                0x0000000008007b34                HAL_TIM_PWM_Init
 .text.HAL_TIM_PWM_MspInit
                0x0000000008007bd2       0x14 ./Drivers/STM32F4xx_HAL_Driver/Src/stm32f4xx_hal_tim.o
                0x0000000008007bd2                HAL_TIM_PWM_MspInit
 .text.HAL_TIM_IRQHandler
                0x0000000008007be6      0x210 ./Drivers/STM32F4xx_HAL_Driver/Src/stm32f4xx_hal_tim.o
                0x0000000008007be6                HAL_TIM_IRQHandler
 *fill*         0x0000000008007df6        0x2 
 .text.HAL_TIM_PWM_ConfigChannel
                0x0000000008007df8      0x184 ./Drivers/STM32F4xx_HAL_Driver/Src/stm32f4xx_hal_tim.o
                0x0000000008007df8                HAL_TIM_PWM_ConfigChannel
 .text.HAL_TIM_ConfigClockSource
                0x0000000008007f7c      0x18e ./Drivers/STM32F4xx_HAL_Driver/Src/stm32f4xx_hal_tim.o
                0x0000000008007f7c                HAL_TIM_ConfigClockSource
 .text.HAL_TIM_OC_DelayElapsedCallback
                0x000000000800810a       0x14 ./Drivers/STM32F4xx_HAL_Driver/Src/stm32f4xx_hal_tim.o
                0x000000000800810a                HAL_TIM_OC_DelayElapsedCallback
 .text.HAL_TIM_IC_CaptureCallback
                0x000000000800811e       0x14 ./Drivers/STM32F4xx_HAL_Driver/Src/stm32f4xx_hal_tim.o
                0x000000000800811e                HAL_TIM_IC_CaptureCallback
 .text.HAL_TIM_PWM_PulseFinishedCallback
                0x0000000008008132       0x14 ./Drivers/STM32F4xx_HAL_Driver/Src/stm32f4xx_hal_tim.o
                0x0000000008008132                HAL_TIM_PWM_PulseFinishedCallback
 .text.HAL_TIM_TriggerCallback
                0x0000000008008146       0x14 ./Drivers/STM32F4xx_HAL_Driver/Src/stm32f4xx_hal_tim.o
                0x0000000008008146                HAL_TIM_TriggerCallback
 *fill*         0x000000000800815a        0x2 
 .text.TIM_Base_SetConfig
                0x000000000800815c      0x140 ./Drivers/STM32F4xx_HAL_Driver/Src/stm32f4xx_hal_tim.o
                0x000000000800815c                TIM_Base_SetConfig
 .text.TIM_OC1_SetConfig
                0x000000000800829c       0xe0 ./Drivers/STM32F4xx_HAL_Driver/Src/stm32f4xx_hal_tim.o
 .text.TIM_OC2_SetConfig
                0x000000000800837c       0xec ./Drivers/STM32F4xx_HAL_Driver/Src/stm32f4xx_hal_tim.o
                0x000000000800837c                TIM_OC2_SetConfig
 .text.TIM_OC3_SetConfig
                0x0000000008008468       0xe8 ./Drivers/STM32F4xx_HAL_Driver/Src/stm32f4xx_hal_tim.o
 .text.TIM_OC4_SetConfig
                0x0000000008008550       0xac ./Drivers/STM32F4xx_HAL_Driver/Src/stm32f4xx_hal_tim.o
 .text.TIM_TI1_ConfigInputStage
                0x00000000080085fc       0x5e ./Drivers/STM32F4xx_HAL_Driver/Src/stm32f4xx_hal_tim.o
 .text.TIM_TI2_ConfigInputStage
                0x000000000800865a       0x60 ./Drivers/STM32F4xx_HAL_Driver/Src/stm32f4xx_hal_tim.o
 .text.TIM_ITRx_SetConfig
                0x00000000080086ba       0x36 ./Drivers/STM32F4xx_HAL_Driver/Src/stm32f4xx_hal_tim.o
 .text.TIM_ETR_SetConfig
                0x00000000080086f0       0x40 ./Drivers/STM32F4xx_HAL_Driver/Src/stm32f4xx_hal_tim.o
                0x00000000080086f0                TIM_ETR_SetConfig
 .text.HAL_TIMEx_MasterConfigSynchronization
                0x0000000008008730       0xf8 ./Drivers/STM32F4xx_HAL_Driver/Src/stm32f4xx_hal_tim_ex.o
                0x0000000008008730                HAL_TIMEx_MasterConfigSynchronization
 .text.HAL_TIMEx_ConfigBreakDeadTime
                0x0000000008008828       0xa4 ./Drivers/STM32F4xx_HAL_Driver/Src/stm32f4xx_hal_tim_ex.o
                0x0000000008008828                HAL_TIMEx_ConfigBreakDeadTime
 .text.HAL_TIMEx_CommutCallback
                0x00000000080088cc       0x14 ./Drivers/STM32F4xx_HAL_Driver/Src/stm32f4xx_hal_tim_ex.o
                0x00000000080088cc                HAL_TIMEx_CommutCallback
 .text.HAL_TIMEx_BreakCallback
                0x00000000080088e0       0x14 ./Drivers/STM32F4xx_HAL_Driver/Src/stm32f4xx_hal_tim_ex.o
                0x00000000080088e0                HAL_TIMEx_BreakCallback
 .text.HAL_UART_Init
                0x00000000080088f4       0x9a ./Drivers/STM32F4xx_HAL_Driver/Src/stm32f4xx_hal_uart.o
                0x00000000080088f4                HAL_UART_Init
 .text.HAL_UART_Transmit
                0x000000000800898e      0x124 ./Drivers/STM32F4xx_HAL_Driver/Src/stm32f4xx_hal_uart.o
                0x000000000800898e                HAL_UART_Transmit
 .text.UART_WaitOnFlagUntilTimeout
                0x0000000008008ab2       0xdc ./Drivers/STM32F4xx_HAL_Driver/Src/stm32f4xx_hal_uart.o
 *fill*         0x0000000008008b8e        0x2 
 .text.UART_SetConfig
                0x0000000008008b90      0x4e8 ./Drivers/STM32F4xx_HAL_Driver/Src/stm32f4xx_hal_uart.o
 .text.MX_FATFS_Init
                0x0000000008009078       0x24 ./FATFS/App/fatfs.o
                0x0000000008009078                MX_FATFS_Init
 .text.get_fattime
                0x000000000800909c       0x10 ./FATFS/App/fatfs.o
                0x000000000800909c                get_fattime
 .text.USER_initialize
                0x00000000080090ac       0x1c ./FATFS/Target/user_diskio.o
                0x00000000080090ac                USER_initialize
 .text.USER_status
                0x00000000080090c8       0x1c ./FATFS/Target/user_diskio.o
                0x00000000080090c8                USER_status
 .text.USER_read
                0x00000000080090e4       0x26 ./FATFS/Target/user_diskio.o
                0x00000000080090e4                USER_read
 .text.USER_write
                0x000000000800910a       0x26 ./FATFS/Target/user_diskio.o
                0x000000000800910a                USER_write
 .text.USER_ioctl
                0x0000000008009130       0x26 ./FATFS/Target/user_diskio.o
                0x0000000008009130                USER_ioctl
 *fill*         0x0000000008009156        0x2 
 .text.disk_status
                0x0000000008009158       0x34 ./Middlewares/Third_Party/FatFs/src/diskio.o
                0x0000000008009158                disk_status
 .text.disk_initialize
                0x000000000800918c       0x4c ./Middlewares/Third_Party/FatFs/src/diskio.o
                0x000000000800918c                disk_initialize
 .text.disk_read
                0x00000000080091d8       0x40 ./Middlewares/Third_Party/FatFs/src/diskio.o
                0x00000000080091d8                disk_read
 .text.disk_write
                0x0000000008009218       0x40 ./Middlewares/Third_Party/FatFs/src/diskio.o
                0x0000000008009218                disk_write
 .text.disk_ioctl
                0x0000000008009258       0x3c ./Middlewares/Third_Party/FatFs/src/diskio.o
                0x0000000008009258                disk_ioctl
 .text.ld_word  0x0000000008009294       0x30 ./Middlewares/Third_Party/FatFs/src/ff.o
 .text.ld_dword
                0x00000000080092c4       0x46 ./Middlewares/Third_Party/FatFs/src/ff.o
 .text.st_word  0x000000000800930a       0x36 ./Middlewares/Third_Party/FatFs/src/ff.o
 .text.st_dword
                0x0000000008009340       0x58 ./Middlewares/Third_Party/FatFs/src/ff.o
 .text.mem_cpy  0x0000000008009398       0x42 ./Middlewares/Third_Party/FatFs/src/ff.o
 .text.mem_set  0x00000000080093da       0x36 ./Middlewares/Third_Party/FatFs/src/ff.o
 .text.mem_cmp  0x0000000008009410       0x4e ./Middlewares/Third_Party/FatFs/src/ff.o
 .text.chk_chr  0x000000000800945e       0x36 ./Middlewares/Third_Party/FatFs/src/ff.o
 .text.lock_fs  0x0000000008009494       0x2c ./Middlewares/Third_Party/FatFs/src/ff.o
 .text.unlock_fs
                0x00000000080094c0       0x36 ./Middlewares/Third_Party/FatFs/src/ff.o
 *fill*         0x00000000080094f6        0x2 
 .text.chk_lock
                0x00000000080094f8       0xb8 ./Middlewares/Third_Party/FatFs/src/ff.o
 .text.enq_lock
                0x00000000080095b0       0x44 ./Middlewares/Third_Party/FatFs/src/ff.o
 .text.inc_lock
                0x00000000080095f4      0x11c ./Middlewares/Third_Party/FatFs/src/ff.o
 .text.dec_lock
                0x0000000008009710       0x78 ./Middlewares/Third_Party/FatFs/src/ff.o
 .text.clear_lock
                0x0000000008009788       0x48 ./Middlewares/Third_Party/FatFs/src/ff.o
 .text.sync_window
                0x00000000080097d0       0x88 ./Middlewares/Third_Party/FatFs/src/ff.o
 .text.move_window
                0x0000000008009858       0x5a ./Middlewares/Third_Party/FatFs/src/ff.o
 *fill*         0x00000000080098b2        0x2 
 .text.sync_fs  0x00000000080098b4       0xdc ./Middlewares/Third_Party/FatFs/src/ff.o
 .text.clust2sect
                0x0000000008009990       0x3e ./Middlewares/Third_Party/FatFs/src/ff.o
 .text.get_fat  0x00000000080099ce      0x150 ./Middlewares/Third_Party/FatFs/src/ff.o
 .text.put_fat  0x0000000008009b1e      0x1d4 ./Middlewares/Third_Party/FatFs/src/ff.o
 .text.remove_chain
                0x0000000008009cf2       0xca ./Middlewares/Third_Party/FatFs/src/ff.o
 .text.create_chain
                0x0000000008009dbc      0x130 ./Middlewares/Third_Party/FatFs/src/ff.o
 .text.clmt_clust
                0x0000000008009eec       0x68 ./Middlewares/Third_Party/FatFs/src/ff.o
 .text.dir_sdi  0x0000000008009f54       0xf6 ./Middlewares/Third_Party/FatFs/src/ff.o
 .text.dir_next
                0x000000000800a04a      0x18a ./Middlewares/Third_Party/FatFs/src/ff.o
 .text.dir_alloc
                0x000000000800a1d4       0x8e ./Middlewares/Third_Party/FatFs/src/ff.o
 .text.ld_clust
                0x000000000800a262       0x3e ./Middlewares/Third_Party/FatFs/src/ff.o
 .text.st_clust
                0x000000000800a2a0       0x40 ./Middlewares/Third_Party/FatFs/src/ff.o
 .text.dir_read
                0x000000000800a2e0       0xba ./Middlewares/Third_Party/FatFs/src/ff.o
 .text.dir_find
                0x000000000800a39a       0xaa ./Middlewares/Third_Party/FatFs/src/ff.o
 .text.dir_register
                0x000000000800a444       0x64 ./Middlewares/Third_Party/FatFs/src/ff.o
 .text.dir_remove
                0x000000000800a4a8       0x3c ./Middlewares/Third_Party/FatFs/src/ff.o
 .text.get_fileinfo
                0x000000000800a4e4       0xbe ./Middlewares/Third_Party/FatFs/src/ff.o
 *fill*         0x000000000800a5a2        0x2 
 .text.create_name
                0x000000000800a5a4      0x128 ./Middlewares/Third_Party/FatFs/src/ff.o
 .text.follow_path
                0x000000000800a6cc       0xe2 ./Middlewares/Third_Party/FatFs/src/ff.o
 .text.get_ldnumber
                0x000000000800a7ae       0x88 ./Middlewares/Third_Party/FatFs/src/ff.o
 *fill*         0x000000000800a836        0x2 
 .text.check_fs
                0x000000000800a838       0xac ./Middlewares/Third_Party/FatFs/src/ff.o
 .text.find_volume
                0x000000000800a8e4      0x4a8 ./Middlewares/Third_Party/FatFs/src/ff.o
 .text.validate
                0x000000000800ad8c       0x8e ./Middlewares/Third_Party/FatFs/src/ff.o
 *fill*         0x000000000800ae1a        0x2 
 .text.f_mount  0x000000000800ae1c       0xc8 ./Middlewares/Third_Party/FatFs/src/ff.o
                0x000000000800ae1c                f_mount
 .text.f_open   0x000000000800aee4      0x38a ./Middlewares/Third_Party/FatFs/src/ff.o
                0x000000000800aee4                f_open
 .text.f_write  0x000000000800b26e      0x348 ./Middlewares/Third_Party/FatFs/src/ff.o
                0x000000000800b26e                f_write
 .text.f_sync   0x000000000800b5b6      0x112 ./Middlewares/Third_Party/FatFs/src/ff.o
                0x000000000800b5b6                f_sync
 .text.f_close  0x000000000800b6c8       0x5e ./Middlewares/Third_Party/FatFs/src/ff.o
                0x000000000800b6c8                f_close
 .text.f_opendir
                0x000000000800b726       0xf2 ./Middlewares/Third_Party/FatFs/src/ff.o
                0x000000000800b726                f_opendir
 .text.f_closedir
                0x000000000800b818       0x56 ./Middlewares/Third_Party/FatFs/src/ff.o
                0x000000000800b818                f_closedir
 .text.f_readdir
                0x000000000800b86e       0x86 ./Middlewares/Third_Party/FatFs/src/ff.o
                0x000000000800b86e                f_readdir
 .text.f_stat   0x000000000800b8f4       0x80 ./Middlewares/Third_Party/FatFs/src/ff.o
                0x000000000800b8f4                f_stat
 .text.f_unlink
                0x000000000800b974      0x164 ./Middlewares/Third_Party/FatFs/src/ff.o
                0x000000000800b974                f_unlink
 .text.f_mkdir  0x000000000800bad8      0x21c ./Middlewares/Third_Party/FatFs/src/ff.o
                0x000000000800bad8                f_mkdir
 .text.FATFS_LinkDriverEx
                0x000000000800bcf4       0x98 ./Middlewares/Third_Party/FatFs/src/ff_gen_drv.o
                0x000000000800bcf4                FATFS_LinkDriverEx
 .text.FATFS_LinkDriver
                0x000000000800bd8c       0x1e ./Middlewares/Third_Party/FatFs/src/ff_gen_drv.o
                0x000000000800bd8c                FATFS_LinkDriver
 .text.ff_cre_syncobj
                0x000000000800bdaa       0x40 ./Middlewares/Third_Party/FatFs/src/option/syscall.o
                0x000000000800bdaa                ff_cre_syncobj
 .text.ff_del_syncobj
                0x000000000800bdea       0x18 ./Middlewares/Third_Party/FatFs/src/option/syscall.o
                0x000000000800bdea                ff_del_syncobj
 .text.ff_req_grant
                0x000000000800be02       0x2a ./Middlewares/Third_Party/FatFs/src/option/syscall.o
                0x000000000800be02                ff_req_grant
 .text.ff_rel_grant
                0x000000000800be2c       0x16 ./Middlewares/Third_Party/FatFs/src/option/syscall.o
                0x000000000800be2c                ff_rel_grant
 .text.makeFreeRtosPriority
                0x000000000800be42       0x30 ./Middlewares/Third_Party/FreeRTOS/Source/CMSIS_RTOS/cmsis_os.o
 .text.inHandlerMode
                0x000000000800be72       0x24 ./Middlewares/Third_Party/FreeRTOS/Source/CMSIS_RTOS/cmsis_os.o
 .text.osKernelStart
                0x000000000800be96        0xe ./Middlewares/Third_Party/FreeRTOS/Source/CMSIS_RTOS/cmsis_os.o
                0x000000000800be96                osKernelStart
 .text.osKernelSysTick
                0x000000000800bea4       0x20 ./Middlewares/Third_Party/FreeRTOS/Source/CMSIS_RTOS/cmsis_os.o
                0x000000000800bea4                osKernelSysTick
 .text.osThreadCreate
                0x000000000800bec4       0x98 ./Middlewares/Third_Party/FreeRTOS/Source/CMSIS_RTOS/cmsis_os.o
                0x000000000800bec4                osThreadCreate
 .text.osDelay  0x000000000800bf5c       0x28 ./Middlewares/Third_Party/FreeRTOS/Source/CMSIS_RTOS/cmsis_os.o
                0x000000000800bf5c                osDelay
 .text.osSemaphoreCreate
                0x000000000800bf84       0x64 ./Middlewares/Third_Party/FreeRTOS/Source/CMSIS_RTOS/cmsis_os.o
                0x000000000800bf84                osSemaphoreCreate
 .text.osSemaphoreWait
                0x000000000800bfe8       0x9c ./Middlewares/Third_Party/FreeRTOS/Source/CMSIS_RTOS/cmsis_os.o
                0x000000000800bfe8                osSemaphoreWait
 .text.osSemaphoreRelease
                0x000000000800c084       0x6c ./Middlewares/Third_Party/FreeRTOS/Source/CMSIS_RTOS/cmsis_os.o
                0x000000000800c084                osSemaphoreRelease
 .text.osSemaphoreDelete
                0x000000000800c0f0       0x26 ./Middlewares/Third_Party/FreeRTOS/Source/CMSIS_RTOS/cmsis_os.o
                0x000000000800c0f0                osSemaphoreDelete
 .text.osDelayUntil
                0x000000000800c116       0x18 ./Middlewares/Third_Party/FreeRTOS/Source/CMSIS_RTOS/cmsis_os.o
                0x000000000800c116                osDelayUntil
 .text.vListInitialise
                0x000000000800c12e       0x40 ./Middlewares/Third_Party/FreeRTOS/Source/list.o
                0x000000000800c12e                vListInitialise
 .text.vListInitialiseItem
                0x000000000800c16e       0x1a ./Middlewares/Third_Party/FreeRTOS/Source/list.o
                0x000000000800c16e                vListInitialiseItem
 .text.vListInsertEnd
                0x000000000800c188       0x48 ./Middlewares/Third_Party/FreeRTOS/Source/list.o
                0x000000000800c188                vListInsertEnd
 .text.vListInsert
                0x000000000800c1d0       0x72 ./Middlewares/Third_Party/FreeRTOS/Source/list.o
                0x000000000800c1d0                vListInsert
 .text.uxListRemove
                0x000000000800c242       0x54 ./Middlewares/Third_Party/FreeRTOS/Source/list.o
                0x000000000800c242                uxListRemove
 *fill*         0x000000000800c296        0x2 
 .text.xQueueGenericReset
                0x000000000800c298       0xd0 ./Middlewares/Third_Party/FreeRTOS/Source/queue.o
                0x000000000800c298                xQueueGenericReset
 .text.xQueueGenericCreateStatic
                0x000000000800c368       0xf0 ./Middlewares/Third_Party/FreeRTOS/Source/queue.o
                0x000000000800c368                xQueueGenericCreateStatic
 .text.xQueueGenericCreate
                0x000000000800c458       0x74 ./Middlewares/Third_Party/FreeRTOS/Source/queue.o
                0x000000000800c458                xQueueGenericCreate
 .text.prvInitialiseNewQueue
                0x000000000800c4cc       0x3e ./Middlewares/Third_Party/FreeRTOS/Source/queue.o
 *fill*         0x000000000800c50a        0x2 
 .text.xQueueGenericSend
                0x000000000800c50c      0x1fc ./Middlewares/Third_Party/FreeRTOS/Source/queue.o
                0x000000000800c50c                xQueueGenericSend
 .text.xQueueGiveFromISR
                0x000000000800c708      0x11a ./Middlewares/Third_Party/FreeRTOS/Source/queue.o
                0x000000000800c708                xQueueGiveFromISR
 *fill*         0x000000000800c822        0x2 
 .text.xQueueSemaphoreTake
                0x000000000800c824      0x218 ./Middlewares/Third_Party/FreeRTOS/Source/queue.o
                0x000000000800c824                xQueueSemaphoreTake
 .text.xQueueReceiveFromISR
                0x000000000800ca3c      0x100 ./Middlewares/Third_Party/FreeRTOS/Source/queue.o
                0x000000000800ca3c                xQueueReceiveFromISR
 .text.vQueueDelete
                0x000000000800cb3c       0x46 ./Middlewares/Third_Party/FreeRTOS/Source/queue.o
                0x000000000800cb3c                vQueueDelete
 .text.prvGetDisinheritPriorityAfterTimeout
                0x000000000800cb82       0x30 ./Middlewares/Third_Party/FreeRTOS/Source/queue.o
 .text.prvCopyDataToQueue
                0x000000000800cbb2       0xd4 ./Middlewares/Third_Party/FreeRTOS/Source/queue.o
 .text.prvCopyDataFromQueue
                0x000000000800cc86       0x4c ./Middlewares/Third_Party/FreeRTOS/Source/queue.o
 .text.prvUnlockQueue
                0x000000000800ccd2       0xa4 ./Middlewares/Third_Party/FreeRTOS/Source/queue.o
 .text.prvIsQueueEmpty
                0x000000000800cd76       0x2c ./Middlewares/Third_Party/FreeRTOS/Source/queue.o
 .text.prvIsQueueFull
                0x000000000800cda2       0x30 ./Middlewares/Third_Party/FreeRTOS/Source/queue.o
 *fill*         0x000000000800cdd2        0x2 
 .text.vQueueUnregisterQueue
                0x000000000800cdd4       0x54 ./Middlewares/Third_Party/FreeRTOS/Source/queue.o
                0x000000000800cdd4                vQueueUnregisterQueue
 .text.xTaskCreateStatic
                0x000000000800ce28       0xba ./Middlewares/Third_Party/FreeRTOS/Source/tasks.o
                0x000000000800ce28                xTaskCreateStatic
 .text.xTaskCreate
                0x000000000800cee2       0x8a ./Middlewares/Third_Party/FreeRTOS/Source/tasks.o
                0x000000000800cee2                xTaskCreate
 .text.prvInitialiseNewTask
                0x000000000800cf6c      0x13c ./Middlewares/Third_Party/FreeRTOS/Source/tasks.o
 .text.prvAddNewTaskToReadyList
                0x000000000800d0a8       0xd4 ./Middlewares/Third_Party/FreeRTOS/Source/tasks.o
 .text.vTaskDelay
                0x000000000800d17c       0x68 ./Middlewares/Third_Party/FreeRTOS/Source/tasks.o
                0x000000000800d17c                vTaskDelay
 .text.vTaskStartScheduler
                0x000000000800d1e4       0xd4 ./Middlewares/Third_Party/FreeRTOS/Source/tasks.o
                0x000000000800d1e4                vTaskStartScheduler
 .text.vTaskSuspendAll
                0x000000000800d2b8       0x1c ./Middlewares/Third_Party/FreeRTOS/Source/tasks.o
                0x000000000800d2b8                vTaskSuspendAll
 .text.xTaskResumeAll
                0x000000000800d2d4      0x138 ./Middlewares/Third_Party/FreeRTOS/Source/tasks.o
                0x000000000800d2d4                xTaskResumeAll
 .text.xTaskGetTickCount
                0x000000000800d40c       0x20 ./Middlewares/Third_Party/FreeRTOS/Source/tasks.o
                0x000000000800d40c                xTaskGetTickCount
 .text.xTaskGetTickCountFromISR
                0x000000000800d42c       0x24 ./Middlewares/Third_Party/FreeRTOS/Source/tasks.o
                0x000000000800d42c                xTaskGetTickCountFromISR
 .text.xTaskIncrementTick
                0x000000000800d450      0x170 ./Middlewares/Third_Party/FreeRTOS/Source/tasks.o
                0x000000000800d450                xTaskIncrementTick
 .text.vTaskSwitchContext
                0x000000000800d5c0       0xc4 ./Middlewares/Third_Party/FreeRTOS/Source/tasks.o
                0x000000000800d5c0                vTaskSwitchContext
 .text.vTaskPlaceOnEventList
                0x000000000800d684       0x48 ./Middlewares/Third_Party/FreeRTOS/Source/tasks.o
                0x000000000800d684                vTaskPlaceOnEventList
 .text.xTaskRemoveFromEventList
                0x000000000800d6cc       0xc4 ./Middlewares/Third_Party/FreeRTOS/Source/tasks.o
                0x000000000800d6cc                xTaskRemoveFromEventList
 .text.vTaskInternalSetTimeOutState
                0x000000000800d790       0x2c ./Middlewares/Third_Party/FreeRTOS/Source/tasks.o
                0x000000000800d790                vTaskInternalSetTimeOutState
 .text.xTaskCheckForTimeOut
                0x000000000800d7bc       0xc4 ./Middlewares/Third_Party/FreeRTOS/Source/tasks.o
                0x000000000800d7bc                xTaskCheckForTimeOut
 .text.vTaskMissedYield
                0x000000000800d880       0x18 ./Middlewares/Third_Party/FreeRTOS/Source/tasks.o
                0x000000000800d880                vTaskMissedYield
 .text.prvIdleTask
                0x000000000800d898       0x30 ./Middlewares/Third_Party/FreeRTOS/Source/tasks.o
 .text.prvInitialiseTaskLists
                0x000000000800d8c8       0x80 ./Middlewares/Third_Party/FreeRTOS/Source/tasks.o
 .text.prvCheckTasksWaitingTermination
                0x000000000800d948       0x5c ./Middlewares/Third_Party/FreeRTOS/Source/tasks.o
 .text.prvDeleteTCB
                0x000000000800d9a4       0x68 ./Middlewares/Third_Party/FreeRTOS/Source/tasks.o
 .text.prvResetNextTaskUnblockTime
                0x000000000800da0c       0x40 ./Middlewares/Third_Party/FreeRTOS/Source/tasks.o
 .text.xTaskGetSchedulerState
                0x000000000800da4c       0x3c ./Middlewares/Third_Party/FreeRTOS/Source/tasks.o
                0x000000000800da4c                xTaskGetSchedulerState
 .text.xTaskPriorityInherit
                0x000000000800da88       0xec ./Middlewares/Third_Party/FreeRTOS/Source/tasks.o
                0x000000000800da88                xTaskPriorityInherit
 .text.xTaskPriorityDisinherit
                0x000000000800db74      0x10c ./Middlewares/Third_Party/FreeRTOS/Source/tasks.o
                0x000000000800db74                xTaskPriorityDisinherit
 .text.vTaskPriorityDisinheritAfterTimeout
                0x000000000800dc80      0x11c ./Middlewares/Third_Party/FreeRTOS/Source/tasks.o
                0x000000000800dc80                vTaskPriorityDisinheritAfterTimeout
 .text.pvTaskIncrementMutexHeldCount
                0x000000000800dd9c       0x28 ./Middlewares/Third_Party/FreeRTOS/Source/tasks.o
                0x000000000800dd9c                pvTaskIncrementMutexHeldCount
 .text.prvAddCurrentTaskToDelayedList
                0x000000000800ddc4       0xcc ./Middlewares/Third_Party/FreeRTOS/Source/tasks.o
 .text.pxPortInitialiseStack
                0x000000000800de90       0x68 ./Middlewares/Third_Party/FreeRTOS/Source/portable/GCC/ARM_CM4F/port.o
                0x000000000800de90                pxPortInitialiseStack
 .text.prvTaskExitError
                0x000000000800def8       0x58 ./Middlewares/Third_Party/FreeRTOS/Source/portable/GCC/ARM_CM4F/port.o
 .text.SVC_Handler
                0x000000000800df50       0x28 ./Middlewares/Third_Party/FreeRTOS/Source/portable/GCC/ARM_CM4F/port.o
                0x000000000800df50                SVC_Handler
 .text.prvPortStartFirstTask
                0x000000000800df78       0x28 ./Middlewares/Third_Party/FreeRTOS/Source/portable/GCC/ARM_CM4F/port.o
 .text.xPortStartScheduler
                0x000000000800dfa0      0x144 ./Middlewares/Third_Party/FreeRTOS/Source/portable/GCC/ARM_CM4F/port.o
                0x000000000800dfa0                xPortStartScheduler
 .text.vPortEnterCritical
                0x000000000800e0e4       0x60 ./Middlewares/Third_Party/FreeRTOS/Source/portable/GCC/ARM_CM4F/port.o
                0x000000000800e0e4                vPortEnterCritical
 .text.vPortExitCritical
                0x000000000800e144       0x54 ./Middlewares/Third_Party/FreeRTOS/Source/portable/GCC/ARM_CM4F/port.o
                0x000000000800e144                vPortExitCritical
 *fill*         0x000000000800e198        0x8 
 .text.PendSV_Handler
                0x000000000800e1a0       0x68 ./Middlewares/Third_Party/FreeRTOS/Source/portable/GCC/ARM_CM4F/port.o
                0x000000000800e1a0                PendSV_Handler
 .text.SysTick_Handler
                0x000000000800e208       0x44 ./Middlewares/Third_Party/FreeRTOS/Source/portable/GCC/ARM_CM4F/port.o
                0x000000000800e208                SysTick_Handler
 .text.vPortSetupTimerInterrupt
                0x000000000800e24c       0x48 ./Middlewares/Third_Party/FreeRTOS/Source/portable/GCC/ARM_CM4F/port.o
                0x000000000800e24c                vPortSetupTimerInterrupt
 .text.vPortEnableVFP
                0x000000000800e294       0x14 ./Middlewares/Third_Party/FreeRTOS/Source/portable/GCC/ARM_CM4F/port.o
 .text.vPortValidateInterruptPriority
                0x000000000800e2a8       0x80 ./Middlewares/Third_Party/FreeRTOS/Source/portable/GCC/ARM_CM4F/port.o
                0x000000000800e2a8                vPortValidateInterruptPriority
 .text.pvPortMalloc
                0x000000000800e328      0x198 ./Middlewares/Third_Party/FreeRTOS/Source/portable/MemMang/heap_4.o
                0x000000000800e328                pvPortMalloc
 .text.vPortFree
                0x000000000800e4c0       0xc4 ./Middlewares/Third_Party/FreeRTOS/Source/portable/MemMang/heap_4.o
                0x000000000800e4c0                vPortFree
 .text.prvHeapInit
                0x000000000800e584       0xc4 ./Middlewares/Third_Party/FreeRTOS/Source/portable/MemMang/heap_4.o
 .text.prvInsertBlockIntoFreeList
                0x000000000800e648       0xb4 ./Middlewares/Third_Party/FreeRTOS/Source/portable/MemMang/heap_4.o
 .text.__cvt    0x000000000800e6fc       0xc4 C:/ST/STM32CubeIDE_1.12.1/STM32CubeIDE/plugins/com.st.stm32cube.ide.mcu.externaltools.gnu-tools-for-stm32.11.3.rel1.win32_1.1.0.202305231506/tools/bin/../lib/gcc/arm-none-eabi/11.3.1/../../../../arm-none-eabi/lib/thumb/v7e-m+fp/hard\libc_nano.a(libc_a-nano-vfprintf_float.o)
                0x000000000800e6fc                __cvt
 .text.__exponent
                0x000000000800e7c0       0x7c C:/ST/STM32CubeIDE_1.12.1/STM32CubeIDE/plugins/com.st.stm32cube.ide.mcu.externaltools.gnu-tools-for-stm32.11.3.rel1.win32_1.1.0.202305231506/tools/bin/../lib/gcc/arm-none-eabi/11.3.1/../../../../arm-none-eabi/lib/thumb/v7e-m+fp/hard\libc_nano.a(libc_a-nano-vfprintf_float.o)
                0x000000000800e7c0                __exponent
 .text._printf_float
                0x000000000800e83c      0x46c C:/ST/STM32CubeIDE_1.12.1/STM32CubeIDE/plugins/com.st.stm32cube.ide.mcu.externaltools.gnu-tools-for-stm32.11.3.rel1.win32_1.1.0.202305231506/tools/bin/../lib/gcc/arm-none-eabi/11.3.1/../../../../arm-none-eabi/lib/thumb/v7e-m+fp/hard\libc_nano.a(libc_a-nano-vfprintf_float.o)
                0x000000000800e83c                _printf_float
 .text._printf_common
                0x000000000800eca8       0xda C:/ST/STM32CubeIDE_1.12.1/STM32CubeIDE/plugins/com.st.stm32cube.ide.mcu.externaltools.gnu-tools-for-stm32.11.3.rel1.win32_1.1.0.202305231506/tools/bin/../lib/gcc/arm-none-eabi/11.3.1/../../../../arm-none-eabi/lib/thumb/v7e-m+fp/hard\libc_nano.a(libc_a-nano-vfprintf_i.o)
                0x000000000800eca8                _printf_common
 *fill*         0x000000000800ed82        0x2 
 .text._printf_i
                0x000000000800ed84      0x244 C:/ST/STM32CubeIDE_1.12.1/STM32CubeIDE/plugins/com.st.stm32cube.ide.mcu.externaltools.gnu-tools-for-stm32.11.3.rel1.win32_1.1.0.202305231506/tools/bin/../lib/gcc/arm-none-eabi/11.3.1/../../../../arm-none-eabi/lib/thumb/v7e-m+fp/hard\libc_nano.a(libc_a-nano-vfprintf_i.o)
                0x000000000800ed84                _printf_i
 .text.std      0x000000000800efc8       0x48 C:/ST/STM32CubeIDE_1.12.1/STM32CubeIDE/plugins/com.st.stm32cube.ide.mcu.externaltools.gnu-tools-for-stm32.11.3.rel1.win32_1.1.0.202305231506/tools/bin/../lib/gcc/arm-none-eabi/11.3.1/../../../../arm-none-eabi/lib/thumb/v7e-m+fp/hard\libc_nano.a(libc_a-findfp.o)
 .text.stdio_exit_handler
                0x000000000800f010       0x18 C:/ST/STM32CubeIDE_1.12.1/STM32CubeIDE/plugins/com.st.stm32cube.ide.mcu.externaltools.gnu-tools-for-stm32.11.3.rel1.win32_1.1.0.202305231506/tools/bin/../lib/gcc/arm-none-eabi/11.3.1/../../../../arm-none-eabi/lib/thumb/v7e-m+fp/hard\libc_nano.a(libc_a-findfp.o)
 .text.cleanup_stdio
                0x000000000800f028       0x40 C:/ST/STM32CubeIDE_1.12.1/STM32CubeIDE/plugins/com.st.stm32cube.ide.mcu.externaltools.gnu-tools-for-stm32.11.3.rel1.win32_1.1.0.202305231506/tools/bin/../lib/gcc/arm-none-eabi/11.3.1/../../../../arm-none-eabi/lib/thumb/v7e-m+fp/hard\libc_nano.a(libc_a-findfp.o)
 .text.global_stdio_init.part.0
                0x000000000800f068       0x3c C:/ST/STM32CubeIDE_1.12.1/STM32CubeIDE/plugins/com.st.stm32cube.ide.mcu.externaltools.gnu-tools-for-stm32.11.3.rel1.win32_1.1.0.202305231506/tools/bin/../lib/gcc/arm-none-eabi/11.3.1/../../../../arm-none-eabi/lib/thumb/v7e-m+fp/hard\libc_nano.a(libc_a-findfp.o)
 .text.__sfp_lock_acquire
                0x000000000800f0a4        0xc C:/ST/STM32CubeIDE_1.12.1/STM32CubeIDE/plugins/com.st.stm32cube.ide.mcu.externaltools.gnu-tools-for-stm32.11.3.rel1.win32_1.1.0.202305231506/tools/bin/../lib/gcc/arm-none-eabi/11.3.1/../../../../arm-none-eabi/lib/thumb/v7e-m+fp/hard\libc_nano.a(libc_a-findfp.o)
                0x000000000800f0a4                __sfp_lock_acquire
 .text.__sfp_lock_release
                0x000000000800f0b0        0xc C:/ST/STM32CubeIDE_1.12.1/STM32CubeIDE/plugins/com.st.stm32cube.ide.mcu.externaltools.gnu-tools-for-stm32.11.3.rel1.win32_1.1.0.202305231506/tools/bin/../lib/gcc/arm-none-eabi/11.3.1/../../../../arm-none-eabi/lib/thumb/v7e-m+fp/hard\libc_nano.a(libc_a-findfp.o)
                0x000000000800f0b0                __sfp_lock_release
 .text.__sinit  0x000000000800f0bc       0x30 C:/ST/STM32CubeIDE_1.12.1/STM32CubeIDE/plugins/com.st.stm32cube.ide.mcu.externaltools.gnu-tools-for-stm32.11.3.rel1.win32_1.1.0.202305231506/tools/bin/../lib/gcc/arm-none-eabi/11.3.1/../../../../arm-none-eabi/lib/thumb/v7e-m+fp/hard\libc_nano.a(libc_a-findfp.o)
                0x000000000800f0bc                __sinit
 .text._fwalk_sglue
                0x000000000800f0ec       0x3c C:/ST/STM32CubeIDE_1.12.1/STM32CubeIDE/plugins/com.st.stm32cube.ide.mcu.externaltools.gnu-tools-for-stm32.11.3.rel1.win32_1.1.0.202305231506/tools/bin/../lib/gcc/arm-none-eabi/11.3.1/../../../../arm-none-eabi/lib/thumb/v7e-m+fp/hard\libc_nano.a(libc_a-fwalk.o)
                0x000000000800f0ec                _fwalk_sglue
 .text.printf   0x000000000800f128       0x24 C:/ST/STM32CubeIDE_1.12.1/STM32CubeIDE/plugins/com.st.stm32cube.ide.mcu.externaltools.gnu-tools-for-stm32.11.3.rel1.win32_1.1.0.202305231506/tools/bin/../lib/gcc/arm-none-eabi/11.3.1/../../../../arm-none-eabi/lib/thumb/v7e-m+fp/hard\libc_nano.a(libc_a-printf.o)
                0x000000000800f128                iprintf
                0x000000000800f128                printf
 .text._puts_r  0x000000000800f14c       0xa8 C:/ST/STM32CubeIDE_1.12.1/STM32CubeIDE/plugins/com.st.stm32cube.ide.mcu.externaltools.gnu-tools-for-stm32.11.3.rel1.win32_1.1.0.202305231506/tools/bin/../lib/gcc/arm-none-eabi/11.3.1/../../../../arm-none-eabi/lib/thumb/v7e-m+fp/hard\libc_nano.a(libc_a-puts.o)
                0x000000000800f14c                _puts_r
 .text.puts     0x000000000800f1f4       0x10 C:/ST/STM32CubeIDE_1.12.1/STM32CubeIDE/plugins/com.st.stm32cube.ide.mcu.externaltools.gnu-tools-for-stm32.11.3.rel1.win32_1.1.0.202305231506/tools/bin/../lib/gcc/arm-none-eabi/11.3.1/../../../../arm-none-eabi/lib/thumb/v7e-m+fp/hard\libc_nano.a(libc_a-puts.o)
                0x000000000800f1f4                puts
 .text.sprintf  0x000000000800f204       0x40 C:/ST/STM32CubeIDE_1.12.1/STM32CubeIDE/plugins/com.st.stm32cube.ide.mcu.externaltools.gnu-tools-for-stm32.11.3.rel1.win32_1.1.0.202305231506/tools/bin/../lib/gcc/arm-none-eabi/11.3.1/../../../../arm-none-eabi/lib/thumb/v7e-m+fp/hard\libc_nano.a(libc_a-sprintf.o)
                0x000000000800f204                siprintf
                0x000000000800f204                sprintf
 .text.__sread  0x000000000800f244       0x22 C:/ST/STM32CubeIDE_1.12.1/STM32CubeIDE/plugins/com.st.stm32cube.ide.mcu.externaltools.gnu-tools-for-stm32.11.3.rel1.win32_1.1.0.202305231506/tools/bin/../lib/gcc/arm-none-eabi/11.3.1/../../../../arm-none-eabi/lib/thumb/v7e-m+fp/hard\libc_nano.a(libc_a-stdio.o)
                0x000000000800f244                __sread
 .text.__swrite
                0x000000000800f266       0x38 C:/ST/STM32CubeIDE_1.12.1/STM32CubeIDE/plugins/com.st.stm32cube.ide.mcu.externaltools.gnu-tools-for-stm32.11.3.rel1.win32_1.1.0.202305231506/tools/bin/../lib/gcc/arm-none-eabi/11.3.1/../../../../arm-none-eabi/lib/thumb/v7e-m+fp/hard\libc_nano.a(libc_a-stdio.o)
                0x000000000800f266                __swrite
 .text.__sseek  0x000000000800f29e       0x24 C:/ST/STM32CubeIDE_1.12.1/STM32CubeIDE/plugins/com.st.stm32cube.ide.mcu.externaltools.gnu-tools-for-stm32.11.3.rel1.win32_1.1.0.202305231506/tools/bin/../lib/gcc/arm-none-eabi/11.3.1/../../../../arm-none-eabi/lib/thumb/v7e-m+fp/hard\libc_nano.a(libc_a-stdio.o)
                0x000000000800f29e                __sseek
 .text.__sclose
                0x000000000800f2c2        0x8 C:/ST/STM32CubeIDE_1.12.1/STM32CubeIDE/plugins/com.st.stm32cube.ide.mcu.externaltools.gnu-tools-for-stm32.11.3.rel1.win32_1.1.0.202305231506/tools/bin/../lib/gcc/arm-none-eabi/11.3.1/../../../../arm-none-eabi/lib/thumb/v7e-m+fp/hard\libc_nano.a(libc_a-stdio.o)
                0x000000000800f2c2                __sclose
 .text.__swbuf_r
                0x000000000800f2ca       0x7a C:/ST/STM32CubeIDE_1.12.1/STM32CubeIDE/plugins/com.st.stm32cube.ide.mcu.externaltools.gnu-tools-for-stm32.11.3.rel1.win32_1.1.0.202305231506/tools/bin/../lib/gcc/arm-none-eabi/11.3.1/../../../../arm-none-eabi/lib/thumb/v7e-m+fp/hard\libc_nano.a(libc_a-wbuf.o)
                0x000000000800f2ca                __swbuf_r
 .text.__swsetup_r
                0x000000000800f344       0xb0 C:/ST/STM32CubeIDE_1.12.1/STM32CubeIDE/plugins/com.st.stm32cube.ide.mcu.externaltools.gnu-tools-for-stm32.11.3.rel1.win32_1.1.0.202305231506/tools/bin/../lib/gcc/arm-none-eabi/11.3.1/../../../../arm-none-eabi/lib/thumb/v7e-m+fp/hard\libc_nano.a(libc_a-wsetup.o)
                0x000000000800f344                __swsetup_r
 .text.memset   0x000000000800f3f4       0x10 C:/ST/STM32CubeIDE_1.12.1/STM32CubeIDE/plugins/com.st.stm32cube.ide.mcu.externaltools.gnu-tools-for-stm32.11.3.rel1.win32_1.1.0.202305231506/tools/bin/../lib/gcc/arm-none-eabi/11.3.1/../../../../arm-none-eabi/lib/thumb/v7e-m+fp/hard\libc_nano.a(libc_a-memset.o)
                0x000000000800f3f4                memset
 .text.strncpy  0x000000000800f404       0x26 C:/ST/STM32CubeIDE_1.12.1/STM32CubeIDE/plugins/com.st.stm32cube.ide.mcu.externaltools.gnu-tools-for-stm32.11.3.rel1.win32_1.1.0.202305231506/tools/bin/../lib/gcc/arm-none-eabi/11.3.1/../../../../arm-none-eabi/lib/thumb/v7e-m+fp/hard\libc_nano.a(libc_a-strncpy.o)
                0x000000000800f404                strncpy
 *fill*         0x000000000800f42a        0x2 
 .text._localeconv_r
                0x000000000800f42c        0x8 C:/ST/STM32CubeIDE_1.12.1/STM32CubeIDE/plugins/com.st.stm32cube.ide.mcu.externaltools.gnu-tools-for-stm32.11.3.rel1.win32_1.1.0.202305231506/tools/bin/../lib/gcc/arm-none-eabi/11.3.1/../../../../arm-none-eabi/lib/thumb/v7e-m+fp/hard\libc_nano.a(libc_a-localeconv.o)
                0x000000000800f42c                _localeconv_r
 .text._close_r
                0x000000000800f434       0x20 C:/ST/STM32CubeIDE_1.12.1/STM32CubeIDE/plugins/com.st.stm32cube.ide.mcu.externaltools.gnu-tools-for-stm32.11.3.rel1.win32_1.1.0.202305231506/tools/bin/../lib/gcc/arm-none-eabi/11.3.1/../../../../arm-none-eabi/lib/thumb/v7e-m+fp/hard\libc_nano.a(libc_a-closer.o)
                0x000000000800f434                _close_r
 .text._reclaim_reent
                0x000000000800f454       0xac C:/ST/STM32CubeIDE_1.12.1/STM32CubeIDE/plugins/com.st.stm32cube.ide.mcu.externaltools.gnu-tools-for-stm32.11.3.rel1.win32_1.1.0.202305231506/tools/bin/../lib/gcc/arm-none-eabi/11.3.1/../../../../arm-none-eabi/lib/thumb/v7e-m+fp/hard\libc_nano.a(libc_a-reent.o)
                0x000000000800f454                _reclaim_reent
 .text._lseek_r
                0x000000000800f500       0x24 C:/ST/STM32CubeIDE_1.12.1/STM32CubeIDE/plugins/com.st.stm32cube.ide.mcu.externaltools.gnu-tools-for-stm32.11.3.rel1.win32_1.1.0.202305231506/tools/bin/../lib/gcc/arm-none-eabi/11.3.1/../../../../arm-none-eabi/lib/thumb/v7e-m+fp/hard\libc_nano.a(libc_a-lseekr.o)
                0x000000000800f500                _lseek_r
 .text._read_r  0x000000000800f524       0x24 C:/ST/STM32CubeIDE_1.12.1/STM32CubeIDE/plugins/com.st.stm32cube.ide.mcu.externaltools.gnu-tools-for-stm32.11.3.rel1.win32_1.1.0.202305231506/tools/bin/../lib/gcc/arm-none-eabi/11.3.1/../../../../arm-none-eabi/lib/thumb/v7e-m+fp/hard\libc_nano.a(libc_a-readr.o)
                0x000000000800f524                _read_r
 .text._write_r
                0x000000000800f548       0x24 C:/ST/STM32CubeIDE_1.12.1/STM32CubeIDE/plugins/com.st.stm32cube.ide.mcu.externaltools.gnu-tools-for-stm32.11.3.rel1.win32_1.1.0.202305231506/tools/bin/../lib/gcc/arm-none-eabi/11.3.1/../../../../arm-none-eabi/lib/thumb/v7e-m+fp/hard\libc_nano.a(libc_a-writer.o)
                0x000000000800f548                _write_r
 .text.__errno  0x000000000800f56c        0xc C:/ST/STM32CubeIDE_1.12.1/STM32CubeIDE/plugins/com.st.stm32cube.ide.mcu.externaltools.gnu-tools-for-stm32.11.3.rel1.win32_1.1.0.202305231506/tools/bin/../lib/gcc/arm-none-eabi/11.3.1/../../../../arm-none-eabi/lib/thumb/v7e-m+fp/hard\libc_nano.a(libc_a-errno.o)
                0x000000000800f56c                __errno
 .text.__libc_init_array
                0x000000000800f578       0x48 C:/ST/STM32CubeIDE_1.12.1/STM32CubeIDE/plugins/com.st.stm32cube.ide.mcu.externaltools.gnu-tools-for-stm32.11.3.rel1.win32_1.1.0.202305231506/tools/bin/../lib/gcc/arm-none-eabi/11.3.1/../../../../arm-none-eabi/lib/thumb/v7e-m+fp/hard\libc_nano.a(libc_a-init.o)
                0x000000000800f578                __libc_init_array
 .text.__retarget_lock_acquire_recursive
                0x000000000800f5c0        0x2 C:/ST/STM32CubeIDE_1.12.1/STM32CubeIDE/plugins/com.st.stm32cube.ide.mcu.externaltools.gnu-tools-for-stm32.11.3.rel1.win32_1.1.0.202305231506/tools/bin/../lib/gcc/arm-none-eabi/11.3.1/../../../../arm-none-eabi/lib/thumb/v7e-m+fp/hard\libc_nano.a(libc_a-lock.o)
                0x000000000800f5c0                __retarget_lock_acquire_recursive
 .text.__retarget_lock_release_recursive
                0x000000000800f5c2        0x2 C:/ST/STM32CubeIDE_1.12.1/STM32CubeIDE/plugins/com.st.stm32cube.ide.mcu.externaltools.gnu-tools-for-stm32.11.3.rel1.win32_1.1.0.202305231506/tools/bin/../lib/gcc/arm-none-eabi/11.3.1/../../../../arm-none-eabi/lib/thumb/v7e-m+fp/hard\libc_nano.a(libc_a-lock.o)
                0x000000000800f5c2                __retarget_lock_release_recursive
 .text.memcpy   0x000000000800f5c4       0x1c C:/ST/STM32CubeIDE_1.12.1/STM32CubeIDE/plugins/com.st.stm32cube.ide.mcu.externaltools.gnu-tools-for-stm32.11.3.rel1.win32_1.1.0.202305231506/tools/bin/../lib/gcc/arm-none-eabi/11.3.1/../../../../arm-none-eabi/lib/thumb/v7e-m+fp/hard\libc_nano.a(libc_a-memcpy-stub.o)
                0x000000000800f5c4                memcpy
 .text.quorem   0x000000000800f5e0      0x110 C:/ST/STM32CubeIDE_1.12.1/STM32CubeIDE/plugins/com.st.stm32cube.ide.mcu.externaltools.gnu-tools-for-stm32.11.3.rel1.win32_1.1.0.202305231506/tools/bin/../lib/gcc/arm-none-eabi/11.3.1/../../../../arm-none-eabi/lib/thumb/v7e-m+fp/hard\libc_nano.a(libc_a-dtoa.o)
 .text._dtoa_r  0x000000000800f6f0      0xbe4 C:/ST/STM32CubeIDE_1.12.1/STM32CubeIDE/plugins/com.st.stm32cube.ide.mcu.externaltools.gnu-tools-for-stm32.11.3.rel1.win32_1.1.0.202305231506/tools/bin/../lib/gcc/arm-none-eabi/11.3.1/../../../../arm-none-eabi/lib/thumb/v7e-m+fp/hard\libc_nano.a(libc_a-dtoa.o)
                0x000000000800f6f0                _dtoa_r
 .text._free_r  0x00000000080102d4       0x98 C:/ST/STM32CubeIDE_1.12.1/STM32CubeIDE/plugins/com.st.stm32cube.ide.mcu.externaltools.gnu-tools-for-stm32.11.3.rel1.win32_1.1.0.202305231506/tools/bin/../lib/gcc/arm-none-eabi/11.3.1/../../../../arm-none-eabi/lib/thumb/v7e-m+fp/hard\libc_nano.a(libc_a-freer.o)
                0x00000000080102d4                _free_r
 .text.malloc   0x000000000801036c       0x10 C:/ST/STM32CubeIDE_1.12.1/STM32CubeIDE/plugins/com.st.stm32cube.ide.mcu.externaltools.gnu-tools-for-stm32.11.3.rel1.win32_1.1.0.202305231506/tools/bin/../lib/gcc/arm-none-eabi/11.3.1/../../../../arm-none-eabi/lib/thumb/v7e-m+fp/hard\libc_nano.a(libc_a-malloc.o)
                0x000000000801036c                malloc
 .text.sbrk_aligned
                0x000000000801037c       0x40 C:/ST/STM32CubeIDE_1.12.1/STM32CubeIDE/plugins/com.st.stm32cube.ide.mcu.externaltools.gnu-tools-for-stm32.11.3.rel1.win32_1.1.0.202305231506/tools/bin/../lib/gcc/arm-none-eabi/11.3.1/../../../../arm-none-eabi/lib/thumb/v7e-m+fp/hard\libc_nano.a(libc_a-mallocr.o)
 .text._malloc_r
                0x00000000080103bc      0x100 C:/ST/STM32CubeIDE_1.12.1/STM32CubeIDE/plugins/com.st.stm32cube.ide.mcu.externaltools.gnu-tools-for-stm32.11.3.rel1.win32_1.1.0.202305231506/tools/bin/../lib/gcc/arm-none-eabi/11.3.1/../../../../arm-none-eabi/lib/thumb/v7e-m+fp/hard\libc_nano.a(libc_a-mallocr.o)
                0x00000000080103bc                _malloc_r
 .text.__malloc_lock
                0x00000000080104bc        0xc C:/ST/STM32CubeIDE_1.12.1/STM32CubeIDE/plugins/com.st.stm32cube.ide.mcu.externaltools.gnu-tools-for-stm32.11.3.rel1.win32_1.1.0.202305231506/tools/bin/../lib/gcc/arm-none-eabi/11.3.1/../../../../arm-none-eabi/lib/thumb/v7e-m+fp/hard\libc_nano.a(libc_a-mlock.o)
                0x00000000080104bc                __malloc_lock
 .text.__malloc_unlock
                0x00000000080104c8        0xc C:/ST/STM32CubeIDE_1.12.1/STM32CubeIDE/plugins/com.st.stm32cube.ide.mcu.externaltools.gnu-tools-for-stm32.11.3.rel1.win32_1.1.0.202305231506/tools/bin/../lib/gcc/arm-none-eabi/11.3.1/../../../../arm-none-eabi/lib/thumb/v7e-m+fp/hard\libc_nano.a(libc_a-mlock.o)
                0x00000000080104c8                __malloc_unlock
 .text._Balloc  0x00000000080104d4       0x80 C:/ST/STM32CubeIDE_1.12.1/STM32CubeIDE/plugins/com.st.stm32cube.ide.mcu.externaltools.gnu-tools-for-stm32.11.3.rel1.win32_1.1.0.202305231506/tools/bin/../lib/gcc/arm-none-eabi/11.3.1/../../../../arm-none-eabi/lib/thumb/v7e-m+fp/hard\libc_nano.a(libc_a-mprec.o)
                0x00000000080104d4                _Balloc
 .text._Bfree   0x0000000008010554       0x44 C:/ST/STM32CubeIDE_1.12.1/STM32CubeIDE/plugins/com.st.stm32cube.ide.mcu.externaltools.gnu-tools-for-stm32.11.3.rel1.win32_1.1.0.202305231506/tools/bin/../lib/gcc/arm-none-eabi/11.3.1/../../../../arm-none-eabi/lib/thumb/v7e-m+fp/hard\libc_nano.a(libc_a-mprec.o)
                0x0000000008010554                _Bfree
 .text.__multadd
                0x0000000008010598       0x8c C:/ST/STM32CubeIDE_1.12.1/STM32CubeIDE/plugins/com.st.stm32cube.ide.mcu.externaltools.gnu-tools-for-stm32.11.3.rel1.win32_1.1.0.202305231506/tools/bin/../lib/gcc/arm-none-eabi/11.3.1/../../../../arm-none-eabi/lib/thumb/v7e-m+fp/hard\libc_nano.a(libc_a-mprec.o)
                0x0000000008010598                __multadd
 .text.__hi0bits
                0x0000000008010624       0x40 C:/ST/STM32CubeIDE_1.12.1/STM32CubeIDE/plugins/com.st.stm32cube.ide.mcu.externaltools.gnu-tools-for-stm32.11.3.rel1.win32_1.1.0.202305231506/tools/bin/../lib/gcc/arm-none-eabi/11.3.1/../../../../arm-none-eabi/lib/thumb/v7e-m+fp/hard\libc_nano.a(libc_a-mprec.o)
                0x0000000008010624                __hi0bits
 .text.__lo0bits
                0x0000000008010664       0x5a C:/ST/STM32CubeIDE_1.12.1/STM32CubeIDE/plugins/com.st.stm32cube.ide.mcu.externaltools.gnu-tools-for-stm32.11.3.rel1.win32_1.1.0.202305231506/tools/bin/../lib/gcc/arm-none-eabi/11.3.1/../../../../arm-none-eabi/lib/thumb/v7e-m+fp/hard\libc_nano.a(libc_a-mprec.o)
                0x0000000008010664                __lo0bits
 *fill*         0x00000000080106be        0x2 
 .text.__i2b    0x00000000080106c0       0x2c C:/ST/STM32CubeIDE_1.12.1/STM32CubeIDE/plugins/com.st.stm32cube.ide.mcu.externaltools.gnu-tools-for-stm32.11.3.rel1.win32_1.1.0.202305231506/tools/bin/../lib/gcc/arm-none-eabi/11.3.1/../../../../arm-none-eabi/lib/thumb/v7e-m+fp/hard\libc_nano.a(libc_a-mprec.o)
                0x00000000080106c0                __i2b
 .text.__multiply
                0x00000000080106ec      0x154 C:/ST/STM32CubeIDE_1.12.1/STM32CubeIDE/plugins/com.st.stm32cube.ide.mcu.externaltools.gnu-tools-for-stm32.11.3.rel1.win32_1.1.0.202305231506/tools/bin/../lib/gcc/arm-none-eabi/11.3.1/../../../../arm-none-eabi/lib/thumb/v7e-m+fp/hard\libc_nano.a(libc_a-mprec.o)
                0x00000000080106ec                __multiply
 .text.__pow5mult
                0x0000000008010840       0xb4 C:/ST/STM32CubeIDE_1.12.1/STM32CubeIDE/plugins/com.st.stm32cube.ide.mcu.externaltools.gnu-tools-for-stm32.11.3.rel1.win32_1.1.0.202305231506/tools/bin/../lib/gcc/arm-none-eabi/11.3.1/../../../../arm-none-eabi/lib/thumb/v7e-m+fp/hard\libc_nano.a(libc_a-mprec.o)
                0x0000000008010840                __pow5mult
 .text.__lshift
                0x00000000080108f4       0xd8 C:/ST/STM32CubeIDE_1.12.1/STM32CubeIDE/plugins/com.st.stm32cube.ide.mcu.externaltools.gnu-tools-for-stm32.11.3.rel1.win32_1.1.0.202305231506/tools/bin/../lib/gcc/arm-none-eabi/11.3.1/../../../../arm-none-eabi/lib/thumb/v7e-m+fp/hard\libc_nano.a(libc_a-mprec.o)
                0x00000000080108f4                __lshift
 .text.__mcmp   0x00000000080109cc       0x38 C:/ST/STM32CubeIDE_1.12.1/STM32CubeIDE/plugins/com.st.stm32cube.ide.mcu.externaltools.gnu-tools-for-stm32.11.3.rel1.win32_1.1.0.202305231506/tools/bin/../lib/gcc/arm-none-eabi/11.3.1/../../../../arm-none-eabi/lib/thumb/v7e-m+fp/hard\libc_nano.a(libc_a-mprec.o)
                0x00000000080109cc                __mcmp
 .text.__mdiff  0x0000000008010a04      0x114 C:/ST/STM32CubeIDE_1.12.1/STM32CubeIDE/plugins/com.st.stm32cube.ide.mcu.externaltools.gnu-tools-for-stm32.11.3.rel1.win32_1.1.0.202305231506/tools/bin/../lib/gcc/arm-none-eabi/11.3.1/../../../../arm-none-eabi/lib/thumb/v7e-m+fp/hard\libc_nano.a(libc_a-mprec.o)
                0x0000000008010a04                __mdiff
 .text.__d2b    0x0000000008010b18       0xb4 C:/ST/STM32CubeIDE_1.12.1/STM32CubeIDE/plugins/com.st.stm32cube.ide.mcu.externaltools.gnu-tools-for-stm32.11.3.rel1.win32_1.1.0.202305231506/tools/bin/../lib/gcc/arm-none-eabi/11.3.1/../../../../arm-none-eabi/lib/thumb/v7e-m+fp/hard\libc_nano.a(libc_a-mprec.o)
                0x0000000008010b18                __d2b
 .text.__ssputs_r